46.188.47.240 - - [07/Oct/2013:01:26:22 -0400] "GET /x.txt HTTP/1.1" 404 - "-" "Mozilla/4.0 (compatible; MSIE 6.0; Windows NT 5.1; SV1; .NET CLR 2.0.50727)"
95.24.152.180 - - [07/Oct/2013:01:26:22 -0400] "GET /x.txt HTTP/1.1" 404 - "-" "Mozilla/4.0 (compatible; MSIE 6.0; Windows NT 5.1; SV1; .NET CLR 2.0.50727)"
46.188.46.192 - - [07/Oct/2013:01:26:23 -0400] "GET /x.txt HTTP/1.1" 404 - "-" "Mozilla/4.0 (compatible; MSIE 6.0; Windows NT 5.1; SV1; .NET CLR 2.0.50727)"
176.14.119.77 - - [07/Oct/2013:01:26:24 -0400] "GET /x.txt HTTP/1.1" 404 - "-" "Mozilla/4.0 (compatible; MSIE 6.0; Windows NT 5.1; SV1; .NET CLR 2.0.50727)"
91.79.51.51 - - [07/Oct/2013:01:26:24 -0400] "GET /x.txt HTTP/1.1" 404 - "-" "Mozilla/4.0 (compatible; MSIE 6.0; Windows NT 5.1; SV1; .NET CLR 2.0.50727)"
65.36.241.79 - - [07/Oct/2013:01:47:19 -0400] "HEAD / HTTP/1.1" 301 - "-" "InternetSeer.com"
5.10.83.50 - - [07/Oct/2013:01:52:37 -0400] "GET /index2.php?page=shop.recommend&product_id=3&pop=1&tmpl=component&option=com_virtuemart&Itemid=1 HTTP/1.1" 200 1966 "-" "Mozilla/5.0 (compatible; AhrefsBot/5.0; +http://ahrefs.com/robot/)"
123.125.71.89 - - [07/Oct/2013:02:00:05 -0400] "GET / HTTP/1.1" 301 - "-" "Mozilla/5.0 (compatible; Baiduspider/2.0; +http://www.baidu.com/search/spider.html)"
67.222.16.252 - - [07/Oct/2013:02:01:42 -0400] "POST /index.php HTTP/1.1" 404 - "-" "-"
66.249.73.15 - - [07/Oct/2013:02:01:40 -0400] "GET /index.php?page=shop.ask&flypage=vmj_naru.tpl&product_id=9&category_id=2&option=com_virtuemart&Itemid=1 HTTP/1.1" 200 4446 "-" "Mozilla/5.0 (compatible; Googlebot/2.1; +http://www.google.com/bot.html)"
220.181.108.79 - - [07/Oct/2013:02:05:14 -0400] "GET / HTTP/1.1" 301 - "-" "Mozilla/5.0 (compatible; Baiduspider/2.0; +http://www.baidu.com/search/spider.html)"
67.222.16.252 - - [07/Oct/2013:02:10:55 -0400] "POST /index.php HTTP/1.1" 404 - "-" "-"
5.10.83.61 - - [07/Oct/2013:02:10:53 -0400] "GET /power-management/apc-ap7830-metered-rack-pdu/vmj_naru.tpl.html HTTP/1.1" 200 12560 "-" "Mozilla/5.0 (compatible; AhrefsBot/5.0; +http://ahrefs.com/robot/)"
67.222.16.252 - - [07/Oct/2013:02:14:16 -0400] "POST /index.php HTTP/1.1" 404 - "-" "-"
66.249.73.15 - - [07/Oct/2013:02:14:15 -0400] "GET /power-management/apc-ap7830-metered-rack-pdu/vmj_naru.tpl.html HTTP/1.1" 200 12537 "-" "Mozilla/5.0 (compatible; Googlebot/2.1; +http://www.google.com/bot.html)"
66.249.73.15 - - [07/Oct/2013:02:22:17 -0400] "GET /index.php?page=shop.ask&flypage=vmj_naru.tpl&product_id=4&category_id=12&option=com_virtuemart&Itemid=1 HTTP/1.1" 200 4476 "-" "Mozilla/5.0 (compatible; Googlebot/2.1; +http://www.google.com/bot.html)"
67.222.16.252 - - [07/Oct/2013:02:22:18 -0400] "POST /index.php HTTP/1.1" 404 - "-" "-"
85.25.134.59 - - [07/Oct/2013:02:28:28 -0400] "GET /robots.txt HTTP/1.1" 200 304 "http://powerliqui.macinroy.com/powerliquidators.com" "MacInroy Privacy Auditors. See powerliquidators.com's privacy violation report: http://powerliquidators.com.macinroy.com/powerliquidators.com"
85.25.134.59 - - [07/Oct/2013:02:28:29 -0400] "GET / HTTP/1.1" 301 - "http://powerliqui.macinroy.com/powerliquidators.com" "MacInroy Privacy Auditors. See powerliquidators.com's privacy violation report: http://powerliquidators.com.macinroy.com/powerliquidators.com"
85.25.134.59 - - [07/Oct/2013:02:28:31 -0400] "GET / HTTP/1.1" 200 6825 "http://powerliqui.macinroy.com/powerliquidators.com" "MacInroy Privacy Auditors. See powerliquidators.com's privacy violation report: http://powerliquidators.com.macinroy.com/powerliquidators.com"
67.222.16.252 - - [07/Oct/2013:02:28:31 -0400] "POST /index.php HTTP/1.1" 404 - "-" "-"
67.222.16.252 - - [07/Oct/2013:02:32:02 -0400] "POST /index.php HTTP/1.1" 404 - "-" "-"
66.249.73.15 - - [07/Oct/2013:02:32:01 -0400] "GET /power-management/avocent-spc1800-switched-pdu/vmj_naru.tpl.html HTTP/1.1" 200 10124 "-" "Mozilla/5.0 (compatible; Googlebot/2.1; +http://www.google.com/bot.html)"
66.249.73.15 - - [07/Oct/2013:02:41:45 -0400] "GET /cooling/liebert-challenger-bu102c-aae1-5-ton-computer-room-air-condition/vmj_naru.tpl.html HTTP/1.1" 200 6676 "-" "Mozilla/5.0 (compatible; Googlebot/2.1; +http://www.google.com/bot.html)"
67.222.16.252 - - [07/Oct/2013:02:41:45 -0400] "POST /index.php HTTP/1.1" 404 - "-" "-"
199.21.99.121 - - [07/Oct/2013:02:48:02 -0400] "GET /robots.txt HTTP/1.1" 200 304 "-" "Mozilla/5.0 (compatible; YandexBot/3.0; +http://yandex.com/bots)"
199.21.99.121 - - [07/Oct/2013:02:48:02 -0400] "GET /robots.txt HTTP/1.1" 200 304 "-" "Mozilla/5.0 (compatible; YandexBot/3.0; +http://yandex.com/bots)"
67.222.16.252 - - [07/Oct/2013:02:48:04 -0400] "POST /index.php HTTP/1.1" 404 - "-" "-"
199.21.99.121 - - [07/Oct/2013:02:48:04 -0400] "GET / HTTP/1.1" 200 6835 "-" "Mozilla/5.0 (compatible; YandexBot/3.0; +http://yandex.com/bots)"
199.21.99.121 - - [07/Oct/2013:02:48:05 -0400] "GET / HTTP/1.1" 301 - "-" "Mozilla/5.0 (compatible; YandexBot/3.0; +http://yandex.com/bots)"
67.222.16.252 - - [07/Oct/2013:02:48:26 -0400] "POST /index.php HTTP/1.1" 404 - "-" "-"
199.21.99.121 - - [07/Oct/2013:02:48:26 -0400] "GET / HTTP/1.1" 200 6816 "-" "Mozilla/5.0 (compatible; YandexBot/3.0; +http://yandex.com/bots)"
66.249.73.15 - - [07/Oct/2013:02:51:29 -0400] "GET /x.txt HTTP/1.1" 404 - "-" "Mozilla/5.0 (compatible; Googlebot/2.1; +http://www.google.com/bot.html)"
67.222.16.252 - - [07/Oct/2013:02:59:20 -0400] "POST /index.php HTTP/1.1" 404 - "-" "-"
123.125.71.92 - - [07/Oct/2013:02:59:19 -0400] "GET / HTTP/1.1" 200 40279 "-" "Mozilla/5.0 (compatible; Baiduspider/2.0; +http://www.baidu.com/search/spider.html)"
66.249.73.15 - - [07/Oct/2013:03:01:13 -0400] "GET /power-management/avocent-spc1600-switched-pdu/vmj_naru.tpl.html HTTP/1.1" 200 10121 "-" "Mozilla/5.0 (compatible; Googlebot/2.1; +http://www.google.com/bot.html)"
67.222.16.252 - - [07/Oct/2013:03:01:13 -0400] "POST /index.php HTTP/1.1" 404 - "-" "-"
67.222.16.252 - - [07/Oct/2013:03:04:03 -0400] "POST /index.php HTTP/1.1" 404 - "-" "-"
220.181.108.142 - - [07/Oct/2013:03:04:03 -0400] "GET / HTTP/1.1" 200 40279 "-" "Mozilla/5.0 (compatible; Baiduspider/2.0; +http://www.baidu.com/search/spider.html)"
66.249.73.15 - - [07/Oct/2013:03:10:56 -0400] "GET /index.php?page=shop.ask&flypage=vmj_naru.tpl&product_id=1&category_id=1&option=com_virtuemart&Itemid=1 HTTP/1.1" 200 4547 "-" "Mozilla/5.0 (compatible; Googlebot/2.1; +http://www.google.com/bot.html)"
67.222.16.252 - - [07/Oct/2013:03:10:57 -0400] "POST /index.php HTTP/1.1" 404 - "-" "-"
180.76.6.17 - - [07/Oct/2013:03:18:47 -0400] "GET /robots.txt HTTP/1.1" 200 304 "-" "Mozilla/5.0 (Windows NT 5.1; rv:6.0.2) Gecko/20100101 Firefox/6.0.2"
202.46.52.28 - - [07/Oct/2013:03:19:01 -0400] "GET / HTTP/1.1" 301 - "-" "Mozilla/4.0 (compatible; MSIE 7.0; Windows NT 6.0)"
119.63.193.195 - - [07/Oct/2013:03:20:24 -0400] "GET / HTTP/1.1" 301 - "-" "Mozilla/4.0 (compatible; MSIE 7.0; Windows NT 6.0)"
66.249.73.15 - - [07/Oct/2013:03:20:40 -0400] "GET /power-management/hp/compaq-3000-xr-3000va-rack-mountable-ups/vmj_naru.tpl.html?pop=0 HTTP/1.1" 200 7690 "-" "Mozilla/5.0 (compatible; Googlebot/2.1; +http://www.google.com/bot.html)"
67.222.16.252 - - [07/Oct/2013:03:20:40 -0400] "POST /index.php HTTP/1.1" 404 - "-" "-"
66.249.73.15 - - [07/Oct/2013:03:30:24 -0400] "GET /power-management/avocent-spc1800-switched-pdu/vmj_naru.tpl.html?pop=0 HTTP/1.1" 200 10133 "-" "Mozilla/5.0 (compatible; Googlebot/2.1; +http://www.google.com/bot.html)"
67.222.16.252 - - [07/Oct/2013:03:30:24 -0400] "POST /index.php HTTP/1.1" 404 - "-" "-"
66.249.73.15 - - [07/Oct/2013:03:30:25 -0400] "GET /laser-printers/view-all-products.html HTTP/1.1" 200 3923 "-" "Mozilla/5.0 (compatible; Googlebot/2.1; +http://www.google.com/bot.html)"
67.222.16.252 - - [07/Oct/2013:03:30:25 -0400] "POST /index.php HTTP/1.1" 404 - "-" "-"
66.249.73.15 - - [07/Oct/2013:03:40:08 -0400] "GET /index.php?page=shop.ask&flypage=vmj_naru.tpl&product_id=2&category_id=1&option=com_virtuemart&Itemid=1 HTTP/1.1" 200 4507 "-" "Mozilla/5.0 (compatible; Googlebot/2.1; +http://www.google.com/bot.html)"
67.222.16.252 - - [07/Oct/2013:03:40:08 -0400] "POST /index.php HTTP/1.1" 404 - "-" "-"
67.222.16.252 - - [07/Oct/2013:03:45:03 -0400] "POST /index.php HTTP/1.1" 404 - "-" "-"
5.10.83.31 - - [07/Oct/2013:03:45:00 -0400] "GET /about-power-liquidators.html HTTP/1.1" 200 5945 "-" "Mozilla/5.0 (compatible; AhrefsBot/5.0; +http://ahrefs.com/robot/)"
66.249.73.15 - - [07/Oct/2013:03:49:51 -0400] "GET /color-laser-printers/view-all-products.html HTTP/1.1" 200 3857 "-" "Mozilla/5.0 (compatible; Googlebot/2.1; +http://www.google.com/bot.html)"
67.222.16.252 - - [07/Oct/2013:03:49:52 -0400] "POST /index.php HTTP/1.1" 404 - "-" "-"
67.222.16.252 - - [07/Oct/2013:03:58:49 -0400] "POST /index.php HTTP/1.1" 404 - "-" "-"
220.181.108.176 - - [07/Oct/2013:03:58:49 -0400] "GET / HTTP/1.1" 200 40278 "-" "Mozilla/5.0 (compatible; Baiduspider/2.0; +http://www.baidu.com/search/spider.html)"
66.249.73.15 - - [07/Oct/2013:03:59:35 -0400] "GET /routers/view-all-products.html HTTP/1.1" 200 3797 "-" "Mozilla/5.0 (compatible; Googlebot/2.1; +http://www.google.com/bot.html)"
67.222.16.252 - - [07/Oct/2013:03:59:36 -0400] "POST /index.php HTTP/1.1" 404 - "-" "-"
67.222.16.252 - - [07/Oct/2013:04:03:29 -0400] "POST /index.php HTTP/1.1" 404 - "-" "-"
123.125.71.107 - - [07/Oct/2013:04:03:29 -0400] "GET / HTTP/1.1" 200 40279 "-" "Mozilla/5.0 (compatible; Baiduspider/2.0; +http://www.baidu.com/search/spider.html)"
66.249.73.15 - - [07/Oct/2013:04:09:19 -0400] "GET /index.php?page=shop.ask&flypage=vmj_naru.tpl&product_id=7&category_id=1&option=com_virtuemart&Itemid=1 HTTP/1.1" 200 4496 "-" "Mozilla/5.0 (compatible; Googlebot/2.1; +http://www.google.com/bot.html)"
67.222.16.252 - - [07/Oct/2013:04:09:19 -0400] "POST /index.php HTTP/1.1" 404 - "-" "-"
5.10.83.78 - - [07/Oct/2013:04:09:38 -0400] "GET /index.php?page=shop.ask&flypage=vmj_naru.tpl&product_id=6&category_id=1&option=com_virtuemart&Itemid=1 HTTP/1.1" 200 4495 "-" "Mozilla/5.0 (compatible; AhrefsBot/5.0; +http://ahrefs.com/robot/)"
67.222.16.252 - - [07/Oct/2013:04:09:38 -0400] "POST /index.php HTTP/1.1" 404 - "-" "-"
66.249.73.15 - - [07/Oct/2013:04:19:03 -0400] "GET /switches/view-all-products.html HTTP/1.1" 200 6556 "-" "Mozilla/5.0 (compatible; Googlebot/2.1; +http://www.google.com/bot.html)"
67.222.16.252 - - [07/Oct/2013:04:19:03 -0400] "POST /index.php HTTP/1.1" 404 - "-" "-"
66.249.73.15 - - [07/Oct/2013:04:28:47 -0400] "GET /power-management/apc-ap7864-metered-rack-pdu/vmj_naru.tpl.html HTTP/1.1" 200 9302 "-" "Mozilla/5.0 (compatible; Googlebot/2.1; +http://www.google.com/bot.html)"
67.222.16.252 - - [07/Oct/2013:04:28:47 -0400] "POST /index.php HTTP/1.1" 404 - "-" "-"
67.222.16.252 - - [07/Oct/2013:04:38:31 -0400] "POST /index.php HTTP/1.1" 404 - "-" "-"
66.249.73.15 - - [07/Oct/2013:04:38:30 -0400] "GET /multifunction-devices/view-all-products.html HTTP/1.1" 200 3882 "-" "Mozilla/5.0 (compatible; Googlebot/2.1; +http://www.google.com/bot.html)"
5.10.83.18 - - [07/Oct/2013:04:41:00 -0400] "GET /index.php?page=shop.ask&flypage=vmj_naru.tpl&product_id=3&category_id=12&option=com_virtuemart&Itemid=1 HTTP/1.1" 200 4502 "-" "Mozilla/5.0 (compatible; AhrefsBot/5.0; +http://ahrefs.com/robot/)"
67.222.16.252 - - [07/Oct/2013:04:41:00 -0400] "POST /index.php HTTP/1.1" 404 - "-" "-"
66.249.73.15 - - [07/Oct/2013:04:48:14 -0400] "GET /other/view-all-products.html HTTP/1.1" 200 3879 "-" "Mozilla/5.0 (compatible; Googlebot/2.1; +http://www.google.com/bot.html)"
67.222.16.252 - - [07/Oct/2013:04:48:15 -0400] "POST /index.php HTTP/1.1" 404 - "-" "-"
67.222.16.252 - - [07/Oct/2013:04:55:16 -0400] "POST /index.php HTTP/1.1" 404 - "-" "-"
123.125.71.116 - - [07/Oct/2013:04:55:16 -0400] "GET / HTTP/1.1" 200 40279 "-" "Mozilla/5.0 (compatible; Baiduspider/2.0; +http://www.baidu.com/search/spider.html)"
67.222.16.252 - - [07/Oct/2013:04:55:49 -0400] "POST /index.php HTTP/1.1" 404 - "-" "-"
66.249.73.15 - - [07/Oct/2013:04:55:49 -0400] "GET /uninterruptible-power-supplies-ups/view-all-products.html HTTP/1.1" 200 6744 "-" "Mozilla/5.0 (compatible; Googlebot/2.1; +http://www.google.com/bot.html)"
66.249.73.15 - - [07/Oct/2013:04:56:00 -0400] "GET /power-management/apc-ap7864-metered-rack-pdu/vmj_naru.tpl.html?pop=0 HTTP/1.1" 200 9311 "-" "Mozilla/5.0 (compatible; Googlebot/2.1; +http://www.google.com/bot.html)"
67.222.16.252 - - [07/Oct/2013:04:56:01 -0400] "POST /index.php HTTP/1.1" 404 - "-" "-"
67.222.16.252 - - [07/Oct/2013:04:57:53 -0400] "POST /index.php HTTP/1.1" 404 - "-" "-"
220.181.108.183 - - [07/Oct/2013:04:57:52 -0400] "GET / HTTP/1.1" 200 40278 "-" "Mozilla/5.0 (compatible; Baiduspider/2.0; +http://www.baidu.com/search/spider.html)"
66.249.73.15 - - [07/Oct/2013:04:57:58 -0400] "GET /parameters-search.html HTTP/1.1" 200 3919 "-" "Mozilla/5.0 (compatible; Googlebot/2.1; +http://www.google.com/bot.html)"
67.222.16.252 - - [07/Oct/2013:04:57:58 -0400] "POST /index.php HTTP/1.1" 404 - "-" "-"
66.249.73.15 - - [07/Oct/2013:05:03:24 -0400] "GET /index.php?option=com_virtuemart&page=shop.feed&category_id=11 HTTP/1.1" 200 3152 "-" "Mozilla/5.0 (compatible; Googlebot/2.1; +http://www.google.com/bot.html)"
64.142.8.162 - - [07/Oct/2013:05:06:20 -0400] "GET /tripp-lite/view-all-products.html//administrator/components/com_redmystic/chart/ofc-library/ofc_upload_image.php?name=html.php HTTP/1.1" 404 16490 "-" "Mozilla/5.0 (Windows; U; Windows NT 5.1; en-US; rv:1.9.2) Gecko/20100115 Firefox/3.6"
67.222.16.252 - - [07/Oct/2013:05:06:21 -0400] "POST /index.php HTTP/1.1" 404 - "-" "-"
67.222.16.252 - - [07/Oct/2013:05:06:21 -0400] "POST /index.php HTTP/1.1" 404 - "-" "-"
64.142.8.162 - - [07/Oct/2013:05:06:21 -0400] "GET /tripp-lite/view-all-products.html//administrator/components/com_redmystic/chart/ofc-library/ofc_upload_image.php?name=ulet.php HTTP/1.1" 404 16491 "-" "Mozilla/5.0 (Windows; U; Windows NT 5.1; en-US; rv:1.9.2) Gecko/20100115 Firefox/3.6"
64.142.8.162 - - [07/Oct/2013:05:06:22 -0400] "GET //administrator/components/com_redmystic/chart/ofc-library/ofc_upload_image.php?name=html.php HTTP/1.1" 404 16983 "-" "Mozilla/5.0 (Windows; U; Windows NT 5.1; en-US; rv:1.9.2) Gecko/20100115 Firefox/3.6"
67.222.16.252 - - [07/Oct/2013:05:06:22 -0400] "POST /index.php HTTP/1.1" 404 - "-" "-"
67.222.16.252 - - [07/Oct/2013:05:06:23 -0400] "POST /index.php HTTP/1.1" 404 - "-" "-"
64.142.8.162 - - [07/Oct/2013:05:06:23 -0400] "GET //administrator/components/com_redmystic/chart/ofc-library/ofc_upload_image.php?name=ulet.php HTTP/1.1" 404 16983 "-" "Mozilla/5.0 (Windows; U; Windows NT 5.1; en-US; rv:1.9.2) Gecko/20100115 Firefox/3.6"
64.142.8.162 - - [07/Oct/2013:05:06:23 -0400] "GET /tripp-lite//administrator/components/com_redmystic/chart/ofc-library/ofc_upload_image.php?name=html.php HTTP/1.1" 404 16932 "-" "Mozilla/5.0 (Windows; U; Windows NT 5.1; en-US; rv:1.9.2) Gecko/20100115 Firefox/3.6"
67.222.16.252 - - [07/Oct/2013:05:06:24 -0400] "POST /index.php HTTP/1.1" 404 - "-" "-"
64.142.8.162 - - [07/Oct/2013:05:06:24 -0400] "GET /tripp-lite//administrator/components/com_redmystic/chart/ofc-library/ofc_upload_image.php?name=ulet.php HTTP/1.1" 404 16932 "-" "Mozilla/5.0 (Windows; U; Windows NT 5.1; en-US; rv:1.9.2) Gecko/20100115 Firefox/3.6"
67.222.16.252 - - [07/Oct/2013:05:06:24 -0400] "POST /index.php HTTP/1.1" 404 - "-" "-"
64.142.8.162 - - [07/Oct/2013:05:06:25 -0400] "GET /contact-us/sales-manager.html//administrator/components/com_redmystic/chart/ofc-library/ofc_upload_image.php?name=html.php HTTP/1.1" 404 16900 "-" "Mozilla/5.0 (Windows; U; Windows NT 5.1; en-US; rv:1.9.2) Gecko/20100115 Firefox/3.6"
67.222.16.252 - - [07/Oct/2013:05:06:25 -0400] "POST /index.php HTTP/1.1" 404 - "-" "-"
67.222.16.252 - - [07/Oct/2013:05:06:26 -0400] "POST /index.php HTTP/1.1" 404 - "-" "-"
64.142.8.162 - - [07/Oct/2013:05:06:25 -0400] "GET /contact-us/sales-manager.html//administrator/components/com_redmystic/chart/ofc-library/ofc_upload_image.php?name=ulet.php HTTP/1.1" 404 16900 "-" "Mozilla/5.0 (Windows; U; Windows NT 5.1; en-US; rv:1.9.2) Gecko/20100115 Firefox/3.6"
67.222.16.252 - - [07/Oct/2013:05:06:26 -0400] "POST /index.php HTTP/1.1" 404 - "-" "-"
64.142.8.162 - - [07/Oct/2013:05:06:26 -0400] "GET /contact-us//administrator/components/com_redmystic/chart/ofc-library/ofc_upload_image.php?name=html.php HTTP/1.1" 404 16920 "-" "Mozilla/5.0 (Windows; U; Windows NT 5.1; en-US; rv:1.9.2) Gecko/20100115 Firefox/3.6"
67.222.16.252 - - [07/Oct/2013:05:06:27 -0400] "POST /index.php HTTP/1.1" 404 - "-" "-"
64.142.8.162 - - [07/Oct/2013:05:06:27 -0400] "GET /contact-us//administrator/components/com_redmystic/chart/ofc-library/ofc_upload_image.php?name=ulet.php HTTP/1.1" 404 16920 "-" "Mozilla/5.0 (Windows; U; Windows NT 5.1; en-US; rv:1.9.2) Gecko/20100115 Firefox/3.6"
66.249.73.15 - - [07/Oct/2013:05:07:42 -0400] "GET /networking/3com-switch-7700-8-port-1000base-x-mfr-p/n-3c16858/vmj_naru.tpl.html?pop=0 HTTP/1.1" 200 8012 "-" "Mozilla/5.0 (compatible; Googlebot/2.1; +http://www.google.com/bot.html)"
67.222.16.252 - - [07/Oct/2013:05:07:42 -0400] "POST /index.php HTTP/1.1" 404 - "-" "-"
202.46.51.45 - - [07/Oct/2013:05:17:24 -0400] "GET / HTTP/1.1" 301 - "-" "Mozilla/4.0 (compatible; MSIE 7.0; Windows NT 6.0)"
66.249.73.15 - - [07/Oct/2013:05:17:26 -0400] "GET /ink-jet-printers/view-all-products.html HTTP/1.1" 200 3890 "-" "Mozilla/5.0 (compatible; Googlebot/2.1; +http://www.google.com/bot.html)"
67.222.16.252 - - [07/Oct/2013:05:17:26 -0400] "POST /index.php HTTP/1.1" 404 - "-" "-"
119.63.193.131 - - [07/Oct/2013:05:18:44 -0400] "GET / HTTP/1.1" 301 - "-" "Mozilla/4.0 (compatible; MSIE 7.0; Windows NT 6.0)"
5.10.83.18 - - [07/Oct/2013:05:25:18 -0400] "GET /networking/3com-3c16857-switch-7700-64gbps-fabric-modulethe-switch-fabric/vmj_naru.tpl.html?pop=0 HTTP/1.1" 200 7790 "-" "Mozilla/5.0 (compatible; AhrefsBot/5.0; +http://ahrefs.com/robot/)"
67.222.16.252 - - [07/Oct/2013:05:25:21 -0400] "POST /index.php HTTP/1.1" 404 - "-" "-"
67.222.16.252 - - [07/Oct/2013:05:27:10 -0400] "POST /index.php HTTP/1.1" 404 - "-" "-"
66.249.73.15 - - [07/Oct/2013:05:27:09 -0400] "GET /index.php?orderby=product_name&DescOrderBy=DESC HTTP/1.1" 200 6868 "-" "Mozilla/5.0 (compatible; Googlebot/2.1; +http://www.google.com/bot.html)"
67.222.16.252 - - [07/Oct/2013:05:27:41 -0400] "POST /index.php HTTP/1.1" 404 - "-" "-"
5.10.83.18 - - [07/Oct/2013:05:27:40 -0400] "GET /apc/view-all-products.html HTTP/1.1" 200 8591 "-" "Mozilla/5.0 (compatible; AhrefsBot/5.0; +http://ahrefs.com/robot/)"
67.222.16.252 - - [07/Oct/2013:05:32:32 -0400] "POST /index.php HTTP/1.1" 404 - "-" "-"
64.142.8.162 - - [07/Oct/2013:05:32:32 -0400] "GET /tripp-lite/view-all-products.html//administrator/components/com_redmystic/chart/ofc-library/ofc_upload_image.php?name=html.php HTTP/1.1" 404 16490 "-" "Mozilla/5.0 (Windows; U; Windows NT 5.1; en-US; rv:1.9.2) Gecko/20100115 Firefox/3.6"
64.142.8.162 - - [07/Oct/2013:05:32:33 -0400] "GET /tripp-lite/view-all-products.html//administrator/components/com_redmystic/chart/ofc-library/ofc_upload_image.php?name=ulet.php HTTP/1.1" 404 16490 "-" "Mozilla/5.0 (Windows; U; Windows NT 5.1; en-US; rv:1.9.2) Gecko/20100115 Firefox/3.6"
67.222.16.252 - - [07/Oct/2013:05:32:33 -0400] "POST /index.php HTTP/1.1" 404 - "-" "-"
67.222.16.252 - - [07/Oct/2013:05:32:33 -0400] "POST /index.php HTTP/1.1" 404 - "-" "-"
64.142.8.162 - - [07/Oct/2013:05:32:33 -0400] "GET //administrator/components/com_redmystic/chart/ofc-library/ofc_upload_image.php?name=html.php HTTP/1.1" 404 16983 "-" "Mozilla/5.0 (Windows; U; Windows NT 5.1; en-US; rv:1.9.2) Gecko/20100115 Firefox/3.6"
67.222.16.252 - - [07/Oct/2013:05:32:34 -0400] "POST /index.php HTTP/1.1" 404 - "-" "-"
64.142.8.162 - - [07/Oct/2013:05:32:34 -0400] "GET //administrator/components/com_redmystic/chart/ofc-library/ofc_upload_image.php?name=ulet.php HTTP/1.1" 404 16983 "-" "Mozilla/5.0 (Windows; U; Windows NT 5.1; en-US; rv:1.9.2) Gecko/20100115 Firefox/3.6"
64.142.8.162 - - [07/Oct/2013:05:32:34 -0400] "GET /tripp-lite//administrator/components/com_redmystic/chart/ofc-library/ofc_upload_image.php?name=html.php HTTP/1.1" 404 16932 "-" "Mozilla/5.0 (Windows; U; Windows NT 5.1; en-US; rv:1.9.2) Gecko/20100115 Firefox/3.6"
67.222.16.252 - - [07/Oct/2013:05:32:35 -0400] "POST /index.php HTTP/1.1" 404 - "-" "-"
67.222.16.252 - - [07/Oct/2013:05:32:35 -0400] "POST /index.php HTTP/1.1" 404 - "-" "-"
64.142.8.162 - - [07/Oct/2013:05:32:35 -0400] "GET /tripp-lite//administrator/components/com_redmystic/chart/ofc-library/ofc_upload_image.php?name=ulet.php HTTP/1.1" 404 16932 "-" "Mozilla/5.0 (Windows; U; Windows NT 5.1; en-US; rv:1.9.2) Gecko/20100115 Firefox/3.6"
64.142.8.162 - - [07/Oct/2013:05:32:36 -0400] "GET /contact-us/sales-manager.html//administrator/components/com_redmystic/chart/ofc-library/ofc_upload_image.php?name=html.php HTTP/1.1" 404 16900 "-" "Mozilla/5.0 (Windows; U; Windows NT 5.1; en-US; rv:1.9.2) Gecko/20100115 Firefox/3.6"
67.222.16.252 - - [07/Oct/2013:05:32:37 -0400] "POST /index.php HTTP/1.1" 404 - "-" "-"
64.142.8.162 - - [07/Oct/2013:05:32:37 -0400] "GET /contact-us/sales-manager.html//administrator/components/com_redmystic/chart/ofc-library/ofc_upload_image.php?name=ulet.php HTTP/1.1" 404 16900 "-" "Mozilla/5.0 (Windows; U; Windows NT 5.1; en-US; rv:1.9.2) Gecko/20100115 Firefox/3.6"
67.222.16.252 - - [07/Oct/2013:05:32:37 -0400] "POST /index.php HTTP/1.1" 404 - "-" "-"
67.222.16.252 - - [07/Oct/2013:05:32:38 -0400] "POST /index.php HTTP/1.1" 404 - "-" "-"
64.142.8.162 - - [07/Oct/2013:05:32:37 -0400] "GET /contact-us//administrator/components/com_redmystic/chart/ofc-library/ofc_upload_image.php?name=html.php HTTP/1.1" 404 16920 "-" "Mozilla/5.0 (Windows; U; Windows NT 5.1; en-US; rv:1.9.2) Gecko/20100115 Firefox/3.6"
64.142.8.162 - - [07/Oct/2013:05:32:38 -0400] "GET /contact-us//administrator/components/com_redmystic/chart/ofc-library/ofc_upload_image.php?name=ulet.php HTTP/1.1" 404 16920 "-" "Mozilla/5.0 (Windows; U; Windows NT 5.1; en-US; rv:1.9.2) Gecko/20100115 Firefox/3.6"
67.222.16.252 - - [07/Oct/2013:05:32:38 -0400] "POST /index.php HTTP/1.1" 404 - "-" "-"
66.249.73.15 - - [07/Oct/2013:05:36:53 -0400] "GET /index.php?page=shop.ask&flypage=vmj_naru.tpl&product_id=3&category_id=12&option=com_virtuemart&Itemid=1 HTTP/1.1" 200 4502 "-" "Mozilla/5.0 (compatible; Googlebot/2.1; +http://www.google.com/bot.html)"
67.222.16.252 - - [07/Oct/2013:05:36:53 -0400] "POST /index.php HTTP/1.1" 404 - "-" "-"
66.249.73.15 - - [07/Oct/2013:05:46:37 -0400] "GET /index.php?page=shop.ask&flypage=vmj_naru.tpl&product_id=3&category_id=1&option=com_virtuemart&Itemid=1 HTTP/1.1" 200 4522 "-" "Mozilla/5.0 (compatible; Googlebot/2.1; +http://www.google.com/bot.html)"
67.222.16.252 - - [07/Oct/2013:05:46:37 -0400] "POST /index.php HTTP/1.1" 404 - "-" "-"
123.125.71.86 - - [07/Oct/2013:06:04:35 -0400] "GET / HTTP/1.1" 301 - "-" "Mozilla/5.0 (compatible; Baiduspider/2.0; +http://www.baidu.com/search/spider.html)"
66.249.73.15 - - [07/Oct/2013:06:06:05 -0400] "GET /networking/3com-3c16857-switch-7700-64gbps-fabric-modulethe-switch-fabric/vmj_naru.tpl.html?pop=0 HTTP/1.1" 200 7762 "-" "Mozilla/5.0 (compatible; Googlebot/2.1; +http://www.google.com/bot.html)"
67.222.16.252 - - [07/Oct/2013:06:06:05 -0400] "POST /index.php HTTP/1.1" 404 - "-" "-"
220.181.108.184 - - [07/Oct/2013:06:07:47 -0400] "GET / HTTP/1.1" 301 - "-" "Mozilla/5.0 (compatible; Baiduspider/2.0; +http://www.baidu.com/search/spider.html)"
67.222.16.252 - - [07/Oct/2013:06:15:49 -0400] "POST /index.php HTTP/1.1" 404 - "-" "-"
66.249.73.15 - - [07/Oct/2013:06:15:48 -0400] "GET /power-management/apc-ap7862-metered-rack-pdu/vmj_naru.tpl.html HTTP/1.1" 200 13084 "-" "Mozilla/5.0 (compatible; Googlebot/2.1; +http://www.google.com/bot.html)"
66.249.73.15 - - [07/Oct/2013:06:25:32 -0400] "GET /index.php?page=shop.ask&flypage=vmj_naru.tpl&product_id=12&category_id=1&option=com_virtuemart&Itemid=1 HTTP/1.1" 200 4513 "-" "Mozilla/5.0 (compatible; Googlebot/2.1; +http://www.google.com/bot.html)"
67.222.16.252 - - [07/Oct/2013:06:25:32 -0400] "POST /index.php HTTP/1.1" 404 - "-" "-"
66.249.73.15 - - [07/Oct/2013:06:35:16 -0400] "GET /index.php?page=shop.ask&flypage=vmj_naru.tpl&product_id=5&category_id=1&option=com_virtuemart&Itemid=1 HTTP/1.1" 200 4495 "-" "Mozilla/5.0 (compatible; Googlebot/2.1; +http://www.google.com/bot.html)"
67.222.16.252 - - [07/Oct/2013:06:35:16 -0400] "POST /index.php HTTP/1.1" 404 - "-" "-"
66.249.73.15 - - [07/Oct/2013:06:45:00 -0400] "GET /cooling/liebert-challenger-bu102c-aae1-5-ton-computer-room-air-condition/vmj_naru.tpl.html?pop=0 HTTP/1.1" 200 6688 "-" "Mozilla/5.0 (compatible; Googlebot/2.1; +http://www.google.com/bot.html)"
67.222.16.252 - - [07/Oct/2013:06:45:00 -0400] "POST /index.php HTTP/1.1" 404 - "-" "-"
67.222.16.252 - - [07/Oct/2013:06:48:51 -0400] "POST /index.php HTTP/1.1" 404 - "-" "-"
202.46.60.64 - - [07/Oct/2013:06:48:51 -0400] "GET / HTTP/1.1" 200 40278 "-" "Mozilla/4.0 (compatible; MSIE 7.0; Windows NT 6.0)"
67.222.16.252 - - [07/Oct/2013:06:49:09 -0400] "POST /index.php HTTP/1.1" 404 - "-" "-"
119.63.193.132 - - [07/Oct/2013:06:49:09 -0400] "GET / HTTP/1.1" 200 40278 "-" "Mozilla/4.0 (compatible; MSIE 7.0; Windows NT 6.0)"
67.222.16.252 - - [07/Oct/2013:06:52:29 -0400] "POST /index.php HTTP/1.1" 404 - "-" "-"
5.10.83.50 - - [07/Oct/2013:06:52:29 -0400] "GET /home.html HTTP/1.1" 200 6841 "-" "Mozilla/5.0 (compatible; AhrefsBot/5.0; +http://ahrefs.com/robot/)"
66.249.73.15 - - [07/Oct/2013:06:54:43 -0400] "GET /power-management/apc-smart-ups-750va-usb-serial-ups-ac-120-v-500-watt-7/vmj_naru.tpl.html?pop=0 HTTP/1.1" 200 8532 "-" "Mozilla/5.0 (compatible; Googlebot/2.1; +http://www.google.com/bot.html)"
67.222.16.252 - - [07/Oct/2013:06:54:44 -0400] "POST /index.php HTTP/1.1" 404 - "-" "-"
67.222.16.252 - - [07/Oct/2013:07:04:28 -0400] "POST /index.php HTTP/1.1" 404 - "-" "-"
66.249.73.15 - - [07/Oct/2013:07:04:27 -0400] "GET /power-management/apc-ap7830-metered-rack-pdu/vmj_naru.tpl.html?pop=0 HTTP/1.1" 200 12550 "-" "Mozilla/5.0 (compatible; Googlebot/2.1; +http://www.google.com/bot.html)"
66.249.73.15 - - [07/Oct/2013:07:10:18 -0400] "GET /networking/3com-3c16857-switch-7700-64gbps-fabric-modulethe-switch-fabric/vmj_naru.tpl.html HTTP/1.1" 200 7750 "-" "Mozilla/5.0 (iPhone; U; CPU iPhone OS 4_1 like Mac OS X; en-us) AppleWebKit/532.9 (KHTML, like Gecko) Version/4.0.5 Mobile/8B117 Safari/6531.22.7 (compatible; Googlebot-Mobile/2.1; +http://www.google.com/bot.html)"
67.222.16.252 - - [07/Oct/2013:07:10:19 -0400] "POST /index.php HTTP/1.1" 404 - "-" "-"
67.222.16.252 - - [07/Oct/2013:07:11:27 -0400] "POST /index.php HTTP/1.1" 404 - "-" "-"
220.181.108.185 - - [07/Oct/2013:07:11:26 -0400] "GET / HTTP/1.1" 200 40278 "-" "Mozilla/5.0 (compatible; Baiduspider/2.0; +http://www.baidu.com/search/spider.html)"
67.222.16.252 - - [07/Oct/2013:07:11:54 -0400] "POST /index.php HTTP/1.1" 404 - "-" "-"
123.125.71.96 - - [07/Oct/2013:07:11:54 -0400] "GET / HTTP/1.1" 200 40278 "-" "Mozilla/5.0 (compatible; Baiduspider/2.0; +http://www.baidu.com/search/spider.html)"
66.249.73.15 - - [07/Oct/2013:07:14:11 -0400] "GET /index.php?page=shop.ask&flypage=vmj_naru.tpl&product_id=8&category_id=2&option=com_virtuemart&Itemid=1 HTTP/1.1" 200 4438 "-" "Mozilla/5.0 (compatible; Googlebot/2.1; +http://www.google.com/bot.html)"
67.222.16.252 - - [07/Oct/2013:07:14:11 -0400] "POST /index.php HTTP/1.1" 404 - "-" "-"
67.222.16.252 - - [07/Oct/2013:07:23:56 -0400] "POST /index.php HTTP/1.1" 404 - "-" "-"
66.249.73.15 - - [07/Oct/2013:07:23:55 -0400] "GET /networking/3com-3c16857-switch-7700-64gbps-fabric-module/vmj_naru.tpl.html HTTP/1.1" 200 7684 "-" "Mozilla/5.0 (compatible; Googlebot/2.1; +http://www.google.com/bot.html)"
5.10.83.31 - - [07/Oct/2013:07:56:53 -0400] "GET /index2.php?page=shop.recommend&product_id=5&pop=1&tmpl=component&option=com_virtuemart&Itemid=1 HTTP/1.1" 200 1967 "-" "Mozilla/5.0 (compatible; AhrefsBot/5.0; +http://ahrefs.com/robot/)"
67.222.16.252 - - [07/Oct/2013:07:59:20 -0400] "POST /index.php HTTP/1.1" 404 - "-" "-"
5.10.83.18 - - [07/Oct/2013:07:59:19 -0400] "GET /hewlett-packard/view-all-products.html HTTP/1.1" 200 7153 "-" "Mozilla/5.0 (compatible; AhrefsBot/5.0; +http://ahrefs.com/robot/)"
67.222.16.252 - - [07/Oct/2013:08:03:36 -0400] "POST /index.php HTTP/1.1" 404 - "-" "-"
220.181.108.153 - - [07/Oct/2013:08:03:35 -0400] "GET / HTTP/1.1" 200 40278 "-" "Mozilla/5.0 (compatible; Baiduspider/2.0; +http://www.baidu.com/search/spider.html)"
65.36.241.79 - - [07/Oct/2013:08:04:21 -0400] "HEAD / HTTP/1.1" 301 - "-" "InternetSeer.com"
67.222.16.252 - - [07/Oct/2013:08:43:51 -0400] "POST /index.php HTTP/1.1" 404 - "-" "-"
80.65.162.198 - - [07/Oct/2013:08:43:49 -0400] "GET /tripp-lite/view-all-products.html//administrator/components/com_redmystic/chart/ofc-library/ofc_upload_image.php?name=html.php HTTP/1.1" 404 16491 "-" "Mozilla/5.0 (Windows; U; Windows NT 5.1; en-US; rv:1.9.2) Gecko/20100115 Firefox/3.6"
67.222.16.252 - - [07/Oct/2013:08:43:52 -0400] "POST /index.php HTTP/1.1" 404 - "-" "-"
80.65.162.198 - - [07/Oct/2013:08:43:52 -0400] "GET /tripp-lite/view-all-products.html//administrator/components/com_redmystic/chart/ofc-library/ofc_upload_image.php?name=ulet.php HTTP/1.1" 404 16490 "-" "Mozilla/5.0 (Windows; U; Windows NT 5.1; en-US; rv:1.9.2) Gecko/20100115 Firefox/3.6"
67.222.16.252 - - [07/Oct/2013:08:43:54 -0400] "POST /index.php HTTP/1.1" 404 - "-" "-"
80.65.162.198 - - [07/Oct/2013:08:43:53 -0400] "GET //administrator/components/com_redmystic/chart/ofc-library/ofc_upload_image.php?name=html.php HTTP/1.1" 404 16983 "-" "Mozilla/5.0 (Windows; U; Windows NT 5.1; en-US; rv:1.9.2) Gecko/20100115 Firefox/3.6"
67.222.16.252 - - [07/Oct/2013:08:43:55 -0400] "POST /index.php HTTP/1.1" 404 - "-" "-"
80.65.162.198 - - [07/Oct/2013:08:43:55 -0400] "GET //administrator/components/com_redmystic/chart/ofc-library/ofc_upload_image.php?name=ulet.php HTTP/1.1" 404 16983 "-" "Mozilla/5.0 (Windows; U; Windows NT 5.1; en-US; rv:1.9.2) Gecko/20100115 Firefox/3.6"
67.222.16.252 - - [07/Oct/2013:08:43:56 -0400] "POST /index.php HTTP/1.1" 404 - "-" "-"
80.65.162.198 - - [07/Oct/2013:08:43:56 -0400] "GET /tripp-lite//administrator/components/com_redmystic/chart/ofc-library/ofc_upload_image.php?name=html.php HTTP/1.1" 404 16932 "-" "Mozilla/5.0 (Windows; U; Windows NT 5.1; en-US; rv:1.9.2) Gecko/20100115 Firefox/3.6"
67.222.16.252 - - [07/Oct/2013:08:43:58 -0400] "POST /index.php HTTP/1.1" 404 - "-" "-"
80.65.162.198 - - [07/Oct/2013:08:43:57 -0400] "GET /tripp-lite//administrator/components/com_redmystic/chart/ofc-library/ofc_upload_image.php?name=ulet.php HTTP/1.1" 404 16932 "-" "Mozilla/5.0 (Windows; U; Windows NT 5.1; en-US; rv:1.9.2) Gecko/20100115 Firefox/3.6"
67.222.16.252 - - [07/Oct/2013:08:44:17 -0400] "POST /index.php HTTP/1.1" 404 - "-" "-"
80.65.162.198 - - [07/Oct/2013:08:44:17 -0400] "GET /contact-us/sales-manager.html//administrator/components/com_redmystic/chart/ofc-library/ofc_upload_image.php?name=html.php HTTP/1.1" 404 16900 "-" "Mozilla/5.0 (Windows; U; Windows NT 5.1; en-US; rv:1.9.2) Gecko/20100115 Firefox/3.6"
67.222.16.252 - - [07/Oct/2013:08:44:19 -0400] "POST /index.php HTTP/1.1" 404 - "-" "-"
80.65.162.198 - - [07/Oct/2013:08:44:18 -0400] "GET /contact-us/sales-manager.html//administrator/components/com_redmystic/chart/ofc-library/ofc_upload_image.php?name=ulet.php HTTP/1.1" 404 16900 "-" "Mozilla/5.0 (Windows; U; Windows NT 5.1; en-US; rv:1.9.2) Gecko/20100115 Firefox/3.6"
67.222.16.252 - - [07/Oct/2013:08:44:20 -0400] "POST /index.php HTTP/1.1" 404 - "-" "-"
80.65.162.198 - - [07/Oct/2013:08:44:20 -0400] "GET /contact-us//administrator/components/com_redmystic/chart/ofc-library/ofc_upload_image.php?name=html.php HTTP/1.1" 404 16920 "-" "Mozilla/5.0 (Windows; U; Windows NT 5.1; en-US; rv:1.9.2) Gecko/20100115 Firefox/3.6"
67.222.16.252 - - [07/Oct/2013:08:44:21 -0400] "POST /index.php HTTP/1.1" 404 - "-" "-"
80.65.162.198 - - [07/Oct/2013:08:44:21 -0400] "GET /contact-us//administrator/components/com_redmystic/chart/ofc-library/ofc_upload_image.php?name=ulet.php HTTP/1.1" 404 16920 "-" "Mozilla/5.0 (Windows; U; Windows NT 5.1; en-US; rv:1.9.2) Gecko/20100115 Firefox/3.6"
94.73.150.160 - - [07/Oct/2013:08:49:06 -0400] "POST /index.php?option=com_jce&task=plugin&plugin=imgmanager&file=imgmanager&version=1576&cid=20 HTTP/1.1" 404 1390 "-" "-"
5.10.83.18 - - [07/Oct/2013:08:59:26 -0400] "GET /toppan/view-all-products.html HTTP/1.1" 200 3729 "-" "Mozilla/5.0 (compatible; AhrefsBot/5.0; +http://ahrefs.com/robot/)"
67.222.16.252 - - [07/Oct/2013:08:59:26 -0400] "POST /index.php HTTP/1.1" 404 - "-" "-"
67.222.16.252 - - [07/Oct/2013:09:06:22 -0400] "POST /index.php HTTP/1.1" 404 - "-" "-"
220.181.108.157 - - [07/Oct/2013:09:06:22 -0400] "GET / HTTP/1.1" 200 40279 "-" "Mozilla/5.0 (compatible; Baiduspider/2.0; +http://www.baidu.com/search/spider.html)"
67.222.16.252 - - [07/Oct/2013:09:18:20 -0400] "POST /index.php HTTP/1.1" 404 - "-" "-"
202.46.49.13 - - [07/Oct/2013:09:20:29 -0400] "GET / HTTP/1.1" 301 - "-" "Mozilla/4.0 (compatible; MSIE 7.0; Windows NT 6.0)"
119.63.193.194 - - [07/Oct/2013:09:21:52 -0400] "GET / HTTP/1.1" 301 - "-" "Mozilla/4.0 (compatible; MSIE 7.0; Windows NT 6.0)"
123.125.71.100 - - [07/Oct/2013:09:18:20 -0400] "GET / HTTP/1.1" 200 40279 "-" "Mozilla/5.0 (compatible; Baiduspider/2.0; +http://www.baidu.com/search/spider.html)"
180.76.5.154 - - [07/Oct/2013:09:28:40 -0400] "GET /printers/view-all-products.html HTTP/1.1" 200 3861 "-" "Mozilla/5.0 (compatible; Baiduspider/2.0; +http://www.baidu.com/search/spider.html)"
67.222.16.252 - - [07/Oct/2013:09:28:40 -0400] "POST /index.php HTTP/1.1" 404 - "-" "-"
157.56.93.148 - - [07/Oct/2013:09:48:38 -0400] "GET /robots.txt HTTP/1.1" 200 304 "-" "Mozilla/5.0 (compatible; bingbot/2.0; +http://www.bing.com/bingbot.htm)"
67.222.16.252 - - [07/Oct/2013:09:58:42 -0400] "POST /index.php HTTP/1.1" 404 - "-" "-"
157.56.93.148 - - [07/Oct/2013:09:58:42 -0400] "GET / HTTP/1.1" 200 6827 "-" "Mozilla/5.0 (compatible; bingbot/2.0; +http://www.bing.com/bingbot.htm)"
5.10.83.61 - - [07/Oct/2013:10:01:21 -0400] "GET /index.php?page=shop.ask&flypage=vmj_naru.tpl&product_id=9&category_id=2&option=com_virtuemart&Itemid=1 HTTP/1.1" 200 4445 "-" "Mozilla/5.0 (compatible; AhrefsBot/5.0; +http://ahrefs.com/robot/)"
67.222.16.252 - - [07/Oct/2013:10:01:21 -0400] "POST /index.php HTTP/1.1" 404 - "-" "-"
67.222.16.252 - - [07/Oct/2013:10:02:40 -0400] "POST /index.php HTTP/1.1" 404 - "-" "-"
220.181.108.168 - - [07/Oct/2013:10:02:40 -0400] "GET / HTTP/1.1" 200 40278 "-" "Mozilla/5.0 (compatible; Baiduspider/2.0; +http://www.baidu.com/search/spider.html)"
67.222.16.252 - - [07/Oct/2013:10:03:10 -0400] "POST /index.php HTTP/1.1" 404 - "-" "-"
123.125.71.88 - - [07/Oct/2013:10:03:10 -0400] "GET / HTTP/1.1" 200 40278 "-" "Mozilla/5.0 (compatible; Baiduspider/2.0; +http://www.baidu.com/search/spider.html)"
67.222.16.252 - - [07/Oct/2013:10:16:55 -0400] "POST /index.php HTTP/1.1" 404 - "-" "-"
5.10.83.21 - - [07/Oct/2013:10:16:55 -0400] "GET /laser-printers/view-all-products.html HTTP/1.1" 200 3937 "-" "Mozilla/5.0 (compatible; AhrefsBot/5.0; +http://ahrefs.com/robot/)"
188.208.33.18 - - [07/Oct/2013:10:44:26 -0400] "GET /index.php?option=com_user&task=activate&activation=36d8d370459cde8c1710ff049ec3d15d HTTP/1.1" 301 - "-" "Mozilla/5.0 (Windows; U; Windows NT 6.1; ja; rv:1.9.2a1pre) Gecko/20090403 Firefox/3.6a1pre"
67.222.16.252 - - [07/Oct/2013:10:44:27 -0400] "POST /index.php HTTP/1.1" 404 - "-" "-"
188.208.33.18 - - [07/Oct/2013:10:44:26 -0400] "GET /activate-account.html?activation=36d8d370459cde8c1710ff049ec3d15d HTTP/1.1" 200 12423 "-" "Mozilla/5.0 (Windows; U; Windows NT 6.1; ja; rv:1.9.2a1pre) Gecko/20090403 Firefox/3.6a1pre"
216.27.76.200 - - [07/Oct/2013:10:52:05 -0400] "GET /cooling/liebert-challenger-bu102c-aae1-5-ton-computer-room-air-condition/vmj_naru.tpl.html HTTP/1.1" 200 6699 "https://www.google.com/" "Mozilla/5.0 (Windows NT 6.1; WOW64) AppleWebKit/537.36 (KHTML, like Gecko) Chrome/30.0.1599.66 Safari/537.36"
67.222.16.252 - - [07/Oct/2013:10:52:05 -0400] "POST /index.php HTTP/1.1" 404 - "-" "-"
216.27.76.200 - - [07/Oct/2013:10:52:06 -0400] "GET /components/com_virtuemart/themes/vmj_naru/vmj_tabcontent.js HTTP/1.1" 200 8866 "http://www.powerliquidators.com/cooling/liebert-challenger-bu102c-aae1-5-ton-computer-room-air-condition/vmj_naru.tpl.html" "Mozilla/5.0 (Windows NT 6.1; WOW64) AppleWebKit/537.36 (KHTML, like Gecko) Chrome/30.0.1599.66 Safari/537.36"
216.27.76.200 - - [07/Oct/2013:10:52:06 -0400] "GET /modules/mod_redmysticcore/css/style.css HTTP/1.1" 200 1535 "http://www.powerliquidators.com/cooling/liebert-challenger-bu102c-aae1-5-ton-computer-room-air-condition/vmj_naru.tpl.html" "Mozilla/5.0 (Windows NT 6.1; WOW64) AppleWebKit/537.36 (KHTML, like Gecko) Chrome/30.0.1599.66 Safari/537.36"
216.27.76.200 - - [07/Oct/2013:10:52:06 -0400] "GET /templates/hot_relief/css/template_css.css HTTP/1.1" 200 8556 "http://www.powerliquidators.com/cooling/liebert-challenger-bu102c-aae1-5-ton-computer-room-air-condition/vmj_naru.tpl.html" "Mozilla/5.0 (Windows NT 6.1; WOW64) AppleWebKit/537.36 (KHTML, like Gecko) Chrome/30.0.1599.66 Safari/537.36"
216.27.76.200 - - [07/Oct/2013:10:52:06 -0400] "GET /templates/hot_relief/css/layout.css HTTP/1.1" 200 2211 "http://www.powerliquidators.com/cooling/liebert-challenger-bu102c-aae1-5-ton-computer-room-air-condition/vmj_naru.tpl.html" "Mozilla/5.0 (Windows NT 6.1; WOW64) AppleWebKit/537.36 (KHTML, like Gecko) Chrome/30.0.1599.66 Safari/537.36"
216.27.76.200 - - [07/Oct/2013:10:52:06 -0400] "GET /components/com_virtuemart/fetchscript.php?gzip=1&subdir[0]=/themes/vmj_naru&file[0]=theme.css&subdir[1]=/js/mootools&file[1]=mooPrompt.css&subdir[2]=/js/slimbox/css&file[2]=slimbox.css HTTP/1.1" 200 5339 "http://www.powerliquidators.com/cooling/liebert-challenger-bu102c-aae1-5-ton-computer-room-air-condition/vmj_naru.tpl.html" "Mozilla/5.0 (Windows NT 6.1; WOW64) AppleWebKit/537.36 (KHTML, like Gecko) Chrome/30.0.1599.66 Safari/537.36"
216.27.76.200 - - [07/Oct/2013:10:52:06 -0400] "GET /components/com_virtuemart/fetchscript.php?gzip=1&subdir[0]=/themes/vmj_naru&file[0]=theme.js&subdir[1]=/js&file[1]=sleight.js&subdir[2]=/js/mootools&file[2]=mootools-release-1.11.js&subdir[3]=/js/mootools&file[3]=mooPrompt.js&subdir[4]=/js/slimbox/js&file[4]=slimbox.js HTTP/1.1" 200 25595 "http://www.powerliquidators.com/cooling/liebert-challenger-bu102c-aae1-5-ton-computer-room-air-condition/vmj_naru.tpl.html" "Mozilla/5.0 (Windows NT 6.1; WOW64) AppleWebKit/537.36 (KHTML, like Gecko) Chrome/30.0.1599.66 Safari/537.36"
216.27.76.200 - - [07/Oct/2013:10:52:06 -0400] "GET /templates/hot_relief/images/logo.png HTTP/1.1" 200 21289 "http://www.powerliquidators.com/cooling/liebert-challenger-bu102c-aae1-5-ton-computer-room-air-condition/vmj_naru.tpl.html" "Mozilla/5.0 (Windows NT 6.1; WOW64) AppleWebKit/537.36 (KHTML, like Gecko) Chrome/30.0.1599.66 Safari/537.36"
216.27.76.200 - - [07/Oct/2013:10:52:06 -0400] "GET /templates/hot_relief/js/jquery.min.js HTTP/1.1" 200 84362 "http://www.powerliquidators.com/cooling/liebert-challenger-bu102c-aae1-5-ton-computer-room-air-condition/vmj_naru.tpl.html" "Mozilla/5.0 (Windows NT 6.1; WOW64) AppleWebKit/537.36 (KHTML, like Gecko) Chrome/30.0.1599.66 Safari/537.36"
216.27.76.200 - - [07/Oct/2013:10:52:07 -0400] "GET /templates/hot_relief/images/emailButton.png HTTP/1.1" 200 405 "http://www.powerliquidators.com/cooling/liebert-challenger-bu102c-aae1-5-ton-computer-room-air-condition/vmj_naru.tpl.html" "Mozilla/5.0 (Windows NT 6.1; WOW64) AppleWebKit/537.36 (KHTML, like Gecko) Chrome/30.0.1599.66 Safari/537.36"
216.27.76.200 - - [07/Oct/2013:10:52:07 -0400] "GET /components/com_virtuemart/shop_image/product/resized/Liebert_Challeng_4f790aeb02c3b_90x90.jpg HTTP/1.1" 200 6240 "http://www.powerliquidators.com/cooling/liebert-challenger-bu102c-aae1-5-ton-computer-room-air-condition/vmj_naru.tpl.html" "Mozilla/5.0 (Windows NT 6.1; WOW64) AppleWebKit/537.36 (KHTML, like Gecko) Chrome/30.0.1599.66 Safari/537.36"
216.27.76.200 - - [07/Oct/2013:10:52:07 -0400] "GET /components/com_virtuemart/themes/vmj_naru/images/zoom_icon.png HTTP/1.1" 200 259 "http://www.powerliquidators.com/cooling/liebert-challenger-bu102c-aae1-5-ton-computer-room-air-condition/vmj_naru.tpl.html" "Mozilla/5.0 (Windows NT 6.1; WOW64) AppleWebKit/537.36 (KHTML, like Gecko) Chrome/30.0.1599.66 Safari/537.36"
216.27.76.200 - - [07/Oct/2013:10:52:07 -0400] "GET /components/com_virtuemart/themes/vmj_naru/images/stars/0.png HTTP/1.1" 200 1621 "http://www.powerliquidators.com/cooling/liebert-challenger-bu102c-aae1-5-ton-computer-room-air-condition/vmj_naru.tpl.html" "Mozilla/5.0 (Windows NT 6.1; WOW64) AppleWebKit/537.36 (KHTML, like Gecko) Chrome/30.0.1599.66 Safari/537.36"
216.27.76.200 - - [07/Oct/2013:10:52:07 -0400] "GET /templates/hot_relief/images/bg_gradient.png HTTP/1.1" 200 258 "http://www.powerliquidators.com/cooling/liebert-challenger-bu102c-aae1-5-ton-computer-room-air-condition/vmj_naru.tpl.html" "Mozilla/5.0 (Windows NT 6.1; WOW64) AppleWebKit/537.36 (KHTML, like Gecko) Chrome/30.0.1599.66 Safari/537.36"
216.27.76.200 - - [07/Oct/2013:10:52:07 -0400] "GET /templates/hot_relief/images/shadow.png HTTP/1.1" 200 125 "http://www.powerliquidators.com/cooling/liebert-challenger-bu102c-aae1-5-ton-computer-room-air-condition/vmj_naru.tpl.html" "Mozilla/5.0 (Windows NT 6.1; WOW64) AppleWebKit/537.36 (KHTML, like Gecko) Chrome/30.0.1599.66 Safari/537.36"
216.27.76.200 - - [07/Oct/2013:10:52:07 -0400] "GET /templates/hot_relief/images/arrow.gif HTTP/1.1" 200 823 "http://www.powerliquidators.com/cooling/liebert-challenger-bu102c-aae1-5-ton-computer-room-air-condition/vmj_naru.tpl.html" "Mozilla/5.0 (Windows NT 6.1; WOW64) AppleWebKit/537.36 (KHTML, like Gecko) Chrome/30.0.1599.66 Safari/537.36"
216.27.76.200 - - [07/Oct/2013:10:52:07 -0400] "GET /components/com_virtuemart/themes/vmj_naru/images/previous_16x16.png HTTP/1.1" 200 455 "http://www.powerliquidators.com/cooling/liebert-challenger-bu102c-aae1-5-ton-computer-room-air-condition/vmj_naru.tpl.html" "Mozilla/5.0 (Windows NT 6.1; WOW64) AppleWebKit/537.36 (KHTML, like Gecko) Chrome/30.0.1599.66 Safari/537.36"
216.27.76.200 - - [07/Oct/2013:10:52:07 -0400] "GET /components/com_virtuemart/themes/vmj_naru/images/next_16x16.png HTTP/1.1" 200 447 "http://www.powerliquidators.com/cooling/liebert-challenger-bu102c-aae1-5-ton-computer-room-air-condition/vmj_naru.tpl.html" "Mozilla/5.0 (Windows NT 6.1; WOW64) AppleWebKit/537.36 (KHTML, like Gecko) Chrome/30.0.1599.66 Safari/537.36"
216.27.76.200 - - [07/Oct/2013:10:52:07 -0400] "GET /components/com_virtuemart/themes/vmj_naru/images/top_bar_browse_l.png HTTP/1.1" 200 450 "http://www.powerliquidators.com/cooling/liebert-challenger-bu102c-aae1-5-ton-computer-room-air-condition/vmj_naru.tpl.html" "Mozilla/5.0 (Windows NT 6.1; WOW64) AppleWebKit/537.36 (KHTML, like Gecko) Chrome/30.0.1599.66 Safari/537.36"
216.27.76.200 - - [07/Oct/2013:10:52:07 -0400] "GET /components/com_virtuemart/themes/vmj_naru/images/top_bar_browse.png HTTP/1.1" 200 1680 "http://www.powerliquidators.com/cooling/liebert-challenger-bu102c-aae1-5-ton-computer-room-air-condition/vmj_naru.tpl.html" "Mozilla/5.0 (Windows NT 6.1; WOW64) AppleWebKit/537.36 (KHTML, like Gecko) Chrome/30.0.1599.66 Safari/537.36"
216.27.76.200 - - [07/Oct/2013:10:52:07 -0400] "GET /components/com_virtuemart/themes/vmj_naru/images/up_small.gif HTTP/1.1" 200 46 "http://www.powerliquidators.com/cooling/liebert-challenger-bu102c-aae1-5-ton-computer-room-air-condition/vmj_naru.tpl.html" "Mozilla/5.0 (Windows NT 6.1; WOW64) AppleWebKit/537.36 (KHTML, like Gecko) Chrome/30.0.1599.66 Safari/537.36"
216.27.76.200 - - [07/Oct/2013:10:52:07 -0400] "GET /components/com_virtuemart/themes/vmj_naru/images/down_small.gif HTTP/1.1" 200 46 "http://www.powerliquidators.com/cooling/liebert-challenger-bu102c-aae1-5-ton-computer-room-air-condition/vmj_naru.tpl.html" "Mozilla/5.0 (Windows NT 6.1; WOW64) AppleWebKit/537.36 (KHTML, like Gecko) Chrome/30.0.1599.66 Safari/537.36"
216.27.76.200 - - [07/Oct/2013:10:52:07 -0400] "GET /components/com_virtuemart/themes/vmj_naru/images/add_to_cart_product_page.png HTTP/1.1" 200 3482 "http://www.powerliquidators.com/cooling/liebert-challenger-bu102c-aae1-5-ton-computer-room-air-condition/vmj_naru.tpl.html" "Mozilla/5.0 (Windows NT 6.1; WOW64) AppleWebKit/537.36 (KHTML, like Gecko) Chrome/30.0.1599.66 Safari/537.36"
216.27.76.200 - - [07/Oct/2013:10:52:07 -0400] "GET /components/com_virtuemart/themes/vmj_naru/images/vmjtab-left.png HTTP/1.1" 200 1277 "http://www.powerliquidators.com/cooling/liebert-challenger-bu102c-aae1-5-ton-computer-room-air-condition/vmj_naru.tpl.html" "Mozilla/5.0 (Windows NT 6.1; WOW64) AppleWebKit/537.36 (KHTML, like Gecko) Chrome/30.0.1599.66 Safari/537.36"
216.27.76.200 - - [07/Oct/2013:10:52:07 -0400] "GET /components/com_virtuemart/themes/vmj_naru/images/vmjtab.png HTTP/1.1" 200 3066 "http://www.powerliquidators.com/cooling/liebert-challenger-bu102c-aae1-5-ton-computer-room-air-condition/vmj_naru.tpl.html" "Mozilla/5.0 (Windows NT 6.1; WOW64) AppleWebKit/537.36 (KHTML, like Gecko) Chrome/30.0.1599.66 Safari/537.36"
216.27.76.200 - - [07/Oct/2013:10:52:08 -0400] "GET /templates/hot_relief/images/favicon.ico HTTP/1.1" 200 1150 "-" "Mozilla/5.0 (Windows NT 6.1; WOW64) AppleWebKit/537.36 (KHTML, like Gecko) Chrome/30.0.1599.66 Safari/537.36"
67.222.16.252 - - [07/Oct/2013:10:57:02 -0400] "POST /index.php HTTP/1.1" 404 - "-" "-"
194.109.22.88 - - [07/Oct/2013:10:57:01 -0400] "POST //administrator/components/com_redmystic/chart/ofc-library/ofc_upload_image.php?name=pload.php HTTP/1.1" 404 16987 "-" "libwww-perl/5.836"
67.222.16.252 - - [07/Oct/2013:11:06:42 -0400] "POST /index.php HTTP/1.1" 404 - "-" "-"
123.125.71.112 - - [07/Oct/2013:11:06:41 -0400] "GET / HTTP/1.1" 200 40279 "-" "Mozilla/5.0 (compatible; Baiduspider/2.0; +http://www.baidu.com/search/spider.html)"
67.222.16.252 - - [07/Oct/2013:11:07:19 -0400] "POST /index.php HTTP/1.1" 404 - "-" "-"
220.181.108.165 - - [07/Oct/2013:11:07:19 -0400] "GET / HTTP/1.1" 200 40278 "-" "Mozilla/5.0 (compatible; Baiduspider/2.0; +http://www.baidu.com/search/spider.html)"
202.46.53.34 - - [07/Oct/2013:11:17:27 -0400] "GET / HTTP/1.1" 301 - "-" "Mozilla/4.0 (compatible; MSIE 7.0; Windows NT 6.0)"
119.63.193.195 - - [07/Oct/2013:11:17:32 -0400] "GET / HTTP/1.1" 301 - "-" "Mozilla/4.0 (compatible; MSIE 7.0; Windows NT 6.0)"
178.255.87.242 - - [07/Oct/2013:11:23:22 -0400] "GET / HTTP/1.1" 301 - "-" "Mozilla/5.0 (Windows NT 6.1; Win64; x64; rv:25.0) Gecko/20100101 Firefox/25.0"
67.222.16.252 - - [07/Oct/2013:11:23:23 -0400] "POST /index.php HTTP/1.1" 404 - "-" "-"
178.255.87.242 - - [07/Oct/2013:11:23:22 -0400] "GET / HTTP/1.1" 200 6810 "-" "Mozilla/5.0 (Windows NT 6.1; Win64; x64; rv:25.0) Gecko/20100101 Firefox/25.0"
67.222.16.252 - - [07/Oct/2013:11:59:41 -0400] "POST /index.php HTTP/1.1" 404 - "-" "-"
220.181.108.178 - - [07/Oct/2013:11:59:41 -0400] "GET / HTTP/1.1" 200 40278 "-" "Mozilla/5.0 (compatible; Baiduspider/2.0; +http://www.baidu.com/search/spider.html)"
157.55.33.47 - - [07/Oct/2013:12:15:18 -0400] "GET /robots.txt HTTP/1.1" 200 304 "-" "Mozilla/5.0 (compatible; bingbot/2.0; +http://www.bing.com/bingbot.htm)"
157.55.33.47 - - [07/Oct/2013:12:17:30 -0400] "GET /printers/view-all-products.html HTTP/1.1" 200 3873 "-" "Mozilla/5.0 (compatible; bingbot/2.0; +http://www.bing.com/bingbot.htm)"
67.222.16.252 - - [07/Oct/2013:12:17:31 -0400] "POST /index.php HTTP/1.1" 404 - "-" "-"
66.249.74.64 - - [07/Oct/2013:12:40:58 -0400] "GET /robots.txt HTTP/1.1" 200 304 "-" "Mozilla/5.0 (compatible; Googlebot/2.1; +http://www.google.com/bot.html)"
66.249.74.64 - - [07/Oct/2013:12:40:58 -0400] "GET /networking/3com-3c16857-switch-7700-64gbps-fabric-module/vmj_naru.tpl.html HTTP/1.1" 200 7683 "-" "Mozilla/5.0 (compatible; Googlebot/2.1; +http://www.google.com/bot.html)"
67.222.16.252 - - [07/Oct/2013:12:40:58 -0400] "POST /index.php HTTP/1.1" 404 - "-" "-"
220.181.108.154 - - [07/Oct/2013:13:16:38 -0400] "GET / HTTP/1.1" 301 - "-" "Mozilla/5.0 (compatible; Baiduspider/2.0; +http://www.baidu.com/search/spider.html)"
202.46.49.127 - - [07/Oct/2013:13:19:47 -0400] "GET / HTTP/1.1" 301 - "-" "Mozilla/4.0 (compatible; MSIE 7.0; Windows NT 6.0)"
119.63.193.196 - - [07/Oct/2013:13:21:10 -0400] "GET / HTTP/1.1" 301 - "-" "Mozilla/4.0 (compatible; MSIE 7.0; Windows NT 6.0)"
123.125.71.69 - - [07/Oct/2013:13:23:28 -0400] "GET / HTTP/1.1" 301 - "-" "Mozilla/5.0 (compatible; Baiduspider/2.0; +http://www.baidu.com/search/spider.html)"
36.83.138.245 - - [07/Oct/2013:13:32:53 -0400] "GET //administrator/components/com_redmystic/chart/tmp-upload-images/aha.php HTTP/1.1" 404 - "-" "Mozilla/5.0 (Windows NT 6.1; rv:25.0) Gecko/20100101 Firefox/25.0"
36.83.138.245 - - [07/Oct/2013:13:32:53 -0400] "GET /favicon.ico HTTP/1.1" 404 - "-" "Mozilla/5.0 (Windows NT 6.1; rv:25.0) Gecko/20100101 Firefox/25.0"
67.222.16.252 - - [07/Oct/2013:13:34:55 -0400] "POST /index.php HTTP/1.1" 404 - "-" "-"
67.222.16.252 - - [07/Oct/2013:13:34:55 -0400] "POST /index.php HTTP/1.1" 404 - "-" "-"
67.222.16.252 - - [07/Oct/2013:13:34:55 -0400] "POST /index.php HTTP/1.1" 404 - "-" "-"
67.222.16.252 - - [07/Oct/2013:13:34:55 -0400] "POST /index.php HTTP/1.1" 404 - "-" "-"
67.222.16.252 - - [07/Oct/2013:13:34:55 -0400] "POST /index.php HTTP/1.1" 404 - "-" "-"
190.85.10.147 - - [07/Oct/2013:13:34:54 -0400] "GET /contact-us/sales-manager.html//administrator/components/com_redmystic/chart/ofc-library/ofc_upload_image.php HTTP/1.1" 404 16859 "-" "Mozilla/4.0 (compatible; MSIE 7.0; America Online Browser 1.1; Windows NT 5.1; (R1 1.5); .NET CLR 2.0.50727; InfoPath.1)"
