69.175.54.2 - - [02/Oct/2013:15:25:55 -0400] "GET /contact-us//administrator/components/com_redmystic/chart/ofc-library/ofc_upload_image.php HTTP/1.1" 404 16879 "-" "Mozilla/4.0 (compatible; MSIE 7.0; America Online Browser 1.1; Windows NT 5.1; (R1 1.5); .NET CLR 2.0.50727; InfoPath.1)"
157.55.33.25 - - [02/Oct/2013:15:26:48 -0400] "GET / HTTP/1.1" 301 - "-" "Mozilla/5.0 (compatible; bingbot/2.0; +http://www.bing.com/bingbot.htm)"
67.222.16.252 - - [02/Oct/2013:15:27:04 -0400] "POST /index.php HTTP/1.1" 404 - "-" "-"
67.222.16.252 - - [02/Oct/2013:15:27:04 -0400] "POST /index.php HTTP/1.1" 404 - "-" "-"
67.222.16.252 - - [02/Oct/2013:15:27:04 -0400] "POST /index.php HTTP/1.1" 404 - "-" "-"
69.175.54.2 - - [02/Oct/2013:15:27:04 -0400] "GET //administrator/components/com_redmystic/chart/ofc-library/ofc_upload_image.php HTTP/1.1" 404 16941 "-" "Mozilla/4.0 (compatible; MSIE 7.0; America Online Browser 1.1; Windows NT 5.1; (R1 1.5); .NET CLR 2.0.50727; InfoPath.1)"
69.175.54.2 - - [02/Oct/2013:15:27:04 -0400] "GET /tripp-lite/view-all-products.html//administrator/components/com_redmystic/chart/ofc-library/ofc_upload_image.php HTTP/1.1" 404 16448 "-" "Mozilla/4.0 (compatible; MSIE 7.0; America Online Browser 1.1; Windows NT 5.1; (R1 1.5); .NET CLR 2.0.50727; InfoPath.1)"
69.175.54.2 - - [02/Oct/2013:15:27:04 -0400] "GET /tripp-lite//administrator/components/com_redmystic/chart/ofc-library/ofc_upload_image.php HTTP/1.1" 404 16890 "-" "Mozilla/4.0 (compatible; MSIE 7.0; America Online Browser 1.1; Windows NT 5.1; (R1 1.5); .NET CLR 2.0.50727; InfoPath.1)"
67.222.16.252 - - [02/Oct/2013:15:27:05 -0400] "POST /index.php HTTP/1.1" 404 - "-" "-"
67.222.16.252 - - [02/Oct/2013:15:27:05 -0400] "POST /index.php HTTP/1.1" 404 - "-" "-"
69.175.54.2 - - [02/Oct/2013:15:27:04 -0400] "GET /contact-us/sales-manager.html//administrator/components/com_redmystic/chart/ofc-library/ofc_upload_image.php HTTP/1.1" 404 16858 "-" "Mozilla/4.0 (compatible; MSIE 7.0; America Online Browser 1.1; Windows NT 5.1; (R1 1.5); .NET CLR 2.0.50727; InfoPath.1)"
69.175.54.2 - - [02/Oct/2013:15:27:04 -0400] "GET /contact-us//administrator/components/com_redmystic/chart/ofc-library/ofc_upload_image.php HTTP/1.1" 404 16878 "-" "Mozilla/4.0 (compatible; MSIE 7.0; America Online Browser 1.1; Windows NT 5.1; (R1 1.5); .NET CLR 2.0.50727; InfoPath.1)"
67.222.16.252 - - [02/Oct/2013:15:43:20 -0400] "POST /index.php HTTP/1.1" 404 - "-" "-"
66.249.75.13 - - [02/Oct/2013:15:43:17 -0400] "GET /power-management/apc-ap7998-switched-rack-pdu/vmj_naru.tpl.html HTTP/1.1" 200 12759 "-" "Mozilla/5.0 (compatible; Googlebot/2.1; +http://www.google.com/bot.html)"
180.76.5.189 - - [02/Oct/2013:15:51:25 -0400] "GET /robots.txt HTTP/1.1" 200 304 "-" "Mozilla/5.0 (Windows NT 5.1; rv:6.0.2) Gecko/20100101 Firefox/6.0.2"
67.222.16.252 - - [02/Oct/2013:15:57:19 -0400] "POST /index.php HTTP/1.1" 404 - "-" "-"
123.125.71.116 - - [02/Oct/2013:15:57:18 -0400] "GET / HTTP/1.1" 200 40299 "-" "Mozilla/5.0 (compatible; Baiduspider/2.0; +http://www.baidu.com/search/spider.html)"
67.222.16.252 - - [02/Oct/2013:15:58:36 -0400] "POST /index.php HTTP/1.1" 404 - "-" "-"
220.181.108.185 - - [02/Oct/2013:15:58:35 -0400] "GET / HTTP/1.1" 200 40278 "-" "Mozilla/5.0 (compatible; Baiduspider/2.0; +http://www.baidu.com/search/spider.html)"
157.55.33.23 - - [02/Oct/2013:16:16:42 -0400] "GET /robots.txt HTTP/1.1" 200 304 "-" "Mozilla/5.0 (compatible; bingbot/2.0; +http://www.bing.com/bingbot.htm)"
157.55.33.23 - - [02/Oct/2013:16:34:50 -0400] "GET /x.txt HTTP/1.1" 404 - "-" "Mozilla/5.0 (compatible; bingbot/2.0; +http://www.bing.com/bingbot.htm)"
67.222.16.252 - - [02/Oct/2013:16:42:44 -0400] "POST /index.php HTTP/1.1" 404 - "-" "-"
66.249.75.13 - - [02/Oct/2013:16:42:37 -0400] "GET /power-management/apc-smart-ups-750va-usb-serial-ups-ac-120-v-500-watt-7/vmj_naru.tpl.html HTTP/1.1" 200 8539 "-" "Mozilla/5.0 (compatible; Googlebot/2.1; +http://www.google.com/bot.html)"
67.222.16.252 - - [02/Oct/2013:16:54:19 -0400] "POST /index.php HTTP/1.1" 404 - "-" "-"
199.21.99.121 - - [02/Oct/2013:16:54:17 -0400] "GET /power-management/apc-ap7893-metered-rack-5.7kva-pdu/vmj_naru.tpl.html?pop=0 HTTP/1.1" 200 12347 "-" "Mozilla/5.0 (compatible; YandexBot/3.0; +http://yandex.com/bots)"
67.222.16.252 - - [02/Oct/2013:16:56:57 -0400] "POST /index.php HTTP/1.1" 404 - "-" "-"
123.125.71.114 - - [02/Oct/2013:16:56:57 -0400] "GET / HTTP/1.1" 200 40299 "-" "Mozilla/5.0 (compatible; Baiduspider/2.0; +http://www.baidu.com/search/spider.html)"
67.222.16.252 - - [02/Oct/2013:16:57:38 -0400] "POST /index.php HTTP/1.1" 404 - "-" "-"
220.181.108.167 - - [02/Oct/2013:16:57:38 -0400] "GET / HTTP/1.1" 200 40298 "-" "Mozilla/5.0 (compatible; Baiduspider/2.0; +http://www.baidu.com/search/spider.html)"
202.46.48.12 - - [02/Oct/2013:17:15:29 -0400] "GET / HTTP/1.1" 301 - "-" "Mozilla/4.0 (compatible; MSIE 7.0; Windows NT 6.0)"
119.63.193.131 - - [02/Oct/2013:17:16:46 -0400] "GET / HTTP/1.1" 301 - "-" "Mozilla/4.0 (compatible; MSIE 7.0; Windows NT 6.0)"
67.222.16.252 - - [02/Oct/2013:17:31:11 -0400] "POST /index.php HTTP/1.1" 404 - "-" "-"
66.249.75.13 - - [02/Oct/2013:17:31:09 -0400] "GET /power-management/apc-ap7830-metered-rack-pdu/vmj_naru.tpl.html HTTP/1.1" 200 12541 "-" "Mozilla/5.0 (compatible; Googlebot/2.1; +http://www.google.com/bot.html)"
66.249.75.13 - - [02/Oct/2013:17:46:17 -0400] "GET /index.php?page=shop.ask&flypage=vmj_naru.tpl&product_id=6&category_id=1&option=com_virtuemart&Itemid=1 HTTP/1.1" 200 4496 "-" "Mozilla/5.0 (compatible; Googlebot/2.1; +http://www.google.com/bot.html)"
67.222.16.252 - - [02/Oct/2013:17:46:18 -0400] "POST /index.php HTTP/1.1" 404 - "-" "-"
123.125.71.82 - - [02/Oct/2013:17:57:39 -0400] "GET / HTTP/1.1" 301 - "-" "Mozilla/5.0 (compatible; Baiduspider/2.0; +http://www.baidu.com/search/spider.html)"
220.181.108.139 - - [02/Oct/2013:17:57:46 -0400] "GET / HTTP/1.1" 301 - "-" "Mozilla/5.0 (compatible; Baiduspider/2.0; +http://www.baidu.com/search/spider.html)"
67.222.16.252 - - [02/Oct/2013:19:02:39 -0400] "POST /index.php HTTP/1.1" 404 - "-" "-"
220.181.108.147 - - [02/Oct/2013:19:02:16 -0400] "GET / HTTP/1.1" 200 40279 "-" "Mozilla/5.0 (compatible; Baiduspider/2.0; +http://www.baidu.com/search/spider.html)"
67.222.16.252 - - [02/Oct/2013:19:03:21 -0400] "POST /index.php HTTP/1.1" 404 - "-" "-"
123.125.71.75 - - [02/Oct/2013:19:03:21 -0400] "GET / HTTP/1.1" 200 40278 "-" "Mozilla/5.0 (compatible; Baiduspider/2.0; +http://www.baidu.com/search/spider.html)"
202.46.52.27 - - [02/Oct/2013:19:17:03 -0400] "GET / HTTP/1.1" 301 - "-" "Mozilla/4.0 (compatible; MSIE 7.0; Windows NT 6.0)"
119.63.193.194 - - [02/Oct/2013:19:18:23 -0400] "GET / HTTP/1.1" 301 - "-" "Mozilla/4.0 (compatible; MSIE 7.0; Windows NT 6.0)"
67.222.16.252 - - [02/Oct/2013:19:57:43 -0400] "POST /index.php HTTP/1.1" 404 - "-" "-"
66.249.75.13 - - [02/Oct/2013:19:57:42 -0400] "GET /cooling/liebert-challenger-bu102c-aae1-5-ton-computer-room-air-condition.html HTTP/1.1" 200 6761 "-" "Mozilla/5.0 (compatible; Googlebot/2.1; +http://www.google.com/bot.html)"
123.125.71.90 - - [02/Oct/2013:19:57:45 -0400] "GET / HTTP/1.1" 301 - "-" "Mozilla/5.0 (compatible; Baiduspider/2.0; +http://www.baidu.com/search/spider.html)"
220.181.108.178 - - [02/Oct/2013:19:58:55 -0400] "GET / HTTP/1.1" 301 - "-" "Mozilla/5.0 (compatible; Baiduspider/2.0; +http://www.baidu.com/search/spider.html)"
67.222.16.252 - - [02/Oct/2013:20:26:06 -0400] "POST /index.php HTTP/1.1" 404 - "-" "-"
66.249.75.13 - - [02/Oct/2013:20:26:04 -0400] "GET /parameters-search.html HTTP/1.1" 200 3932 "-" "Mozilla/5.0 (compatible; Googlebot/2.1; +http://www.google.com/bot.html)"
5.10.83.53 - - [02/Oct/2013:20:35:35 -0400] "GET /black-and-white-laser-printers/view-all-products.html HTTP/1.1" 200 3873 "-" "Mozilla/5.0 (compatible; AhrefsBot/5.0; +http://ahrefs.com/robot/)"
67.222.16.252 - - [02/Oct/2013:20:35:36 -0400] "POST /index.php HTTP/1.1" 404 - "-" "-"
67.222.16.252 - - [02/Oct/2013:20:52:31 -0400] "POST /index.php HTTP/1.1" 404 - "-" "-"
66.249.75.13 - - [02/Oct/2013:20:52:31 -0400] "GET /contact-us/sales-manager.html HTTP/1.1" 200 4421 "-" "Mozilla/5.0 (iPhone; U; CPU iPhone OS 4_1 like Mac OS X; en-us) AppleWebKit/532.9 (KHTML, like Gecko) Version/4.0.5 Mobile/8B117 Safari/6531.22.7 (compatible; Googlebot-Mobile/2.1; +http://www.google.com/bot.html)"
123.125.71.86 - - [02/Oct/2013:20:56:33 -0400] "GET / HTTP/1.1" 301 - "-" "Mozilla/5.0 (compatible; Baiduspider/2.0; +http://www.baidu.com/search/spider.html)"
220.181.108.170 - - [02/Oct/2013:20:56:50 -0400] "GET / HTTP/1.1" 301 - "-" "Mozilla/5.0 (compatible; Baiduspider/2.0; +http://www.baidu.com/search/spider.html)"
5.10.83.79 - - [02/Oct/2013:20:58:40 -0400] "GET /index2.php?page=shop.recommend&product_id=7&pop=1&tmpl=component&option=com_virtuemart&Itemid=1 HTTP/1.1" 200 1966 "-" "Mozilla/5.0 (compatible; AhrefsBot/5.0; +http://ahrefs.com/robot/)"
65.36.241.79 - - [02/Oct/2013:21:05:01 -0400] "HEAD / HTTP/1.1" 301 - "-" "InternetSeer.com"
202.46.55.20 - - [02/Oct/2013:21:18:07 -0400] "GET / HTTP/1.1" 301 - "-" "Mozilla/4.0 (compatible; MSIE 7.0; Windows NT 6.0)"
119.63.193.131 - - [02/Oct/2013:21:19:29 -0400] "GET / HTTP/1.1" 301 - "-" "Mozilla/4.0 (compatible; MSIE 7.0; Windows NT 6.0)"
39.194.209.130 - - [02/Oct/2013:21:23:28 -0400] "GET //administrator/components/com_redmystic/chart/tmp-upload-images/aha.php HTTP/1.1" 404 - "http://www.google.com/url?q=http%3A%2F%2Fwww.powerliquidators.com%2F%2Fadministrator%2Fcomponents%2Fcom_redmystic%2Fchart%2Ftmp-upload-images%2Faha.php&sa=D&sntz=1&usg=AFQjCNHNJJgOv_0-sFkoTzy3yBsaFmht9w" "Mozilla/5.0 (Windows NT 6.1) AppleWebKit/537.36 (KHTML, like Gecko) Chrome/29.0.1547.76 Safari/537.36"
39.194.209.130 - - [02/Oct/2013:21:23:29 -0400] "GET /favicon.ico HTTP/1.1" 404 - "-" "Mozilla/5.0 (Windows NT 6.1) AppleWebKit/537.36 (KHTML, like Gecko) Chrome/29.0.1547.76 Safari/537.36"
67.222.16.252 - - [02/Oct/2013:21:30:49 -0400] "POST /index.php HTTP/1.1" 404 - "-" "-"
88.198.27.43 - - [02/Oct/2013:21:30:46 -0400] "POST /tripp-lite/view-all-products.html//administrator/components/com_redmystic/chart/ofc-library/ofc_upload_image.php?name=pload.php HTTP/1.1" 404 16494 "-" "libwww-perl/5.806"
67.222.16.252 - - [02/Oct/2013:21:30:51 -0400] "POST /index.php HTTP/1.1" 404 - "-" "-"
88.198.27.43 - - [02/Oct/2013:21:30:51 -0400] "POST //administrator/components/com_redmystic/chart/ofc-library/ofc_upload_image.php?name=pload.php HTTP/1.1" 404 16986 "-" "libwww-perl/5.806"
67.222.16.252 - - [02/Oct/2013:21:30:52 -0400] "POST /index.php HTTP/1.1" 404 - "-" "-"
88.198.27.43 - - [02/Oct/2013:21:30:52 -0400] "POST /tripp-lite//administrator/components/com_redmystic/chart/ofc-library/ofc_upload_image.php?name=pload.php HTTP/1.1" 404 16935 "-" "libwww-perl/5.806"
123.125.71.54 - - [02/Oct/2013:21:37:29 -0400] "GET /cisco/view-all-products.html HTTP/1.1" 200 3732 "-" "Mozilla/5.0 (compatible; Baiduspider/2.0; +http://www.baidu.com/search/spider.html)"
67.222.16.252 - - [02/Oct/2013:21:37:29 -0400] "POST /index.php HTTP/1.1" 404 - "-" "-"
5.10.83.79 - - [02/Oct/2013:21:56:30 -0400] "GET /printers/view-all-products.html HTTP/1.1" 200 3875 "-" "Mozilla/5.0 (compatible; AhrefsBot/5.0; +http://ahrefs.com/robot/)"
67.222.16.252 - - [02/Oct/2013:21:56:30 -0400] "POST /index.php HTTP/1.1" 404 - "-" "-"
67.222.16.252 - - [02/Oct/2013:21:58:22 -0400] "POST /index.php HTTP/1.1" 404 - "-" "-"
123.125.71.107 - - [02/Oct/2013:21:58:21 -0400] "GET / HTTP/1.1" 200 40299 "-" "Mozilla/5.0 (compatible; Baiduspider/2.0; +http://www.baidu.com/search/spider.html)"
67.222.16.252 - - [02/Oct/2013:21:58:58 -0400] "POST /index.php HTTP/1.1" 404 - "-" "-"
220.181.108.178 - - [02/Oct/2013:21:58:58 -0400] "GET / HTTP/1.1" 200 40298 "-" "Mozilla/5.0 (compatible; Baiduspider/2.0; +http://www.baidu.com/search/spider.html)"
67.222.16.252 - - [02/Oct/2013:22:06:38 -0400] "POST /index.php HTTP/1.1" 404 - "-" "-"
5.10.83.102 - - [02/Oct/2013:22:06:38 -0400] "GET /power-management/apc-ap7862-metered-rack-pdu-208v-ac-42-x-nema-l5-20r-5.7kw/vmj_naru.tpl.html?pop=0 HTTP/1.1" 200 12802 "-" "Mozilla/5.0 (compatible; AhrefsBot/5.0; +http://ahrefs.com/robot/)"
208.115.113.87 - - [02/Oct/2013:22:50:25 -0400] "GET /robots.txt HTTP/1.1" 200 304 "-" "Mozilla/5.0 (compatible; Ezooms/1.0; ezooms.bot@gmail.com)"
220.181.108.158 - - [02/Oct/2013:23:04:28 -0400] "GET / HTTP/1.1" 301 - "-" "Mozilla/5.0 (compatible; Baiduspider/2.0; +http://www.baidu.com/search/spider.html)"
123.125.71.97 - - [02/Oct/2013:23:05:23 -0400] "GET / HTTP/1.1" 301 - "-" "Mozilla/5.0 (compatible; Baiduspider/2.0; +http://www.baidu.com/search/spider.html)"
202.46.51.51 - - [02/Oct/2013:23:14:00 -0400] "GET / HTTP/1.1" 301 - "-" "Mozilla/4.0 (compatible; MSIE 7.0; Windows NT 6.0)"
119.63.193.196 - - [02/Oct/2013:23:15:14 -0400] "GET / HTTP/1.1" 301 - "-" "Mozilla/4.0 (compatible; MSIE 7.0; Windows NT 6.0)"
66.249.75.13 - - [02/Oct/2013:23:20:25 -0400] "GET /cooling/liebert-challenger-bu102c-aae1-5-ton-computer-room-air-condition/vmj_naru.tpl.html?pop=0 HTTP/1.1" 200 6689 "-" "Mozilla/5.0 (compatible; Googlebot/2.1; +http://www.google.com/bot.html)"
67.222.16.252 - - [02/Oct/2013:23:20:26 -0400] "POST /index.php HTTP/1.1" 404 - "-" "-"
5.10.83.97 - - [02/Oct/2013:23:41:13 -0400] "GET /power-management/apc-ap7864-metered-rack-pdu/vmj_naru.tpl.html HTTP/1.1" 200 9324 "-" "Mozilla/5.0 (compatible; AhrefsBot/5.0; +http://ahrefs.com/robot/)"
67.222.16.252 - - [02/Oct/2013:23:41:13 -0400] "POST /index.php HTTP/1.1" 404 - "-" "-"
208.115.113.87 - - [02/Oct/2013:23:43:18 -0400] "GET /index.php HTTP/1.1" 301 - "-" "Mozilla/5.0 (compatible; Ezooms/1.0; ezooms.bot@gmail.com)"
67.222.16.252 - - [02/Oct/2013:23:45:15 -0400] "POST /index.php HTTP/1.1" 404 - "-" "-"
5.10.83.51 - - [02/Oct/2013:23:45:14 -0400] "GET /power-management/apc-ap7998-switched-rack-pdu/vmj_naru.tpl.html?pop=0 HTTP/1.1" 200 12781 "-" "Mozilla/5.0 (compatible; AhrefsBot/5.0; +http://ahrefs.com/robot/)"
67.222.16.252 - - [03/Oct/2013:00:07:34 -0400] "POST /index.php HTTP/1.1" 404 - "-" "-"
199.21.99.121 - - [03/Oct/2013:00:07:27 -0400] "GET / HTTP/1.1" 200 6829 "-" "Mozilla/5.0 (compatible; YandexBot/3.0; +http://yandex.com/bots)"
67.222.16.252 - - [03/Oct/2013:00:08:24 -0400] "POST /index.php HTTP/1.1" 404 - "-" "-"
199.21.99.121 - - [03/Oct/2013:00:08:23 -0400] "GET / HTTP/1.1" 200 6845 "-" "Mozilla/5.0 (compatible; YandexBot/3.0; +http://yandex.com/bots)"
199.21.99.121 - - [03/Oct/2013:00:09:12 -0400] "GET /robots.txt HTTP/1.1" 200 304 "-" "Mozilla/5.0 (compatible; YandexBot/3.0; +http://yandex.com/bots)"
199.21.99.121 - - [03/Oct/2013:00:09:14 -0400] "GET / HTTP/1.1" 301 - "-" "Mozilla/5.0 (compatible; YandexBot/3.0; +http://yandex.com/bots)"
173.208.180.234 - - [03/Oct/2013:00:31:41 -0400] "GET /robots.txt HTTP/1.0" 200 304 "-" "Mozilla/5.0 (compatible; MJ12bot/v1.4.4; http://www.majestic12.co.uk/bot.php?+)"
173.208.180.234 - - [03/Oct/2013:00:31:43 -0400] "GET /index.php?page=shop.ask&flypage=vmj_naru.tpl&product_id=3&category_id=1&option=com_virtuemart&Itemid=1 HTTP/1.0" 200 4523 "-" "Mozilla/5.0 (compatible; MJ12bot/v1.4.4; http://www.majestic12.co.uk/bot.php?+)"
67.222.16.252 - - [03/Oct/2013:00:31:44 -0400] "POST /index.php HTTP/1.1" 404 - "-" "-"
67.222.16.252 - - [03/Oct/2013:00:33:21 -0400] "POST /index.php HTTP/1.1" 404 - "-" "-"
61.228.88.120 - - [03/Oct/2013:00:33:20 -0400] "GET http://www.google.com.tw HTTP/1.1" 404 17177 "-" "Mozilla/5.0 (compatible; MSIE 9.0; Windows NT 6.1; Trident/5.0)"
67.222.16.252 - - [03/Oct/2013:00:33:25 -0400] "POST /index.php HTTP/1.1" 404 - "-" "-"
61.228.88.120 - - [03/Oct/2013:00:33:25 -0400] "CONNECT mx2.mail2000.com.tw:25 HTTP/1.0" 404 17117 "-" "-"
220.181.108.167 - - [03/Oct/2013:01:02:27 -0400] "GET / HTTP/1.1" 301 - "-" "Mozilla/5.0 (compatible; Baiduspider/2.0; +http://www.baidu.com/search/spider.html)"
123.125.71.94 - - [03/Oct/2013:01:02:47 -0400] "GET / HTTP/1.1" 301 - "-" "Mozilla/5.0 (compatible; Baiduspider/2.0; +http://www.baidu.com/search/spider.html)"
202.46.60.15 - - [03/Oct/2013:01:18:38 -0400] "GET / HTTP/1.1" 301 - "-" "Mozilla/4.0 (compatible; MSIE 7.0; Windows NT 6.0)"
119.63.193.130 - - [03/Oct/2013:01:19:59 -0400] "GET / HTTP/1.1" 301 - "-" "Mozilla/4.0 (compatible; MSIE 7.0; Windows NT 6.0)"
173.208.165.90 - - [03/Oct/2013:01:42:40 -0400] "GET /robots.txt HTTP/1.0" 200 304 "-" "Mozilla/5.0 (compatible; MJ12bot/v1.4.4; http://www.majestic12.co.uk/bot.php?+)"
67.222.16.252 - - [03/Oct/2013:01:42:52 -0400] "POST /index.php HTTP/1.1" 404 - "-" "-"
173.208.165.90 - - [03/Oct/2013:01:42:43 -0400] "GET /color-printers/view-all-products.html HTTP/1.0" 200 3892 "-" "Mozilla/5.0 (compatible; MJ12bot/v1.4.4; http://www.majestic12.co.uk/bot.php?+)"
173.208.165.90 - - [03/Oct/2013:01:42:56 -0400] "GET /index.php?option=com_virtuemart&page=shop.feed&category_id= HTTP/1.0" 200 24060 "-" "Mozilla/5.0 (compatible; MJ12bot/v1.4.4; http://www.majestic12.co.uk/bot.php?+)"
173.208.165.90 - - [03/Oct/2013:01:43:09 -0400] "GET /index.php?option=com_virtuemart&page=shop.feed&category_id=1 HTTP/1.0" 200 9999 "-" "Mozilla/5.0 (compatible; MJ12bot/v1.4.4; http://www.majestic12.co.uk/bot.php?+)"
173.208.165.90 - - [03/Oct/2013:01:43:11 -0400] "GET /index.php?option=com_virtuemart&page=shop.feed&category_id=11 HTTP/1.0" 200 3152 "-" "Mozilla/5.0 (compatible; MJ12bot/v1.4.4; http://www.majestic12.co.uk/bot.php?+)"
173.208.165.90 - - [03/Oct/2013:01:43:23 -0400] "GET /index.php?option=com_virtuemart&page=shop.feed&category_id=12 HTTP/1.0" 200 7738 "-" "Mozilla/5.0 (compatible; MJ12bot/v1.4.4; http://www.majestic12.co.uk/bot.php?+)"
173.208.165.90 - - [03/Oct/2013:01:43:25 -0400] "GET /index.php?option=com_virtuemart&page=shop.feed&category_id=14 HTTP/1.0" 200 3165 "-" "Mozilla/5.0 (compatible; MJ12bot/v1.4.4; http://www.majestic12.co.uk/bot.php?+)"
173.208.165.90 - - [03/Oct/2013:01:43:27 -0400] "GET /index.php?option=com_virtuemart&page=shop.feed&category_id=15 HTTP/1.0" 200 1661 "-" "Mozilla/5.0 (compatible; MJ12bot/v1.4.4; http://www.majestic12.co.uk/bot.php?+)"
173.208.165.90 - - [03/Oct/2013:01:43:30 -0400] "GET /index.php?option=com_virtuemart&page=shop.feed&category_id=2 HTTP/1.0" 200 3169 "-" "Mozilla/5.0 (compatible; MJ12bot/v1.4.4; http://www.majestic12.co.uk/bot.php?+)"
173.208.165.90 - - [03/Oct/2013:01:43:41 -0400] "GET /index.php?page=shop.ask&flypage=vmj_naru.tpl&product_id=10&category_id=15&option=com_virtuemart&Itemid=1 HTTP/1.0" 200 4406 "-" "Mozilla/5.0 (compatible; MJ12bot/v1.4.4; http://www.majestic12.co.uk/bot.php?+)"
67.222.16.252 - - [03/Oct/2013:01:43:43 -0400] "POST /index.php HTTP/1.1" 404 - "-" "-"
173.208.165.90 - - [03/Oct/2013:01:43:45 -0400] "GET /ink-jet-printers/view-all-products.html HTTP/1.0" 200 3894 "-" "Mozilla/5.0 (compatible; MJ12bot/v1.4.4; http://www.majestic12.co.uk/bot.php?+)"
67.222.16.252 - - [03/Oct/2013:01:43:46 -0400] "POST /index.php HTTP/1.1" 404 - "-" "-"
67.222.16.252 - - [03/Oct/2013:01:43:50 -0400] "POST /index.php HTTP/1.1" 404 - "-" "-"
173.208.165.90 - - [03/Oct/2013:01:43:49 -0400] "GET /laser-printers/view-all-products.html HTTP/1.0" 200 3939 "-" "Mozilla/5.0 (compatible; MJ12bot/v1.4.4; http://www.majestic12.co.uk/bot.php?+)"
173.208.165.90 - - [03/Oct/2013:01:43:52 -0400] "GET /multifunction-devices/view-all-products.html HTTP/1.0" 200 3884 "-" "Mozilla/5.0 (compatible; MJ12bot/v1.4.4; http://www.majestic12.co.uk/bot.php?+)"
67.222.16.252 - - [03/Oct/2013:01:43:52 -0400] "POST /index.php HTTP/1.1" 404 - "-" "-"
173.208.165.90 - - [03/Oct/2013:01:43:54 -0400] "GET /networking/3com-3c16857-switch-7700-64gbps-fabric-modulethe-switch-fabric/vmj_naru.tpl.html HTTP/1.0" 200 7780 "-" "Mozilla/5.0 (compatible; MJ12bot/v1.4.4; http://www.majestic12.co.uk/bot.php?+)"
67.222.16.252 - - [03/Oct/2013:01:43:56 -0400] "POST /index.php HTTP/1.1" 404 - "-" "-"
173.208.165.90 - - [03/Oct/2013:01:44:01 -0400] "GET /networking/3com-3c16857-switch-7700-64gbps-fabric-modulethe-switch-fabric/vmj_naru.tpl.html?pop=0 HTTP/1.0" 200 7790 "-" "Mozilla/5.0 (compatible; MJ12bot/v1.4.4; http://www.majestic12.co.uk/bot.php?+)"
67.222.16.252 - - [03/Oct/2013:01:44:01 -0400] "POST /index.php HTTP/1.1" 404 - "-" "-"
173.208.165.90 - - [03/Oct/2013:01:44:30 -0400] "GET /other/view-all-products.html HTTP/1.0" 200 3881 "-" "Mozilla/5.0 (compatible; MJ12bot/v1.4.4; http://www.majestic12.co.uk/bot.php?+)"
67.222.16.252 - - [03/Oct/2013:01:44:30 -0400] "POST /index.php HTTP/1.1" 404 - "-" "-"
67.222.16.252 - - [03/Oct/2013:01:44:32 -0400] "POST /index.php HTTP/1.1" 404 - "-" "-"
173.208.165.90 - - [03/Oct/2013:01:44:32 -0400] "GET /parameters-search.html HTTP/1.0" 200 3930 "-" "Mozilla/5.0 (compatible; MJ12bot/v1.4.4; http://www.majestic12.co.uk/bot.php?+)"
67.222.16.252 - - [03/Oct/2013:01:44:36 -0400] "POST /index.php HTTP/1.1" 404 - "-" "-"
173.208.165.90 - - [03/Oct/2013:01:44:36 -0400] "GET /power-management/apc-ap7830-metered-rack-pdu/vmj_naru.tpl.html?pop=0 HTTP/1.0" 200 12575 "-" "Mozilla/5.0 (compatible; MJ12bot/v1.4.4; http://www.majestic12.co.uk/bot.php?+)"
67.222.16.252 - - [03/Oct/2013:01:44:39 -0400] "POST /index.php HTTP/1.1" 404 - "-" "-"
173.208.165.90 - - [03/Oct/2013:01:44:38 -0400] "GET /power-management/apc-ap7862-metered-rack-pdu/vmj_naru.tpl.html HTTP/1.0" 200 13111 "-" "Mozilla/5.0 (compatible; MJ12bot/v1.4.4; http://www.majestic12.co.uk/bot.php?+)"
173.208.165.90 - - [03/Oct/2013:01:44:43 -0400] "GET /power-management/avocent-spc1600-switched-pdu/vmj_naru.tpl.html HTTP/1.0" 200 10149 "-" "Mozilla/5.0 (compatible; MJ12bot/v1.4.4; http://www.majestic12.co.uk/bot.php?+)"
67.222.16.252 - - [03/Oct/2013:01:44:43 -0400] "POST /index.php HTTP/1.1" 404 - "-" "-"
173.208.165.90 - - [03/Oct/2013:01:44:46 -0400] "GET /power-management/new-in-box-apc-smart-ups-750va-usb-serial-ups-sua750us/vmj_naru.tpl.html HTTP/1.0" 200 8560 "-" "Mozilla/5.0 (compatible; MJ12bot/v1.4.4; http://www.majestic12.co.uk/bot.php?+)"
67.222.16.252 - - [03/Oct/2013:01:44:46 -0400] "POST /index.php HTTP/1.1" 404 - "-" "-"
67.222.16.252 - - [03/Oct/2013:01:55:57 -0400] "POST /index.php HTTP/1.1" 404 - "-" "-"
54.208.161.227 - - [03/Oct/2013:01:55:55 -0400] "HEAD / HTTP/1.0" 404 - "-" "-"
220.181.108.146 - - [03/Oct/2013:02:01:41 -0400] "GET / HTTP/1.1" 301 - "-" "Mozilla/5.0 (compatible; Baiduspider/2.0; +http://www.baidu.com/search/spider.html)"
123.125.71.70 - - [03/Oct/2013:02:03:17 -0400] "GET / HTTP/1.1" 301 - "-" "Mozilla/5.0 (compatible; Baiduspider/2.0; +http://www.baidu.com/search/spider.html)"
65.36.241.79 - - [03/Oct/2013:02:11:46 -0400] "HEAD / HTTP/1.1" 301 - "-" "InternetSeer.com"
157.55.33.25 - - [03/Oct/2013:02:40:02 -0400] "GET /robots.txt HTTP/1.1" 200 304 "-" "Mozilla/5.0 (compatible; bingbot/2.0; +http://www.bing.com/bingbot.htm)"
67.222.16.252 - - [03/Oct/2013:02:40:44 -0400] "POST /index.php HTTP/1.1" 404 - "-" "-"
157.55.33.25 - - [03/Oct/2013:02:40:40 -0400] "GET / HTTP/1.1" 200 6814 "-" "Mozilla/5.0 (compatible; bingbot/2.0; +http://www.bing.com/bingbot.htm)"
67.222.16.252 - - [03/Oct/2013:03:02:07 -0400] "POST /index.php HTTP/1.1" 404 - "-" "-"
220.181.108.156 - - [03/Oct/2013:03:02:03 -0400] "GET / HTTP/1.1" 200 40279 "-" "Mozilla/5.0 (compatible; Baiduspider/2.0; +http://www.baidu.com/search/spider.html)"
67.222.16.252 - - [03/Oct/2013:03:03:52 -0400] "POST /index.php HTTP/1.1" 404 - "-" "-"
123.125.71.73 - - [03/Oct/2013:03:03:52 -0400] "GET / HTTP/1.1" 200 40279 "-" "Mozilla/5.0 (compatible; Baiduspider/2.0; +http://www.baidu.com/search/spider.html)"
202.46.55.36 - - [03/Oct/2013:03:17:12 -0400] "GET / HTTP/1.1" 301 - "-" "Mozilla/4.0 (compatible; MSIE 7.0; Windows NT 6.0)"
67.222.16.252 - - [03/Oct/2013:03:17:30 -0400] "POST /index.php HTTP/1.1" 404 - "-" "-"
5.10.83.79 - - [03/Oct/2013:03:17:25 -0400] "GET /uninterruptible-power-supplies-ups/view-all-products.html HTTP/1.1" 200 6785 "-" "Mozilla/5.0 (compatible; AhrefsBot/5.0; +http://ahrefs.com/robot/)"
119.63.193.131 - - [03/Oct/2013:03:18:34 -0400] "GET / HTTP/1.1" 301 - "-" "Mozilla/4.0 (compatible; MSIE 7.0; Windows NT 6.0)"
67.222.16.252 - - [03/Oct/2013:03:22:01 -0400] "POST /index.php HTTP/1.1" 404 - "-" "-"
5.10.83.53 - - [03/Oct/2013:03:22:01 -0400] "GET /color-printers/view-all-products.html HTTP/1.1" 200 3891 "-" "Mozilla/5.0 (compatible; AhrefsBot/5.0; +http://ahrefs.com/robot/)"
67.222.16.252 - - [03/Oct/2013:03:39:03 -0400] "POST /index.php HTTP/1.1" 404 - "-" "-"
5.10.83.102 - - [03/Oct/2013:03:39:00 -0400] "GET /about-power-liquidators.html HTTP/1.1" 200 5960 "-" "Mozilla/5.0 (compatible; AhrefsBot/5.0; +http://ahrefs.com/robot/)"
123.125.71.71 - - [03/Oct/2013:04:01:10 -0400] "GET / HTTP/1.1" 200 40279 "-" "Mozilla/5.0 (compatible; Baiduspider/2.0; +http://www.baidu.com/search/spider.html)"
67.222.16.252 - - [03/Oct/2013:04:01:15 -0400] "POST /index.php HTTP/1.1" 404 - "-" "-"
220.181.108.163 - - [03/Oct/2013:04:01:16 -0400] "GET / HTTP/1.1" 200 40279 "-" "Mozilla/5.0 (compatible; Baiduspider/2.0; +http://www.baidu.com/search/spider.html)"
67.222.16.252 - - [03/Oct/2013:04:01:17 -0400] "POST /index.php HTTP/1.1" 404 - "-" "-"
109.171.137.211 - - [03/Oct/2013:04:14:20 -0400] "GET /cooling/liebert-challenger-bu102c-aae1-5-ton-computer-room-air-condition/vmj_naru.tpl.html?pop=0 HTTP/1.1" 200 6712 "http://www.google.com.sa/url?sa=t&rct=j&q=&esrc=s&source=web&cd=3&ved=0CDcQFjAC&url=http%3A%2F%2Fwww.powerliquidators.com%2Fcooling%2Fliebert-challenger-bu102c-aae1-5-ton-computer-room-air-condition%2Fvmj_naru.tpl.html%3Fpop%3D0&ei=HyZNUszIJsbN0wXPpoHQCg&usg=AFQjCNHCHeXYMJUEa_levAHZkGPvMvLAJw" "Mozilla/5.0 (Macintosh; Intel Mac OS X 10.6; rv:17.0) Gecko/20100101 Firefox/17.0"
67.222.16.252 - - [03/Oct/2013:04:14:22 -0400] "POST /index.php HTTP/1.1" 404 - "-" "-"
109.171.137.211 - - [03/Oct/2013:04:14:22 -0400] "GET /components/com_virtuemart/themes/vmj_naru/vmj_tabcontent.js HTTP/1.1" 200 8866 "http://www.powerliquidators.com/cooling/liebert-challenger-bu102c-aae1-5-ton-computer-room-air-condition/vmj_naru.tpl.html?pop=0" "Mozilla/5.0 (Macintosh; Intel Mac OS X 10.6; rv:17.0) Gecko/20100101 Firefox/17.0"
109.171.137.211 - - [03/Oct/2013:04:14:22 -0400] "GET /templates/hot_relief/css/template_css.css HTTP/1.1" 200 8556 "http://www.powerliquidators.com/cooling/liebert-challenger-bu102c-aae1-5-ton-computer-room-air-condition/vmj_naru.tpl.html?pop=0" "Mozilla/5.0 (Macintosh; Intel Mac OS X 10.6; rv:17.0) Gecko/20100101 Firefox/17.0"
109.171.137.211 - - [03/Oct/2013:04:14:22 -0400] "GET /modules/mod_redmysticcore/css/style.css HTTP/1.1" 200 1535 "http://www.powerliquidators.com/cooling/liebert-challenger-bu102c-aae1-5-ton-computer-room-air-condition/vmj_naru.tpl.html?pop=0" "Mozilla/5.0 (Macintosh; Intel Mac OS X 10.6; rv:17.0) Gecko/20100101 Firefox/17.0"
109.171.137.211 - - [03/Oct/2013:04:14:22 -0400] "GET /components/com_virtuemart/fetchscript.php?gzip=1&subdir[0]=/themes/vmj_naru&file[0]=theme.css&subdir[1]=/js/mootools&file[1]=mooPrompt.css&subdir[2]=/js/slimbox/css&file[2]=slimbox.css HTTP/1.1" 200 5339 "http://www.powerliquidators.com/cooling/liebert-challenger-bu102c-aae1-5-ton-computer-room-air-condition/vmj_naru.tpl.html?pop=0" "Mozilla/5.0 (Macintosh; Intel Mac OS X 10.6; rv:17.0) Gecko/20100101 Firefox/17.0"
109.171.137.211 - - [03/Oct/2013:04:14:23 -0400] "GET /templates/hot_relief/css/layout.css HTTP/1.1" 200 2211 "http://www.powerliquidators.com/cooling/liebert-challenger-bu102c-aae1-5-ton-computer-room-air-condition/vmj_naru.tpl.html?pop=0" "Mozilla/5.0 (Macintosh; Intel Mac OS X 10.6; rv:17.0) Gecko/20100101 Firefox/17.0"
109.171.137.211 - - [03/Oct/2013:04:14:23 -0400] "GET /templates/hot_relief/images/emailButton.png HTTP/1.1" 200 405 "http://www.powerliquidators.com/cooling/liebert-challenger-bu102c-aae1-5-ton-computer-room-air-condition/vmj_naru.tpl.html?pop=0" "Mozilla/5.0 (Macintosh; Intel Mac OS X 10.6; rv:17.0) Gecko/20100101 Firefox/17.0"
109.171.137.211 - - [03/Oct/2013:04:14:23 -0400] "GET /templates/hot_relief/images/logo.png HTTP/1.1" 200 21289 "http://www.powerliquidators.com/cooling/liebert-challenger-bu102c-aae1-5-ton-computer-room-air-condition/vmj_naru.tpl.html?pop=0" "Mozilla/5.0 (Macintosh; Intel Mac OS X 10.6; rv:17.0) Gecko/20100101 Firefox/17.0"
109.171.137.211 - - [03/Oct/2013:04:14:23 -0400] "GET /components/com_virtuemart/shop_image/product/resized/Liebert_Challeng_4f790aeb02c3b_90x90.jpg HTTP/1.1" 200 6240 "http://www.powerliquidators.com/cooling/liebert-challenger-bu102c-aae1-5-ton-computer-room-air-condition/vmj_naru.tpl.html?pop=0" "Mozilla/5.0 (Macintosh; Intel Mac OS X 10.6; rv:17.0) Gecko/20100101 Firefox/17.0"
109.171.137.211 - - [03/Oct/2013:04:14:23 -0400] "GET /components/com_virtuemart/themes/vmj_naru/images/zoom_icon.png HTTP/1.1" 200 259 "http://www.powerliquidators.com/cooling/liebert-challenger-bu102c-aae1-5-ton-computer-room-air-condition/vmj_naru.tpl.html?pop=0" "Mozilla/5.0 (Macintosh; Intel Mac OS X 10.6; rv:17.0) Gecko/20100101 Firefox/17.0"
109.171.137.211 - - [03/Oct/2013:04:14:23 -0400] "GET /components/com_virtuemart/themes/vmj_naru/images/stars/0.png HTTP/1.1" 200 1621 "http://www.powerliquidators.com/cooling/liebert-challenger-bu102c-aae1-5-ton-computer-room-air-condition/vmj_naru.tpl.html?pop=0" "Mozilla/5.0 (Macintosh; Intel Mac OS X 10.6; rv:17.0) Gecko/20100101 Firefox/17.0"
109.171.137.211 - - [03/Oct/2013:04:14:22 -0400] "GET /components/com_virtuemart/fetchscript.php?gzip=1&subdir[0]=/themes/vmj_naru&file[0]=theme.js&subdir[1]=/js&file[1]=sleight.js&subdir[2]=/js/mootools&file[2]=mootools-release-1.11.js&subdir[3]=/js/mootools&file[3]=mooPrompt.js&subdir[4]=/js/slimbox/js&file[4]=slimbox.js HTTP/1.1" 200 25595 "http://www.powerliquidators.com/cooling/liebert-challenger-bu102c-aae1-5-ton-computer-room-air-condition/vmj_naru.tpl.html?pop=0" "Mozilla/5.0 (Macintosh; Intel Mac OS X 10.6; rv:17.0) Gecko/20100101 Firefox/17.0"
109.171.137.211 - - [03/Oct/2013:04:14:24 -0400] "GET /templates/hot_relief/images/favicon.ico HTTP/1.1" 200 1150 "-" "Mozilla/5.0 (Macintosh; Intel Mac OS X 10.6; rv:17.0) Gecko/20100101 Firefox/17.0"
109.171.137.211 - - [03/Oct/2013:04:14:23 -0400] "GET /templates/hot_relief/js/jquery.min.js HTTP/1.1" 200 84362 "http://www.powerliquidators.com/cooling/liebert-challenger-bu102c-aae1-5-ton-computer-room-air-condition/vmj_naru.tpl.html?pop=0" "Mozilla/5.0 (Macintosh; Intel Mac OS X 10.6; rv:17.0) Gecko/20100101 Firefox/17.0"
109.171.137.211 - - [03/Oct/2013:04:14:24 -0400] "GET /templates/hot_relief/images/bg_gradient.png HTTP/1.1" 200 258 "http://www.powerliquidators.com/templates/hot_relief/css/layout.css" "Mozilla/5.0 (Macintosh; Intel Mac OS X 10.6; rv:17.0) Gecko/20100101 Firefox/17.0"
109.171.137.211 - - [03/Oct/2013:04:14:24 -0400] "GET /components/com_virtuemart/themes/vmj_naru/images/top_bar_browse_l.png HTTP/1.1" 200 450 "http://www.powerliquidators.com/components/com_virtuemart/fetchscript.php?gzip=1&subdir[0]=/themes/vmj_naru&file[0]=theme.css&subdir[1]=/js/mootools&file[1]=mooPrompt.css&subdir[2]=/js/slimbox/css&file[2]=slimbox.css" "Mozilla/5.0 (Macintosh; Intel Mac OS X 10.6; rv:17.0) Gecko/20100101 Firefox/17.0"
109.171.137.211 - - [03/Oct/2013:04:14:24 -0400] "GET /components/com_virtuemart/themes/vmj_naru/images/next_16x16.png HTTP/1.1" 200 447 "http://www.powerliquidators.com/components/com_virtuemart/fetchscript.php?gzip=1&subdir[0]=/themes/vmj_naru&file[0]=theme.css&subdir[1]=/js/mootools&file[1]=mooPrompt.css&subdir[2]=/js/slimbox/css&file[2]=slimbox.css" "Mozilla/5.0 (Macintosh; Intel Mac OS X 10.6; rv:17.0) Gecko/20100101 Firefox/17.0"
109.171.137.211 - - [03/Oct/2013:04:14:24 -0400] "GET /components/com_virtuemart/themes/vmj_naru/images/previous_16x16.png HTTP/1.1" 200 455 "http://www.powerliquidators.com/components/com_virtuemart/fetchscript.php?gzip=1&subdir[0]=/themes/vmj_naru&file[0]=theme.css&subdir[1]=/js/mootools&file[1]=mooPrompt.css&subdir[2]=/js/slimbox/css&file[2]=slimbox.css" "Mozilla/5.0 (Macintosh; Intel Mac OS X 10.6; rv:17.0) Gecko/20100101 Firefox/17.0"
109.171.137.211 - - [03/Oct/2013:04:14:24 -0400] "GET /templates/hot_relief/images/arrow.gif HTTP/1.1" 200 823 "http://www.powerliquidators.com/templates/hot_relief/css/template_css.css" "Mozilla/5.0 (Macintosh; Intel Mac OS X 10.6; rv:17.0) Gecko/20100101 Firefox/17.0"
109.171.137.211 - - [03/Oct/2013:04:14:24 -0400] "GET /templates/hot_relief/images/shadow.png HTTP/1.1" 200 125 "http://www.powerliquidators.com/templates/hot_relief/css/layout.css" "Mozilla/5.0 (Macintosh; Intel Mac OS X 10.6; rv:17.0) Gecko/20100101 Firefox/17.0"
109.171.137.211 - - [03/Oct/2013:04:14:25 -0400] "GET /components/com_virtuemart/themes/vmj_naru/images/top_bar_browse.png HTTP/1.1" 200 1680 "http://www.powerliquidators.com/components/com_virtuemart/fetchscript.php?gzip=1&subdir[0]=/themes/vmj_naru&file[0]=theme.css&subdir[1]=/js/mootools&file[1]=mooPrompt.css&subdir[2]=/js/slimbox/css&file[2]=slimbox.css" "Mozilla/5.0 (Macintosh; Intel Mac OS X 10.6; rv:17.0) Gecko/20100101 Firefox/17.0"
109.171.137.211 - - [03/Oct/2013:04:14:25 -0400] "GET /components/com_virtuemart/themes/vmj_naru/images/up_small.gif HTTP/1.1" 200 46 "http://www.powerliquidators.com/components/com_virtuemart/fetchscript.php?gzip=1&subdir[0]=/themes/vmj_naru&file[0]=theme.css&subdir[1]=/js/mootools&file[1]=mooPrompt.css&subdir[2]=/js/slimbox/css&file[2]=slimbox.css" "Mozilla/5.0 (Macintosh; Intel Mac OS X 10.6; rv:17.0) Gecko/20100101 Firefox/17.0"
109.171.137.211 - - [03/Oct/2013:04:14:25 -0400] "GET /components/com_virtuemart/themes/vmj_naru/images/vmjtab-left.png HTTP/1.1" 200 1277 "http://www.powerliquidators.com/components/com_virtuemart/fetchscript.php?gzip=1&subdir[0]=/themes/vmj_naru&file[0]=theme.css&subdir[1]=/js/mootools&file[1]=mooPrompt.css&subdir[2]=/js/slimbox/css&file[2]=slimbox.css" "Mozilla/5.0 (Macintosh; Intel Mac OS X 10.6; rv:17.0) Gecko/20100101 Firefox/17.0"
109.171.137.211 - - [03/Oct/2013:04:14:25 -0400] "GET /components/com_virtuemart/themes/vmj_naru/images/vmjtab.png HTTP/1.1" 200 3066 "http://www.powerliquidators.com/components/com_virtuemart/fetchscript.php?gzip=1&subdir[0]=/themes/vmj_naru&file[0]=theme.css&subdir[1]=/js/mootools&file[1]=mooPrompt.css&subdir[2]=/js/slimbox/css&file[2]=slimbox.css" "Mozilla/5.0 (Macintosh; Intel Mac OS X 10.6; rv:17.0) Gecko/20100101 Firefox/17.0"
109.171.137.211 - - [03/Oct/2013:04:14:25 -0400] "GET /components/com_virtuemart/themes/vmj_naru/images/add_to_cart_product_page.png HTTP/1.1" 200 3482 "http://www.powerliquidators.com/components/com_virtuemart/fetchscript.php?gzip=1&subdir[0]=/themes/vmj_naru&file[0]=theme.css&subdir[1]=/js/mootools&file[1]=mooPrompt.css&subdir[2]=/js/slimbox/css&file[2]=slimbox.css" "Mozilla/5.0 (Macintosh; Intel Mac OS X 10.6; rv:17.0) Gecko/20100101 Firefox/17.0"
109.171.137.211 - - [03/Oct/2013:04:14:25 -0400] "GET /components/com_virtuemart/themes/vmj_naru/images/down_small.gif HTTP/1.1" 200 46 "http://www.powerliquidators.com/components/com_virtuemart/fetchscript.php?gzip=1&subdir[0]=/themes/vmj_naru&file[0]=theme.css&subdir[1]=/js/mootools&file[1]=mooPrompt.css&subdir[2]=/js/slimbox/css&file[2]=slimbox.css" "Mozilla/5.0 (Macintosh; Intel Mac OS X 10.6; rv:17.0) Gecko/20100101 Firefox/17.0"
67.222.16.252 - - [03/Oct/2013:04:25:00 -0400] "POST /index.php HTTP/1.1" 404 - "-" "-"
5.10.83.28 - - [03/Oct/2013:04:24:58 -0400] "GET /networking/view-all-products.html HTTP/1.1" 200 6725 "-" "Mozilla/5.0 (compatible; AhrefsBot/5.0; +http://ahrefs.com/robot/)"
46.188.46.192 - - [03/Oct/2013:04:45:00 -0400] "GET /x.txt HTTP/1.1" 404 - "-" "Mozilla/4.0 (compatible; MSIE 6.0; Windows NT 5.1; SV1; .NET CLR 2.0.50727)"
89.178.94.46 - - [03/Oct/2013:04:45:01 -0400] "GET /x.txt HTTP/1.1" 404 - "-" "Mozilla/4.0 (compatible; MSIE 6.0; Windows NT 5.1; SV1; .NET CLR 2.0.50727)"
46.188.5.220 - - [03/Oct/2013:04:45:01 -0400] "GET /x.txt HTTP/1.1" 404 - "-" "Mozilla/4.0 (compatible; MSIE 6.0; Windows NT 5.1; SV1; .NET CLR 2.0.50727)"
91.79.51.51 - - [03/Oct/2013:04:45:02 -0400] "GET /x.txt HTTP/1.1" 404 - "-" "Mozilla/4.0 (compatible; MSIE 6.0; Windows NT 5.1; SV1; .NET CLR 2.0.50727)"
46.188.47.240 - - [03/Oct/2013:04:45:02 -0400] "GET /x.txt HTTP/1.1" 404 - "-" "Mozilla/4.0 (compatible; MSIE 6.0; Windows NT 5.1; SV1; .NET CLR 2.0.50727)"
67.222.16.252 - - [03/Oct/2013:04:57:28 -0400] "POST /index.php HTTP/1.1" 404 - "-" "-"
67.222.16.252 - - [03/Oct/2013:04:57:28 -0400] "POST /index.php HTTP/1.1" 404 - "-" "-"
123.125.71.84 - - [03/Oct/2013:04:57:26 -0400] "GET / HTTP/1.1" 200 40279 "-" "Mozilla/5.0 (compatible; Baiduspider/2.0; +http://www.baidu.com/search/spider.html)"
220.181.108.79 - - [03/Oct/2013:04:57:26 -0400] "GET / HTTP/1.1" 200 40279 "-" "Mozilla/5.0 (compatible; Baiduspider/2.0; +http://www.baidu.com/search/spider.html)"
202.46.62.24 - - [03/Oct/2013:05:16:52 -0400] "GET / HTTP/1.1" 301 - "-" "Mozilla/4.0 (compatible; MSIE 7.0; Windows NT 6.0)"
119.63.193.130 - - [03/Oct/2013:05:18:15 -0400] "GET / HTTP/1.1" 301 - "-" "Mozilla/4.0 (compatible; MSIE 7.0; Windows NT 6.0)"
67.222.16.252 - - [03/Oct/2013:05:47:57 -0400] "POST /index.php HTTP/1.1" 404 - "-" "-"
180.76.6.17 - - [03/Oct/2013:05:47:51 -0400] "GET /toppan/view-all-products.html HTTP/1.1" 200 3732 "-" "Mozilla/5.0 (compatible; Baiduspider/2.0; +http://www.baidu.com/search/spider.html)"
157.55.33.25 - - [03/Oct/2013:06:00:33 -0400] "GET /robots.txt HTTP/1.1" 200 304 "-" "Mozilla/5.0 (compatible; bingbot/2.0; +http://www.bing.com/bingbot.htm)"
157.55.33.25 - - [03/Oct/2013:06:01:40 -0400] "GET / HTTP/1.1" 301 - "-" "Mozilla/5.0 (compatible; bingbot/2.0; +http://www.bing.com/bingbot.htm)"
123.125.71.75 - - [03/Oct/2013:06:02:10 -0400] "GET / HTTP/1.1" 301 - "-" "Mozilla/5.0 (compatible; Baiduspider/2.0; +http://www.baidu.com/search/spider.html)"
220.181.108.187 - - [03/Oct/2013:06:05:09 -0400] "GET / HTTP/1.1" 301 - "-" "Mozilla/5.0 (compatible; Baiduspider/2.0; +http://www.baidu.com/search/spider.html)"
67.222.16.252 - - [03/Oct/2013:06:14:39 -0400] "POST /index.php HTTP/1.1" 404 - "-" "-"
5.10.83.51 - - [03/Oct/2013:06:14:22 -0400] "GET /power-management/hp/compaq-3000-xr-3000va-rack-mountable-ups/vmj_naru.tpl.html?pop=0 HTTP/1.1" 200 7716 "-" "Mozilla/5.0 (compatible; AhrefsBot/5.0; +http://ahrefs.com/robot/)"
67.222.16.252 - - [03/Oct/2013:06:25:17 -0400] "POST /index.php HTTP/1.1" 404 - "-" "-"
5.10.83.43 - - [03/Oct/2013:06:25:17 -0400] "GET /color-laser-printers/view-all-products.html HTTP/1.1" 200 3861 "-" "Mozilla/5.0 (compatible; AhrefsBot/5.0; +http://ahrefs.com/robot/)"
67.222.16.252 - - [03/Oct/2013:06:28:59 -0400] "POST /index.php HTTP/1.1" 404 - "-" "-"
5.10.83.86 - - [03/Oct/2013:06:28:58 -0400] "GET /power-management/apc-ap7998-switched-rack-pdu/vmj_naru.tpl.html HTTP/1.1" 200 12771 "-" "Mozilla/5.0 (compatible; AhrefsBot/5.0; +http://ahrefs.com/robot/)"
180.241.10.103 - - [03/Oct/2013:06:34:23 -0400] "GET //administrator/components/com_redmystic/chart/tmp-upload-images/jatimcom.php?komxzer HTTP/1.1" 404 - "-" "Mozilla/5.0 (Windows NT 5.1) AppleWebKit/537.36 (KHTML, like Gecko) Chrome/28.0.1500.95 Safari/537.36"
180.241.10.103 - - [03/Oct/2013:06:34:23 -0400] "GET /favicon.ico HTTP/1.1" 404 - "-" "Mozilla/5.0 (Windows NT 5.1) AppleWebKit/537.36 (KHTML, like Gecko) Chrome/28.0.1500.95 Safari/537.36"
67.222.16.252 - - [03/Oct/2013:07:04:43 -0400] "POST /index.php HTTP/1.1" 404 - "-" "-"
123.125.71.112 - - [03/Oct/2013:07:04:40 -0400] "GET /power-management/apc-ap7862-metered-rack-pdu-208v-ac-42-x-nema-l5-20r-5.7kw/vmj_naru.tpl.html HTTP/1.1" 200 12681 "-" "Mozilla/5.0 (compatible; Baiduspider/2.0; +http://www.baidu.com/search/spider.html)"
67.222.16.252 - - [03/Oct/2013:07:06:26 -0400] "POST /index.php HTTP/1.1" 404 - "-" "-"
123.125.71.79 - - [03/Oct/2013:07:06:25 -0400] "GET / HTTP/1.1" 200 40299 "-" "Mozilla/5.0 (compatible; Baiduspider/2.0; +http://www.baidu.com/search/spider.html)"
67.222.16.252 - - [03/Oct/2013:07:06:34 -0400] "POST /index.php HTTP/1.1" 404 - "-" "-"
220.181.108.148 - - [03/Oct/2013:07:06:34 -0400] "GET / HTTP/1.1" 200 40298 "-" "Mozilla/5.0 (compatible; Baiduspider/2.0; +http://www.baidu.com/search/spider.html)"
67.222.16.252 - - [03/Oct/2013:07:35:12 -0400] "POST /index.php HTTP/1.1" 404 - "-" "-"
213.132.75.90 - - [03/Oct/2013:07:35:10 -0400] "GET /admin/config.php HTTP/1.0" 404 15171 "-" "Python-urllib/1.17"
67.222.16.252 - - [03/Oct/2013:07:57:51 -0400] "POST /index.php HTTP/1.1" 404 - "-" "-"
220.181.108.186 - - [03/Oct/2013:07:57:50 -0400] "GET / HTTP/1.1" 200 40278 "-" "Mozilla/5.0 (compatible; Baiduspider/2.0; +http://www.baidu.com/search/spider.html)"
5.10.83.98 - - [03/Oct/2013:08:00:07 -0400] "GET /robots.txt HTTP/1.1" 200 304 "-" "Mozilla/5.0 (compatible; AhrefsBot/5.0; +http://ahrefs.com/robot/)"
67.222.16.252 - - [03/Oct/2013:08:02:53 -0400] "POST /index.php HTTP/1.1" 404 - "-" "-"
123.125.71.116 - - [03/Oct/2013:08:02:53 -0400] "GET / HTTP/1.1" 200 40278 "-" "Mozilla/5.0 (compatible; Baiduspider/2.0; +http://www.baidu.com/search/spider.html)"
66.249.74.64 - - [03/Oct/2013:08:18:42 -0400] "GET /robots.txt HTTP/1.1" 200 304 "-" "Mozilla/5.0 (compatible; Googlebot/2.1; +http://www.google.com/bot.html)"
67.222.16.252 - - [03/Oct/2013:08:18:43 -0400] "POST /index.php HTTP/1.1" 404 - "-" "-"
66.249.74.64 - - [03/Oct/2013:08:18:42 -0400] "GET /view-all-products-in-shop.html HTTP/1.1" 200 10445 "-" "Mozilla/5.0 (iPhone; U; CPU iPhone OS 4_1 like Mac OS X; en-us) AppleWebKit/532.9 (KHTML, like Gecko) Version/4.0.5 Mobile/8B117 Safari/6531.22.7 (compatible; Googlebot-Mobile/2.1; +http://www.google.com/bot.html)"
67.222.16.252 - - [03/Oct/2013:08:44:15 -0400] "POST /index.php HTTP/1.1" 404 - "-" "-"
202.46.54.44 - - [03/Oct/2013:08:44:14 -0400] "GET / HTTP/1.1" 200 40279 "-" "Mozilla/4.0 (compatible; MSIE 7.0; Windows NT 6.0)"
67.222.16.252 - - [03/Oct/2013:08:44:28 -0400] "POST /index.php HTTP/1.1" 404 - "-" "-"
119.63.193.132 - - [03/Oct/2013:08:44:28 -0400] "GET / HTTP/1.1" 200 40278 "-" "Mozilla/4.0 (compatible; MSIE 7.0; Windows NT 6.0)"
208.115.111.71 - - [03/Oct/2013:08:52:09 -0400] "GET /robots.txt HTTP/1.1" 200 304 "-" "Mozilla/5.0 (compatible; Ezooms/1.0; ezooms.bot@gmail.com)"
65.36.241.79 - - [03/Oct/2013:08:59:23 -0400] "HEAD / HTTP/1.1" 301 - "-" "InternetSeer.com"
67.222.16.252 - - [03/Oct/2013:09:01:49 -0400] "POST /index.php HTTP/1.1" 404 - "-" "-"
220.181.108.153 - - [03/Oct/2013:09:01:48 -0400] "GET / HTTP/1.1" 200 40278 "-" "Mozilla/5.0 (compatible; Baiduspider/2.0; +http://www.baidu.com/search/spider.html)"
67.222.16.252 - - [03/Oct/2013:09:02:23 -0400] "POST /index.php HTTP/1.1" 404 - "-" "-"
123.125.71.80 - - [03/Oct/2013:09:02:22 -0400] "GET / HTTP/1.1" 200 40278 "-" "Mozilla/5.0 (compatible; Baiduspider/2.0; +http://www.baidu.com/search/spider.html)"
95.211.216.72 - - [03/Oct/2013:09:13:45 -0400] "GET / HTTP/1.1" 301 - "-" "Mozilla/5.0"
67.222.16.252 - - [03/Oct/2013:09:13:52 -0400] "POST /index.php HTTP/1.1" 404 - "-" "-"
95.211.216.72 - - [03/Oct/2013:09:13:52 -0400] "GET / HTTP/1.1" 200 40278 "-" "Mozilla/5.0"
5.10.83.79 - - [03/Oct/2013:09:17:00 -0400] "GET /routers/view-all-products.html HTTP/1.1" 200 3815 "-" "Mozilla/5.0 (compatible; AhrefsBot/5.0; +http://ahrefs.com/robot/)"
67.222.16.252 - - [03/Oct/2013:09:17:00 -0400] "POST /index.php HTTP/1.1" 404 - "-" "-"
67.222.16.252 - - [03/Oct/2013:09:29:12 -0400] "POST /index.php HTTP/1.1" 404 - "-" "-"
5.10.83.102 - - [03/Oct/2013:09:29:12 -0400] "GET /3com/view-all-products.html HTTP/1.1" 200 7928 "-" "Mozilla/5.0 (compatible; AhrefsBot/5.0; +http://ahrefs.com/robot/)"
67.222.16.252 - - [03/Oct/2013:09:47:35 -0400] "POST /index.php HTTP/1.1" 404 - "-" "-"
208.115.111.71 - - [03/Oct/2013:09:47:34 -0400] "GET /perform-detailed-search.html HTTP/1.1" 200 17424 "-" "Mozilla/5.0 (compatible; Ezooms/1.0; ezooms.bot@gmail.com)"
24.73.185.86 - - [03/Oct/2013:10:26:13 -0400] "GET /x.txt HTTP/1.1" 404 - "-" "Mozilla/5.0 (X11; Linux x86_64) AppleWebKit/537.36 (KHTML, like Gecko) Chrome/27.0.1453.93 Safari/537.36"
24.73.185.86 - - [03/Oct/2013:10:26:14 -0400] "GET /favicon.ico HTTP/1.1" 404 - "-" "Mozilla/5.0 (X11; Linux x86_64) AppleWebKit/537.36 (KHTML, like Gecko) Chrome/27.0.1453.93 Safari/537.36"
67.222.16.252 - - [03/Oct/2013:10:26:17 -0400] "POST /index.php HTTP/1.1" 404 - "-" "-"
24.73.185.86 - - [03/Oct/2013:10:26:16 -0400] "GET / HTTP/1.1" 200 6822 "-" "Mozilla/5.0 (X11; Linux x86_64) AppleWebKit/537.36 (KHTML, like Gecko) Chrome/27.0.1453.93 Safari/537.36"
24.73.185.86 - - [03/Oct/2013:10:26:18 -0400] "GET /modules/mod_redmysticcore/css/style.css HTTP/1.1" 200 1535 "http://www.powerliquidators.com/" "Mozilla/5.0 (X11; Linux x86_64) AppleWebKit/537.36 (KHTML, like Gecko) Chrome/27.0.1453.93 Safari/537.36"
24.73.185.86 - - [03/Oct/2013:10:26:18 -0400] "GET /templates/hot_relief/css/template_css.css HTTP/1.1" 200 8556 "http://www.powerliquidators.com/" "Mozilla/5.0 (X11; Linux x86_64) AppleWebKit/537.36 (KHTML, like Gecko) Chrome/27.0.1453.93 Safari/537.36"
24.73.185.86 - - [03/Oct/2013:10:26:18 -0400] "GET /templates/hot_relief/css/layout.css HTTP/1.1" 200 2211 "http://www.powerliquidators.com/" "Mozilla/5.0 (X11; Linux x86_64) AppleWebKit/537.36 (KHTML, like Gecko) Chrome/27.0.1453.93 Safari/537.36"
24.73.185.86 - - [03/Oct/2013:10:26:18 -0400] "GET /components/com_virtuemart/fetchscript.php?gzip=1&subdir[0]=/themes/vmj_naru&file[0]=theme.css&subdir[1]=/js/mootools&file[1]=mooPrompt.css HTTP/1.1" 200 4995 "http://www.powerliquidators.com/" "Mozilla/5.0 (X11; Linux x86_64) AppleWebKit/537.36 (KHTML, like Gecko) Chrome/27.0.1453.93 Safari/537.36"
24.73.185.86 - - [03/Oct/2013:10:26:18 -0400] "GET /components/com_virtuemart/fetchscript.php?gzip=1&subdir[0]=/themes/vmj_naru&file[0]=theme.js&subdir[1]=/js&file[1]=sleight.js&subdir[2]=/js/mootools&file[2]=mootools-release-1.11.js&subdir[3]=/js/mootools&file[3]=mooPrompt.js HTTP/1.1" 200 23711 "http://www.powerliquidators.com/" "Mozilla/5.0 (X11; Linux x86_64) AppleWebKit/537.36 (KHTML, like Gecko) Chrome/27.0.1453.93 Safari/537.36"
24.73.185.86 - - [03/Oct/2013:10:26:18 -0400] "GET /components/com_virtuemart/fetchscript.php?gzip=1&subdir[0]=/js&file[0]=wz_tooltip.js HTTP/1.1" 200 12554 "http://www.powerliquidators.com/" "Mozilla/5.0 (X11; Linux x86_64) AppleWebKit/537.36 (KHTML, like Gecko) Chrome/27.0.1453.93 Safari/537.36"
24.73.185.86 - - [03/Oct/2013:10:26:18 -0400] "GET /templates/hot_relief/js/jquery.min.js HTTP/1.1" 200 84362 "http://www.powerliquidators.com/" "Mozilla/5.0 (X11; Linux x86_64) AppleWebKit/537.36 (KHTML, like Gecko) Chrome/27.0.1453.93 Safari/537.36"
24.73.185.86 - - [03/Oct/2013:10:26:18 -0400] "GET /templates/hot_relief/images/logo.png HTTP/1.1" 200 21289 "http://www.powerliquidators.com/" "Mozilla/5.0 (X11; Linux x86_64) AppleWebKit/537.36 (KHTML, like Gecko) Chrome/27.0.1453.93 Safari/537.36"
24.73.185.86 - - [03/Oct/2013:10:26:18 -0400] "GET /components/com_virtuemart/shop_image/product/resized/3COM_3C16857_Swi_4f788e8fda745_90x90.jpg HTTP/1.1" 200 6673 "http://www.powerliquidators.com/" "Mozilla/5.0 (X11; Linux x86_64) AppleWebKit/537.36 (KHTML, like Gecko) Chrome/27.0.1453.93 Safari/537.36"
24.73.185.86 - - [03/Oct/2013:10:26:18 -0400] "GET /components/com_virtuemart/shop_image/product/resized/APC_AP7862_Meter_4f45c3aaef9b5_90x90.jpg HTTP/1.1" 200 2266 "http://www.powerliquidators.com/" "Mozilla/5.0 (X11; Linux x86_64) AppleWebKit/537.36 (KHTML, like Gecko) Chrome/27.0.1453.93 Safari/537.36"
24.73.185.86 - - [03/Oct/2013:10:26:18 -0400] "GET /components/com_virtuemart/shop_image/product/resized/APC_AP7998_Switc_4f45c5ad98ccc_90x90.jpg HTTP/1.1" 200 1919 "http://www.powerliquidators.com/" "Mozilla/5.0 (X11; Linux x86_64) AppleWebKit/537.36 (KHTML, like Gecko) Chrome/27.0.1453.93 Safari/537.36"
24.73.185.86 - - [03/Oct/2013:10:26:18 -0400] "GET /components/com_virtuemart/shop_image/category/resized/Power_Management_4f5eb90eb14d3_90x90.jpg HTTP/1.1" 200 7088 "http://www.powerliquidators.com/" "Mozilla/5.0 (X11; Linux x86_64) AppleWebKit/537.36 (KHTML, like Gecko) Chrome/27.0.1453.93 Safari/537.36"
24.73.185.86 - - [03/Oct/2013:10:26:18 -0400] "GET /components/com_virtuemart/themes/vmj_naru/images/noimage.gif HTTP/1.1" 200 4400 "http://www.powerliquidators.com/" "Mozilla/5.0 (X11; Linux x86_64) AppleWebKit/537.36 (KHTML, like Gecko) Chrome/27.0.1453.93 Safari/537.36"
24.73.185.86 - - [03/Oct/2013:10:26:18 -0400] "GET /components/com_virtuemart/shop_image/product/resized/APC_AP7893_Meter_4f45c0fec9ece_90x90.jpg HTTP/1.1" 200 2462 "http://www.powerliquidators.com/" "Mozilla/5.0 (X11; Linux x86_64) AppleWebKit/537.36 (KHTML, like Gecko) Chrome/27.0.1453.93 Safari/537.36"
24.73.185.86 - - [03/Oct/2013:10:26:18 -0400] "GET /components/com_virtuemart/shop_image/product/resized/HP_Compaq_3000_X_4f790edd7522f_90x90.jpg HTTP/1.1" 200 4123 "http://www.powerliquidators.com/" "Mozilla/5.0 (X11; Linux x86_64) AppleWebKit/537.36 (KHTML, like Gecko) Chrome/27.0.1453.93 Safari/537.36"
24.73.185.86 - - [03/Oct/2013:10:26:18 -0400] "GET /components/com_virtuemart/shop_image/product/resized/Smart_UPS_750_4f2dff422795b_90x90.jpg HTTP/1.1" 200 6123 "http://www.powerliquidators.com/" "Mozilla/5.0 (X11; Linux x86_64) AppleWebKit/537.36 (KHTML, like Gecko) Chrome/27.0.1453.93 Safari/537.36"
24.73.185.86 - - [03/Oct/2013:10:26:18 -0400] "GET /templates/hot_relief/images/bg_gradient.png HTTP/1.1" 200 258 "http://www.powerliquidators.com/" "Mozilla/5.0 (X11; Linux x86_64) AppleWebKit/537.36 (KHTML, like Gecko) Chrome/27.0.1453.93 Safari/537.36"
24.73.185.86 - - [03/Oct/2013:10:26:18 -0400] "GET /templates/hot_relief/images/shadow.png HTTP/1.1" 200 125 "http://www.powerliquidators.com/" "Mozilla/5.0 (X11; Linux x86_64) AppleWebKit/537.36 (KHTML, like Gecko) Chrome/27.0.1453.93 Safari/537.36"
24.73.185.86 - - [03/Oct/2013:10:26:18 -0400] "GET /templates/hot_relief/images/arrow.gif HTTP/1.1" 200 823 "http://www.powerliquidators.com/" "Mozilla/5.0 (X11; Linux x86_64) AppleWebKit/537.36 (KHTML, like Gecko) Chrome/27.0.1453.93 Safari/537.36"
