190.85.10.147 - - [07/Oct/2013:13:34:54 -0400] "GET //administrator/components/com_redmystic/chart/ofc-library/ofc_upload_image.php HTTP/1.1" 404 16942 "-" "Mozilla/4.0 (compatible; MSIE 7.0; America Online Browser 1.1; Windows NT 5.1; (R1 1.5); .NET CLR 2.0.50727; InfoPath.1)"
190.85.10.147 - - [07/Oct/2013:13:34:54 -0400] "GET /contact-us//administrator/components/com_redmystic/chart/ofc-library/ofc_upload_image.php HTTP/1.1" 404 16879 "-" "Mozilla/4.0 (compatible; MSIE 7.0; America Online Browser 1.1; Windows NT 5.1; (R1 1.5); .NET CLR 2.0.50727; InfoPath.1)"
190.85.10.147 - - [07/Oct/2013:13:34:54 -0400] "GET /tripp-lite/view-all-products.html//administrator/components/com_redmystic/chart/ofc-library/ofc_upload_image.php HTTP/1.1" 404 16449 "-" "Mozilla/4.0 (compatible; MSIE 7.0; America Online Browser 1.1; Windows NT 5.1; (R1 1.5); .NET CLR 2.0.50727; InfoPath.1)"
190.85.10.147 - - [07/Oct/2013:13:34:54 -0400] "GET /tripp-lite//administrator/components/com_redmystic/chart/ofc-library/ofc_upload_image.php HTTP/1.1" 404 16891 "-" "Mozilla/4.0 (compatible; MSIE 7.0; America Online Browser 1.1; Windows NT 5.1; (R1 1.5); .NET CLR 2.0.50727; InfoPath.1)"
67.222.16.252 - - [07/Oct/2013:13:36:02 -0400] "POST /index.php HTTP/1.1" 404 - "-" "-"
66.249.74.64 - - [07/Oct/2013:13:36:01 -0400] "GET /power-management/apc-ap7893-metered-rack-5.7kva-pdu/vmj_naru.tpl.html?pop=0 HTTP/1.1" 200 12327 "-" "Mozilla/5.0 (compatible; Googlebot/2.1; +http://www.google.com/bot.html)"
70.61.137.26 - - [07/Oct/2013:13:41:16 -0400] "GET /components/com_virtuemart/shop_image/product/APC_AP7862_Meter_4f45c3aaf3064.jpg HTTP/1.1" 200 36753 "-" "Mozilla/4.0 (compatible; MSIE 7.0; Windows NT 5.1; .NET CLR 1.0.3705; .NET CLR 1.1.4322; Media Center PC 4.0)"
187.45.180.205 - - [07/Oct/2013:13:43:36 -0400] "GET http://www.anonymitytest.com/perl/azenv.pl HTTP/1.1" 404 - "-" "-"
67.222.16.252 - - [07/Oct/2013:13:43:37 -0400] "POST /index.php HTTP/1.1" 404 - "-" "-"
187.45.180.205 - - [07/Oct/2013:13:43:36 -0400] "CONNECT www.mesregies.com:80 HTTP/1.1" 404 15671 "-" "-"
67.222.16.252 - - [07/Oct/2013:13:54:04 -0400] "POST /index.php HTTP/1.1" 404 - "-" "-"
67.222.16.252 - - [07/Oct/2013:13:54:04 -0400] "POST /index.php HTTP/1.1" 404 - "-" "-"
121.96.26.125 - - [07/Oct/2013:13:54:03 -0400] "GET /contact-us/sales-manager.html//administrator/components/com_redmystic/chart/ofc-library/ofc_upload_image.php HTTP/1.1" 404 16859 "-" "Mozilla/4.0 (compatible; MSIE 7.0; America Online Browser 1.1; Windows NT 5.1; (R1 1.5); .NET CLR 2.0.50727; InfoPath.1)"
121.96.26.125 - - [07/Oct/2013:13:54:03 -0400] "GET /contact-us//administrator/components/com_redmystic/chart/ofc-library/ofc_upload_image.php HTTP/1.1" 404 16879 "-" "Mozilla/4.0 (compatible; MSIE 7.0; America Online Browser 1.1; Windows NT 5.1; (R1 1.5); .NET CLR 2.0.50727; InfoPath.1)"
67.222.16.252 - - [07/Oct/2013:13:54:09 -0400] "POST /index.php HTTP/1.1" 404 - "-" "-"
121.96.26.125 - - [07/Oct/2013:13:54:09 -0400] "GET /tripp-lite/view-all-products.html//administrator/components/com_redmystic/chart/ofc-library/ofc_upload_image.php HTTP/1.1" 404 16448 "-" "Mozilla/4.0 (compatible; MSIE 7.0; America Online Browser 1.1; Windows NT 5.1; (R1 1.5); .NET CLR 2.0.50727; InfoPath.1)"
65.36.241.79 - - [07/Oct/2013:14:07:12 -0400] "HEAD / HTTP/1.1" 301 - "-" "InternetSeer.com"
220.181.108.139 - - [07/Oct/2013:14:10:23 -0400] "GET / HTTP/1.1" 301 - "-" "Mozilla/5.0 (compatible; Baiduspider/2.0; +http://www.baidu.com/search/spider.html)"
220.181.108.94 - - [07/Oct/2013:14:17:14 -0400] "GET /networking/3com-3c16857-switch-7700-64gbps-fabric-modulethe-switch-fabric/vmj_naru.tpl.html HTTP/1.1" 200 7750 "-" "Mozilla/5.0 (compatible; Baiduspider/2.0; +http://www.baidu.com/search/spider.html)"
67.222.16.252 - - [07/Oct/2013:14:17:15 -0400] "POST /index.php HTTP/1.1" 404 - "-" "-"
220.181.108.156 - - [07/Oct/2013:14:17:22 -0400] "GET /components/com_virtuemart/themes/vmj_naru/vmj_tabcontent.js HTTP/1.1" 200 8866 "http://www.powerliquidators.com/networking/3com-3c16857-switch-7700-64gbps-fabric-modulethe-switch-fabric/vmj_naru.tpl.html" "Mozilla/5.0 (X11; U; Linux x86_64; en-US; rv:1.9) Gecko Minefield/3.0"
220.181.108.146 - - [07/Oct/2013:14:17:30 -0400] "GET /components/com_virtuemart/fetchscript.php?gzip=1&subdir[0]=/themes/vmj_naru&file[0]=theme.js&subdir[1]=/js&file[1]=sleight.js&subdir[2]=/js/mootools&file[2]=mootools-release-1.11.js&subdir[3]=/js/mootools&file[3]=mooPrompt.js&subdir[4]=/js/slimbox/js&file[4]=slimbox.js HTTP/1.1" 200 25595 "http://www.powerliquidators.com/networking/3com-3c16857-switch-7700-64gbps-fabric-modulethe-switch-fabric/vmj_naru.tpl.html" "Mozilla/5.0 (X11; U; Linux x86_64; en-US; rv:1.9) Gecko Minefield/3.0"
220.181.108.186 - - [07/Oct/2013:14:17:31 -0400] "GET /templates/hot_relief/js/jquery.min.js HTTP/1.1" 200 84362 "http://www.powerliquidators.com/networking/3com-3c16857-switch-7700-64gbps-fabric-modulethe-switch-fabric/vmj_naru.tpl.html" "Mozilla/5.0 (X11; U; Linux x86_64; en-US; rv:1.9) Gecko Minefield/3.0"
67.222.16.252 - - [07/Oct/2013:14:33:05 -0400] "POST /index.php HTTP/1.1" 404 - "-" "-"
66.249.74.64 - - [07/Oct/2013:14:33:05 -0400] "GET /power-management/apc-ap7830-metered-rack-pdu/vmj_naru.tpl.html?pop=0 HTTP/1.1" 200 12550 "-" "Mozilla/5.0 (compatible; Googlebot/2.1; +http://www.google.com/bot.html)"
5.10.83.21 - - [07/Oct/2013:14:54:03 -0400] "GET /color-printers/view-all-products.html HTTP/1.1" 200 3890 "-" "Mozilla/5.0 (compatible; AhrefsBot/5.0; +http://ahrefs.com/robot/)"
67.222.16.252 - - [07/Oct/2013:14:54:04 -0400] "POST /index.php HTTP/1.1" 404 - "-" "-"
220.181.108.177 - - [07/Oct/2013:15:24:12 -0400] "GET / HTTP/1.1" 301 - "-" "Mozilla/5.0 (compatible; Baiduspider/2.0; +http://www.baidu.com/search/spider.html)"
123.125.71.111 - - [07/Oct/2013:15:28:07 -0400] "GET / HTTP/1.1" 301 - "-" "Mozilla/5.0 (compatible; Baiduspider/2.0; +http://www.baidu.com/search/spider.html)"
66.249.74.64 - - [07/Oct/2013:15:32:00 -0400] "GET /power-management/apc-ap7864-metered-rack-pdu/vmj_naru.tpl.html HTTP/1.1" 200 9302 "-" "Mozilla/5.0 (compatible; Googlebot/2.1; +http://www.google.com/bot.html)"
67.222.16.252 - - [07/Oct/2013:15:32:01 -0400] "POST /index.php HTTP/1.1" 404 - "-" "-"
62.113.218.31 - - [07/Oct/2013:15:33:51 -0400] "GET /index.php?option=com_jce&task=plugin&plugin=imgmanager&file=imgmanager&version=1576&cid=20 HTTP/1.1" 301 - "-" "Mozilla/5.0 (compatible; Googlebot/2.1; +http://www.google.com/bot.html)"
67.222.16.252 - - [07/Oct/2013:16:15:16 -0400] "POST /index.php HTTP/1.1" 404 - "-" "-"
220.181.108.172 - - [07/Oct/2013:16:15:11 -0400] "GET / HTTP/1.1" 200 40279 "-" "Mozilla/5.0 (compatible; Baiduspider/2.0; +http://www.baidu.com/search/spider.html)"
67.222.16.252 - - [07/Oct/2013:16:20:26 -0400] "POST /index.php HTTP/1.1" 404 - "-" "-"
180.76.5.11 - - [07/Oct/2013:16:20:25 -0400] "GET /power-management/apc-ap7862-metered-rack-pdu/vmj_naru.tpl.html HTTP/1.1" 200 13084 "-" "Mozilla/5.0 (compatible; Baiduspider/2.0; +http://www.baidu.com/search/spider.html)"
67.222.16.252 - - [07/Oct/2013:16:22:31 -0400] "POST /index.php HTTP/1.1" 404 - "-" "-"
123.125.71.96 - - [07/Oct/2013:16:22:30 -0400] "GET / HTTP/1.1" 200 40278 "-" "Mozilla/5.0 (compatible; Baiduspider/2.0; +http://www.baidu.com/search/spider.html)"
67.222.16.252 - - [07/Oct/2013:16:32:19 -0400] "POST /index.php HTTP/1.1" 404 - "-" "-"
5.10.83.78 - - [07/Oct/2013:16:32:18 -0400] "GET /power-management/avocent-spc1800-switched-pdu/vmj_naru.tpl.html HTTP/1.1" 200 10147 "-" "Mozilla/5.0 (compatible; AhrefsBot/5.0; +http://ahrefs.com/robot/)"
46.188.5.220 - - [07/Oct/2013:16:53:00 -0400] "GET /x.txt HTTP/1.1" 404 - "-" "Mozilla/4.0 (compatible; MSIE 6.0; Windows NT 5.1; SV1; .NET CLR 2.0.50727)"
46.188.46.192 - - [07/Oct/2013:16:53:01 -0400] "GET /x.txt HTTP/1.1" 404 - "-" "Mozilla/4.0 (compatible; MSIE 6.0; Windows NT 5.1; SV1; .NET CLR 2.0.50727)"
46.188.47.240 - - [07/Oct/2013:16:53:01 -0400] "GET /x.txt HTTP/1.1" 404 - "-" "Mozilla/4.0 (compatible; MSIE 6.0; Windows NT 5.1; SV1; .NET CLR 2.0.50727)"
91.79.51.51 - - [07/Oct/2013:16:53:02 -0400] "GET /x.txt HTTP/1.1" 404 - "-" "Mozilla/4.0 (compatible; MSIE 6.0; Windows NT 5.1; SV1; .NET CLR 2.0.50727)"
176.14.119.77 - - [07/Oct/2013:16:53:02 -0400] "GET /x.txt HTTP/1.1" 404 - "-" "Mozilla/4.0 (compatible; MSIE 6.0; Windows NT 5.1; SV1; .NET CLR 2.0.50727)"
176.195.53.204 - - [07/Oct/2013:16:53:09 -0400] "GET /x.txt HTTP/1.1" 404 - "-" "Mozilla/4.0 (compatible; MSIE 6.0; Windows NT 5.1; SV1; .NET CLR 2.0.50727)"
95.24.152.180 - - [07/Oct/2013:16:53:09 -0400] "GET /x.txt HTTP/1.1" 404 - "-" "Mozilla/4.0 (compatible; MSIE 6.0; Windows NT 5.1; SV1; .NET CLR 2.0.50727)"
202.46.54.46 - - [07/Oct/2013:17:18:05 -0400] "GET / HTTP/1.1" 301 - "-" "Mozilla/4.0 (compatible; MSIE 7.0; Windows NT 6.0)"
119.63.193.195 - - [07/Oct/2013:17:19:27 -0400] "GET / HTTP/1.1" 301 - "-" "Mozilla/4.0 (compatible; MSIE 7.0; Windows NT 6.0)"
220.181.108.159 - - [07/Oct/2013:18:03:12 -0400] "GET / HTTP/1.1" 301 - "-" "Mozilla/5.0 (compatible; Baiduspider/2.0; +http://www.baidu.com/search/spider.html)"
123.125.71.87 - - [07/Oct/2013:18:03:55 -0400] "GET / HTTP/1.1" 301 - "-" "Mozilla/5.0 (compatible; Baiduspider/2.0; +http://www.baidu.com/search/spider.html)"
66.249.74.64 - - [07/Oct/2013:18:35:18 -0400] "GET /cooling/liebert-challenger-bu102c-aae1-5-ton-computer-room-air-condition.html HTTP/1.1" 200 6761 "-" "Mozilla/5.0 (compatible; Googlebot/2.1; +http://www.google.com/bot.html)"
67.222.16.252 - - [07/Oct/2013:18:35:20 -0400] "POST /index.php HTTP/1.1" 404 - "-" "-"
67.222.16.252 - - [07/Oct/2013:18:47:47 -0400] "POST /index.php HTTP/1.1" 404 - "-" "-"
202.46.61.25 - - [07/Oct/2013:18:47:46 -0400] "GET / HTTP/1.1" 200 40279 "-" "Mozilla/4.0 (compatible; MSIE 7.0; Windows NT 6.0)"
67.222.16.252 - - [07/Oct/2013:18:48:03 -0400] "POST /index.php HTTP/1.1" 404 - "-" "-"
119.63.193.194 - - [07/Oct/2013:18:48:02 -0400] "GET / HTTP/1.1" 200 40279 "-" "Mozilla/4.0 (compatible; MSIE 7.0; Windows NT 6.0)"
67.222.16.252 - - [07/Oct/2013:19:02:01 -0400] "POST /index.php HTTP/1.1" 404 - "-" "-"
220.181.108.168 - - [07/Oct/2013:19:02:01 -0400] "GET / HTTP/1.1" 200 40279 "-" "Mozilla/5.0 (compatible; Baiduspider/2.0; +http://www.baidu.com/search/spider.html)"
67.222.16.252 - - [07/Oct/2013:19:04:50 -0400] "POST /index.php HTTP/1.1" 404 - "-" "-"
123.125.71.92 - - [07/Oct/2013:19:04:50 -0400] "GET / HTTP/1.1" 200 40278 "-" "Mozilla/5.0 (compatible; Baiduspider/2.0; +http://www.baidu.com/search/spider.html)"
66.249.74.64 - - [07/Oct/2013:19:12:30 -0400] "GET /cooling/view-all-products.html HTTP/1.1" 200 5254 "-" "Mozilla/5.0 (iPhone; U; CPU iPhone OS 4_1 like Mac OS X; en-us) AppleWebKit/532.9 (KHTML, like Gecko) Version/4.0.5 Mobile/8B117 Safari/6531.22.7 (compatible; Googlebot-Mobile/2.1; +http://www.google.com/bot.html)"
67.222.16.252 - - [07/Oct/2013:19:12:31 -0400] "POST /index.php HTTP/1.1" 404 - "-" "-"
65.36.241.79 - - [07/Oct/2013:19:40:04 -0400] "HEAD / HTTP/1.1" 301 - "-" "InternetSeer.com"
123.125.71.77 - - [07/Oct/2013:20:00:33 -0400] "GET / HTTP/1.1" 301 - "-" "Mozilla/5.0 (compatible; Baiduspider/2.0; +http://www.baidu.com/search/spider.html)"
220.181.108.156 - - [07/Oct/2013:20:02:02 -0400] "GET / HTTP/1.1" 301 - "-" "Mozilla/5.0 (compatible; Baiduspider/2.0; +http://www.baidu.com/search/spider.html)"
157.55.32.233 - - [07/Oct/2013:20:09:16 -0400] "GET /robots.txt HTTP/1.1" 200 304 "-" "Mozilla/5.0 (compatible; bingbot/2.0; +http://www.bing.com/bingbot.htm)"
67.222.16.252 - - [07/Oct/2013:20:09:50 -0400] "POST /index.php HTTP/1.1" 404 - "-" "-"
157.55.32.233 - - [07/Oct/2013:20:09:50 -0400] "GET / HTTP/1.1" 200 6837 "-" "Mozilla/5.0 (compatible; bingbot/2.0; +http://www.bing.com/bingbot.htm)"
188.208.33.18 - - [07/Oct/2013:20:25:53 -0400] "GET /index.php?option=com_user&view=login HTTP/1.1" 301 - "-" "Mozilla/5.0 (Windows NT 6.1; rv:10.0) Gecko/20100101 Firefox/10.0"
67.222.16.252 - - [07/Oct/2013:20:25:54 -0400] "POST /index.php HTTP/1.1" 404 - "-" "-"
188.208.33.18 - - [07/Oct/2013:20:25:54 -0400] "GET /log-in.html HTTP/1.1" 200 13564 "-" "Mozilla/5.0 (Windows NT 6.1; rv:10.0) Gecko/20100101 Firefox/10.0"
188.208.33.18 - - [07/Oct/2013:20:25:55 -0400] "POST /index.php?option=com_user HTTP/1.1" 200 13 "http://www.powerliquidators.com/index.php?option=com_user&view=login" "Mozilla/5.0 (Windows NT 6.1; rv:10.0) Gecko/20100101 Firefox/10.0"
188.208.33.18 - - [07/Oct/2013:20:25:56 -0400] "POST /index.php?option=com_media&view=images&tmpl=component&e_name=jform_articletext&asset=com_content HTTP/1.1" 303 - "http://www.powerliquidators.com/index.php" "Mozilla/5.0 (Windows NT 6.1; rv:10.0) Gecko/20100101 Firefox/10.0"
188.208.33.18 - - [07/Oct/2013:20:25:56 -0400] "GET /index.php HTTP/1.1" 301 - "http://www.powerliquidators.com/index.php" "Mozilla/5.0 (Windows NT 6.1; rv:10.0) Gecko/20100101 Firefox/10.0"
188.208.33.18 - - [07/Oct/2013:20:25:57 -0400] "GET / HTTP/1.1" 200 40452 "http://www.powerliquidators.com/index.php" "Mozilla/5.0 (Windows NT 6.1; rv:10.0) Gecko/20100101 Firefox/10.0"
67.222.16.252 - - [07/Oct/2013:20:25:57 -0400] "POST /index.php HTTP/1.1" 404 - "-" "-"
188.208.33.18 - - [07/Oct/2013:20:25:58 -0400] "POST /images//stories/imagemagic.php. HTTP/1.1" 404 - "http://www.powerliquidators.com/" "Mozilla/5.0 (Windows NT 6.2; rv:11.0) Gecko/20100101 Firefox/10.0"
67.222.16.252 - - [07/Oct/2013:20:59:46 -0400] "POST /index.php HTTP/1.1" 404 - "-" "-"
67.222.16.252 - - [07/Oct/2013:21:00:42 -0400] "POST /index.php HTTP/1.1" 404 - "-" "-"
220.181.108.182 - - [07/Oct/2013:21:00:41 -0400] "GET / HTTP/1.1" 200 40278 "-" "Mozilla/5.0 (compatible; Baiduspider/2.0; +http://www.baidu.com/search/spider.html)"
123.125.71.86 - - [07/Oct/2013:20:59:46 -0400] "GET / HTTP/1.1" 200 40278 "-" "Mozilla/5.0 (compatible; Baiduspider/2.0; +http://www.baidu.com/search/spider.html)"
202.46.61.33 - - [07/Oct/2013:21:19:41 -0400] "GET / HTTP/1.1" 301 - "-" "Mozilla/4.0 (compatible; MSIE 7.0; Windows NT 6.0)"
119.63.193.194 - - [07/Oct/2013:21:21:05 -0400] "GET / HTTP/1.1" 301 - "-" "Mozilla/4.0 (compatible; MSIE 7.0; Windows NT 6.0)"
123.125.71.84 - - [07/Oct/2013:22:05:26 -0400] "GET / HTTP/1.1" 301 - "-" "Mozilla/5.0 (compatible; Baiduspider/2.0; +http://www.baidu.com/search/spider.html)"
220.181.108.145 - - [07/Oct/2013:22:09:14 -0400] "GET / HTTP/1.1" 301 - "-" "Mozilla/5.0 (compatible; Baiduspider/2.0; +http://www.baidu.com/search/spider.html)"
199.21.99.121 - - [07/Oct/2013:22:47:52 -0400] "GET /robots.txt HTTP/1.1" 200 304 "-" "Mozilla/5.0 (compatible; YandexBot/3.0; +http://yandex.com/bots)"
199.21.99.121 - - [07/Oct/2013:23:08:51 -0400] "GET /networking/3com-3c16857-switch-7700-64gbps-fabric-modulethe-switch-fabric/vmj_naru.tpl.html HTTP/1.1" 200 7751 "-" "Mozilla/5.0 (compatible; YandexBot/3.0; +http://yandex.com/bots)"
67.222.16.252 - - [07/Oct/2013:23:08:52 -0400] "POST /index.php HTTP/1.1" 404 - "-" "-"
67.222.16.252 - - [07/Oct/2013:23:13:25 -0400] "POST /index.php HTTP/1.1" 404 - "-" "-"
220.181.108.141 - - [07/Oct/2013:23:13:25 -0400] "GET / HTTP/1.1" 200 40278 "-" "Mozilla/5.0 (compatible; Baiduspider/2.0; +http://www.baidu.com/search/spider.html)"
202.46.52.21 - - [07/Oct/2013:23:16:48 -0400] "GET / HTTP/1.1" 301 - "-" "Mozilla/4.0 (compatible; MSIE 7.0; Windows NT 6.0)"
119.63.193.131 - - [07/Oct/2013:23:18:04 -0400] "GET / HTTP/1.1" 301 - "-" "Mozilla/4.0 (compatible; MSIE 7.0; Windows NT 6.0)"
70.61.137.26 - - [07/Oct/2013:23:27:43 -0400] "GET /components/com_virtuemart/shop_image/product/Liebert_Challeng_4f790aeb09d80.jpg HTTP/1.1" 200 23730 "-" "Mozilla/4.0 (compatible; MSIE 7.0; Windows NT 5.1; .NET CLR 1.0.3705; .NET CLR 1.1.4322; Media Center PC 4.0)"
123.125.71.73 - - [08/Oct/2013:00:01:45 -0400] "GET / HTTP/1.1" 301 - "-" "Mozilla/5.0 (compatible; Baiduspider/2.0; +http://www.baidu.com/search/spider.html)"
220.181.108.186 - - [08/Oct/2013:00:06:50 -0400] "GET / HTTP/1.1" 301 - "-" "Mozilla/5.0 (compatible; Baiduspider/2.0; +http://www.baidu.com/search/spider.html)"
67.222.16.252 - - [08/Oct/2013:00:32:52 -0400] "POST /index.php HTTP/1.1" 404 - "-" "-"
199.21.99.121 - - [08/Oct/2013:00:32:24 -0400] "GET /liebert/view-all-products.html HTTP/1.1" 200 7274 "-" "Mozilla/5.0 (compatible; YandexBot/3.0; +http://yandex.com/bots)"
67.222.16.252 - - [08/Oct/2013:01:02:01 -0400] "POST /index.php HTTP/1.1" 404 - "-" "-"
220.181.108.175 - - [08/Oct/2013:01:01:46 -0400] "GET / HTTP/1.1" 200 40279 "-" "Mozilla/5.0 (compatible; Baiduspider/2.0; +http://www.baidu.com/search/spider.html)"
67.222.16.252 - - [08/Oct/2013:01:04:22 -0400] "POST /index.php HTTP/1.1" 404 - "-" "-"
123.125.71.107 - - [08/Oct/2013:01:04:22 -0400] "GET / HTTP/1.1" 200 40278 "-" "Mozilla/5.0 (compatible; Baiduspider/2.0; +http://www.baidu.com/search/spider.html)"
202.46.61.31 - - [08/Oct/2013:01:20:25 -0400] "GET / HTTP/1.1" 301 - "-" "Mozilla/4.0 (compatible; MSIE 7.0; Windows NT 6.0)"
119.63.193.131 - - [08/Oct/2013:01:21:50 -0400] "GET / HTTP/1.1" 301 - "-" "Mozilla/4.0 (compatible; MSIE 7.0; Windows NT 6.0)"
67.222.16.252 - - [08/Oct/2013:01:56:44 -0400] "POST /index.php HTTP/1.1" 404 - "-" "-"
199.21.99.121 - - [08/Oct/2013:01:56:31 -0400] "GET /hewlett-packard/view-all-products.html HTTP/1.1" 200 7123 "-" "Mozilla/5.0 (compatible; YandexBot/3.0; +http://yandex.com/bots)"
220.181.108.154 - - [08/Oct/2013:02:05:18 -0400] "GET / HTTP/1.1" 200 40279 "-" "Mozilla/5.0 (compatible; Baiduspider/2.0; +http://www.baidu.com/search/spider.html)"
67.222.16.252 - - [08/Oct/2013:02:05:20 -0400] "POST /index.php HTTP/1.1" 404 - "-" "-"
67.222.16.252 - - [08/Oct/2013:02:10:13 -0400] "POST /index.php HTTP/1.1" 404 - "-" "-"
123.125.71.70 - - [08/Oct/2013:02:10:13 -0400] "GET / HTTP/1.1" 200 40278 "-" "Mozilla/5.0 (compatible; Baiduspider/2.0; +http://www.baidu.com/search/spider.html)"
65.36.241.79 - - [08/Oct/2013:02:14:48 -0400] "HEAD / HTTP/1.1" 301 - "-" "InternetSeer.com"
202.46.59.71 - - [08/Oct/2013:03:18:09 -0400] "GET / HTTP/1.1" 301 - "-" "Mozilla/4.0 (compatible; MSIE 7.0; Windows NT 6.0)"
119.63.193.132 - - [08/Oct/2013:03:19:28 -0400] "GET / HTTP/1.1" 301 - "-" "Mozilla/4.0 (compatible; MSIE 7.0; Windows NT 6.0)"
67.222.16.252 - - [08/Oct/2013:03:20:52 -0400] "POST /index.php HTTP/1.1" 404 - "-" "-"
199.21.99.121 - - [08/Oct/2013:03:20:05 -0400] "GET /cooling/view-all-products.html HTTP/1.1" 200 5256 "-" "Mozilla/5.0 (compatible; YandexBot/3.0; +http://yandex.com/bots)"
209.85.238.10 - - [08/Oct/2013:04:35:29 -0400] "GET /google8947c3106c01cfbb.html HTTP/1.1" 200 53 "-" "Mozilla/5.0 (compatible; Google-Site-Verification/1.0)"
67.222.16.252 - - [08/Oct/2013:04:44:16 -0400] "POST /index.php HTTP/1.1" 404 - "-" "-"
199.21.99.121 - - [08/Oct/2013:04:44:00 -0400] "GET /apc/view-all-products.html HTTP/1.1" 200 8643 "-" "Mozilla/5.0 (compatible; YandexBot/3.0; +http://yandex.com/bots)"
67.222.16.252 - - [08/Oct/2013:05:02:19 -0400] "POST /index.php HTTP/1.1" 404 - "-" "-"
24.233.206.65 - - [08/Oct/2013:05:02:05 -0400] "GET /wp-login.php HTTP/1.0" 404 15195 "-" "Mozilla/5.0 (Windows NT 6.1; rv:19.0) Gecko/20100101 Firefox/19.0"
24.233.206.65 - - [08/Oct/2013:05:02:21 -0400] "GET /admin.php HTTP/1.0" 404 15183 "-" "Mozilla/5.0 (Windows NT 6.1; rv:19.0) Gecko/20100101 Firefox/19.0"
67.222.16.252 - - [08/Oct/2013:05:02:24 -0400] "POST /index.php HTTP/1.1" 404 - "-" "-"
199.21.99.121 - - [08/Oct/2013:05:07:45 -0400] "GET /home.html HTTP/1.1" 200 6821 "-" "Mozilla/5.0 (compatible; YandexBot/3.0; +http://yandex.com/bots)"
67.222.16.252 - - [08/Oct/2013:05:07:48 -0400] "POST /index.php HTTP/1.1" 404 - "-" "-"
202.46.62.25 - - [08/Oct/2013:05:17:38 -0400] "GET / HTTP/1.1" 301 - "-" "Mozilla/4.0 (compatible; MSIE 7.0; Windows NT 6.0)"
119.63.193.132 - - [08/Oct/2013:05:19:00 -0400] "GET / HTTP/1.1" 301 - "-" "Mozilla/4.0 (compatible; MSIE 7.0; Windows NT 6.0)"
67.222.16.252 - - [08/Oct/2013:05:22:57 -0400] "POST /index.php HTTP/1.1" 404 - "-" "-"
174.101.157.157 - - [08/Oct/2013:05:22:56 -0400] "GET /wp-login.php HTTP/1.0" 404 15194 "-" "Mozilla/5.0 (Windows NT 6.1; rv:19.0) Gecko/20100101 Firefox/19.0"
174.101.157.157 - - [08/Oct/2013:05:22:57 -0400] "GET /administrator/index.php HTTP/1.0" 200 4214 "-" "Mozilla/5.0 (Windows NT 6.1; rv:19.0) Gecko/20100101 Firefox/19.0"
67.222.16.252 - - [08/Oct/2013:06:08:22 -0400] "POST /index.php HTTP/1.1" 404 - "-" "-"
123.125.71.73 - - [08/Oct/2013:06:08:15 -0400] "GET / HTTP/1.1" 200 40279 "-" "Mozilla/5.0 (compatible; Baiduspider/2.0; +http://www.baidu.com/search/spider.html)"
67.222.16.252 - - [08/Oct/2013:06:09:37 -0400] "POST /index.php HTTP/1.1" 404 - "-" "-"
220.181.108.169 - - [08/Oct/2013:06:09:36 -0400] "GET / HTTP/1.1" 200 40278 "-" "Mozilla/5.0 (compatible; Baiduspider/2.0; +http://www.baidu.com/search/spider.html)"
157.55.32.233 - - [08/Oct/2013:06:35:03 -0400] "GET /robots.txt HTTP/1.1" 200 304 "-" "Mozilla/5.0 (compatible; bingbot/2.0; +http://www.bing.com/bingbot.htm)"
67.222.16.252 - - [08/Oct/2013:06:37:08 -0400] "POST /index.php HTTP/1.1" 404 - "-" "-"
157.55.32.233 - - [08/Oct/2013:06:37:07 -0400] "GET / HTTP/1.1" 200 6833 "-" "Mozilla/5.0 (compatible; bingbot/2.0; +http://www.bing.com/bingbot.htm)"
66.249.73.15 - - [08/Oct/2013:06:48:03 -0400] "GET /robots.txt HTTP/1.1" 200 304 "-" "Mozilla/5.0 (compatible; Googlebot/2.1; +http://www.google.com/bot.html)"
67.222.16.252 - - [08/Oct/2013:06:48:05 -0400] "POST /index.php HTTP/1.1" 404 - "-" "-"
66.249.73.15 - - [08/Oct/2013:06:48:03 -0400] "GET /avocent/view-all-products.html HTTP/1.1" 200 7328 "-" "Mozilla/5.0 (iPhone; U; CPU iPhone OS 4_1 like Mac OS X; en-us) AppleWebKit/532.9 (KHTML, like Gecko) Version/4.0.5 Mobile/8B117 Safari/6531.22.7 (compatible; Googlebot-Mobile/2.1; +http://www.google.com/bot.html)"
67.222.16.252 - - [08/Oct/2013:07:10:19 -0400] "POST /index.php HTTP/1.1" 404 - "-" "-"
220.181.108.179 - - [08/Oct/2013:07:10:18 -0400] "GET / HTTP/1.1" 200 40279 "-" "Mozilla/5.0 (compatible; Baiduspider/2.0; +http://www.baidu.com/search/spider.html)"
67.222.16.252 - - [08/Oct/2013:07:11:10 -0400] "POST /index.php HTTP/1.1" 404 - "-" "-"
123.125.71.77 - - [08/Oct/2013:07:11:10 -0400] "GET / HTTP/1.1" 200 40278 "-" "Mozilla/5.0 (compatible; Baiduspider/2.0; +http://www.baidu.com/search/spider.html)"
202.46.59.75 - - [08/Oct/2013:07:17:40 -0400] "GET / HTTP/1.1" 301 - "-" "Mozilla/4.0 (compatible; MSIE 7.0; Windows NT 6.0)"
119.63.193.131 - - [08/Oct/2013:07:18:58 -0400] "GET / HTTP/1.1" 301 - "-" "Mozilla/4.0 (compatible; MSIE 7.0; Windows NT 6.0)"
65.36.241.79 - - [08/Oct/2013:07:58:39 -0400] "HEAD / HTTP/1.1" 301 - "-" "InternetSeer.com"
67.222.16.252 - - [08/Oct/2013:08:00:32 -0400] "POST /index.php HTTP/1.1" 404 - "-" "-"
123.125.71.110 - - [08/Oct/2013:08:00:18 -0400] "GET / HTTP/1.1" 200 40279 "-" "Mozilla/5.0 (compatible; Baiduspider/2.0; +http://www.baidu.com/search/spider.html)"
67.222.16.252 - - [08/Oct/2013:08:00:44 -0400] "POST /index.php HTTP/1.1" 404 - "-" "-"
220.181.108.173 - - [08/Oct/2013:08:00:43 -0400] "GET / HTTP/1.1" 200 40278 "-" "Mozilla/5.0 (compatible; Baiduspider/2.0; +http://www.baidu.com/search/spider.html)"
67.222.16.252 - - [08/Oct/2013:08:46:52 -0400] "POST /index.php HTTP/1.1" 404 - "-" "-"
202.46.59.74 - - [08/Oct/2013:08:46:42 -0400] "GET / HTTP/1.1" 200 40279 "-" "Mozilla/4.0 (compatible; MSIE 7.0; Windows NT 6.0)"
119.63.193.131 - - [08/Oct/2013:08:46:56 -0400] "GET / HTTP/1.1" 200 40278 "-" "Mozilla/4.0 (compatible; MSIE 7.0; Windows NT 6.0)"
67.222.16.252 - - [08/Oct/2013:08:46:58 -0400] "POST /index.php HTTP/1.1" 404 - "-" "-"
123.125.71.71 - - [08/Oct/2013:09:08:23 -0400] "GET / HTTP/1.1" 301 - "-" "Mozilla/5.0 (compatible; Baiduspider/2.0; +http://www.baidu.com/search/spider.html)"
220.181.108.186 - - [08/Oct/2013:09:09:20 -0400] "GET / HTTP/1.1" 301 - "-" "Mozilla/5.0 (compatible; Baiduspider/2.0; +http://www.baidu.com/search/spider.html)"
67.222.16.252 - - [08/Oct/2013:09:33:51 -0400] "POST /index.php HTTP/1.1" 404 - "-" "-"
197.232.1.182 - - [08/Oct/2013:09:33:50 -0400] "GET / HTTP/1.1" 200 6814 "http://www.bing.com/search?FORM=sCPN&RS=CHECKED&un=doc&v=1&q=powers%20liquidator" "Mozilla/4.0 (compatible; MSIE 6.0; Windows NT 5.1; SV1; InfoPath.2)"
197.232.1.182 - - [08/Oct/2013:09:33:53 -0400] "GET /modules/mod_redmysticcore/css/style.css HTTP/1.1" 200 1535 "http://www.powerliquidators.com/" "Mozilla/4.0 (compatible; MSIE 6.0; Windows NT 5.1; SV1; InfoPath.2)"
197.232.1.182 - - [08/Oct/2013:09:33:53 -0400] "GET /components/com_virtuemart/fetchscript.php?gzip=1&subdir[0]=/themes/vmj_naru&file[0]=theme.js&subdir[1]=/js&file[1]=sleight.js&subdir[2]=/js/mootools&file[2]=mootools-release-1.11.js&subdir[3]=/js/mootools&file[3]=mooPrompt.js HTTP/1.1" 200 23711 "http://www.powerliquidators.com/" "Mozilla/4.0 (compatible; MSIE 6.0; Windows NT 5.1; SV1; InfoPath.2)"
197.232.1.182 - - [08/Oct/2013:09:33:56 -0400] "GET /templates/hot_relief/css/template_css.css HTTP/1.1" 200 8556 "http://www.powerliquidators.com/" "Mozilla/4.0 (compatible; MSIE 6.0; Windows NT 5.1; SV1; InfoPath.2)"
197.232.1.182 - - [08/Oct/2013:09:33:56 -0400] "GET /components/com_virtuemart/fetchscript.php?gzip=1&subdir[0]=/themes/vmj_naru&file[0]=theme.css&subdir[1]=/js/mootools&file[1]=mooPrompt.css HTTP/1.1" 200 4995 "http://www.powerliquidators.com/" "Mozilla/4.0 (compatible; MSIE 6.0; Windows NT 5.1; SV1; InfoPath.2)"
197.232.1.182 - - [08/Oct/2013:09:33:58 -0400] "GET /templates/hot_relief/css/layout.css HTTP/1.1" 200 2211 "http://www.powerliquidators.com/" "Mozilla/4.0 (compatible; MSIE 6.0; Windows NT 5.1; SV1; InfoPath.2)"
197.232.1.182 - - [08/Oct/2013:09:33:58 -0400] "GET /templates/hot_relief/js/jquery.min.js HTTP/1.1" 200 84362 "http://www.powerliquidators.com/" "Mozilla/4.0 (compatible; MSIE 6.0; Windows NT 5.1; SV1; InfoPath.2)"
197.232.1.182 - - [08/Oct/2013:09:34:08 -0400] "GET /templates/hot_relief/images/logo.png HTTP/1.1" 200 21289 "http://www.powerliquidators.com/" "Mozilla/4.0 (compatible; MSIE 6.0; Windows NT 5.1; SV1; InfoPath.2)"
197.232.1.182 - - [08/Oct/2013:09:34:08 -0400] "GET /components/com_virtuemart/shop_image/category/resized/Power_Management_4f5eb90eb14d3_90x90.jpg HTTP/1.1" 200 7088 "http://www.powerliquidators.com/" "Mozilla/4.0 (compatible; MSIE 6.0; Windows NT 5.1; SV1; InfoPath.2)"
197.232.1.182 - - [08/Oct/2013:09:34:11 -0400] "GET /components/com_virtuemart/themes/vmj_naru/images/noimage.gif HTTP/1.1" 200 4400 "http://www.powerliquidators.com/" "Mozilla/4.0 (compatible; MSIE 6.0; Windows NT 5.1; SV1; InfoPath.2)"
197.232.1.182 - - [08/Oct/2013:09:34:12 -0400] "GET /components/com_virtuemart/shop_image/product/resized/APC_AP7862_Meter_4f45c3aaef9b5_90x90.jpg HTTP/1.1" 200 2266 "http://www.powerliquidators.com/" "Mozilla/4.0 (compatible; MSIE 6.0; Windows NT 5.1; SV1; InfoPath.2)"
197.232.1.182 - - [08/Oct/2013:09:34:12 -0400] "GET /components/com_virtuemart/shop_image/product/resized/APC_AP7893_Meter_4f45c0fec9ece_90x90.jpg HTTP/1.1" 200 2462 "http://www.powerliquidators.com/" "Mozilla/4.0 (compatible; MSIE 6.0; Windows NT 5.1; SV1; InfoPath.2)"
197.232.1.182 - - [08/Oct/2013:09:34:13 -0400] "GET /templates/hot_relief/images/bg_gradient.png HTTP/1.1" 200 258 "http://www.powerliquidators.com/" "Mozilla/4.0 (compatible; MSIE 6.0; Windows NT 5.1; SV1; InfoPath.2)"
197.232.1.182 - - [08/Oct/2013:09:34:13 -0400] "GET /components/com_virtuemart/shop_image/product/resized/3COM_3C16857_Swi_4f788e8fda745_90x90.jpg HTTP/1.1" 200 6673 "http://www.powerliquidators.com/" "Mozilla/4.0 (compatible; MSIE 6.0; Windows NT 5.1; SV1; InfoPath.2)"
197.232.1.182 - - [08/Oct/2013:09:34:14 -0400] "GET /components/com_virtuemart/shop_image/product/resized/APC_AP7998_Switc_4f45c5ad98ccc_90x90.jpg HTTP/1.1" 200 1919 "http://www.powerliquidators.com/" "Mozilla/4.0 (compatible; MSIE 6.0; Windows NT 5.1; SV1; InfoPath.2)"
197.232.1.182 - - [08/Oct/2013:09:34:14 -0400] "GET /components/com_virtuemart/shop_image/product/resized/Smart_UPS_750_4f2dff422795b_90x90.jpg HTTP/1.1" 200 6123 "http://www.powerliquidators.com/" "Mozilla/4.0 (compatible; MSIE 6.0; Windows NT 5.1; SV1; InfoPath.2)"
197.232.1.182 - - [08/Oct/2013:09:34:15 -0400] "GET /components/com_virtuemart/shop_image/product/resized/HP_Compaq_3000_X_4f790edd7522f_90x90.jpg HTTP/1.1" 200 4123 "http://www.powerliquidators.com/" "Mozilla/4.0 (compatible; MSIE 6.0; Windows NT 5.1; SV1; InfoPath.2)"
197.232.1.182 - - [08/Oct/2013:09:34:16 -0400] "GET /components/com_virtuemart/fetchscript.php?gzip=1&subdir[0]=/js&file[0]=wz_tooltip.js HTTP/1.1" 200 12554 "http://www.powerliquidators.com/" "Mozilla/4.0 (compatible; MSIE 6.0; Windows NT 5.1; SV1; InfoPath.2)"
197.232.1.182 - - [08/Oct/2013:09:34:16 -0400] "GET /templates/hot_relief/images/arrow.gif HTTP/1.1" 200 823 "http://www.powerliquidators.com/" "Mozilla/4.0 (compatible; MSIE 6.0; Windows NT 5.1; SV1; InfoPath.2)"
197.232.1.182 - - [08/Oct/2013:09:34:17 -0400] "GET /components/com_virtuemart/themes/vmj_naru/images/add_to_cart_browse.png HTTP/1.1" 200 721 "http://www.powerliquidators.com/" "Mozilla/4.0 (compatible; MSIE 6.0; Windows NT 5.1; SV1; InfoPath.2)"
197.232.1.182 - - [08/Oct/2013:09:34:18 -0400] "GET /templates/hot_relief/images/shadow.png HTTP/1.1" 200 125 "http://www.powerliquidators.com/" "Mozilla/4.0 (compatible; MSIE 6.0; Windows NT 5.1; SV1; InfoPath.2)"
197.232.1.182 - - [08/Oct/2013:09:34:18 -0400] "GET /components/com_virtuemart/themes/vmj_naru/images/top_bar_browse_l.png HTTP/1.1" 200 450 "http://www.powerliquidators.com/" "Mozilla/4.0 (compatible; MSIE 6.0; Windows NT 5.1; SV1; InfoPath.2)"
197.232.1.182 - - [08/Oct/2013:09:34:18 -0400] "GET /components/com_virtuemart/themes/vmj_naru/images/top_bar_browse.png HTTP/1.1" 200 1680 "http://www.powerliquidators.com/" "Mozilla/4.0 (compatible; MSIE 6.0; Windows NT 5.1; SV1; InfoPath.2)"
197.232.1.182 - - [08/Oct/2013:09:34:19 -0400] "GET /components/com_virtuemart/themes/vmj_naru/images/product_details_browse.png HTTP/1.1" 200 786 "http://www.powerliquidators.com/" "Mozilla/4.0 (compatible; MSIE 6.0; Windows NT 5.1; SV1; InfoPath.2)"
67.222.16.252 - - [08/Oct/2013:09:59:10 -0400] "POST /index.php HTTP/1.1" 404 - "-" "-"
123.125.71.92 - - [08/Oct/2013:09:59:08 -0400] "GET / HTTP/1.1" 200 40279 "-" "Mozilla/5.0 (compatible; Baiduspider/2.0; +http://www.baidu.com/search/spider.html)"
67.222.16.252 - - [08/Oct/2013:10:02:30 -0400] "POST /index.php HTTP/1.1" 404 - "-" "-"
220.181.108.142 - - [08/Oct/2013:10:02:30 -0400] "GET / HTTP/1.1" 200 40278 "-" "Mozilla/5.0 (compatible; Baiduspider/2.0; +http://www.baidu.com/search/spider.html)"
67.222.16.252 - - [08/Oct/2013:10:45:50 -0400] "POST /index.php HTTP/1.1" 404 - "-" "-"
74.160.225.248 - - [08/Oct/2013:10:45:49 -0400] "GET / HTTP/1.1" 200 6825 "http://www.google.com/url?sa=t&rct=j&q=&esrc=s&source=web&cd=3&cad=rja&ved=0CFQQFjAC&url=http%3A%2F%2Fwww.powerliquidators.com%2F&ei=YxpUUua4Jofo8wT7roDoCg&usg=AFQjCNFahbmYI4BWT_sbv7UO_SJMHb799Q&bvm=bv.53537100,d.eWU" "Opera/9.80 (Windows NT 6.1; WOW64) Presto/2.12.388 Version/12.16"
74.160.225.248 - - [08/Oct/2013:10:45:53 -0400] "GET /templates/hot_relief/css/template_css.css HTTP/1.1" 200 8556 "http://www.powerliquidators.com/" "Opera/9.80 (Windows NT 6.1; WOW64) Presto/2.12.388 Version/12.16"
74.160.225.248 - - [08/Oct/2013:10:45:53 -0400] "GET /modules/mod_redmysticcore/css/style.css HTTP/1.1" 200 1535 "http://www.powerliquidators.com/" "Opera/9.80 (Windows NT 6.1; WOW64) Presto/2.12.388 Version/12.16"
74.160.225.248 - - [08/Oct/2013:10:45:53 -0400] "GET /templates/hot_relief/images/favicon.ico HTTP/1.1" 200 1150 "http://www.powerliquidators.com/" "Opera/9.80 (Windows NT 6.1; WOW64) Presto/2.12.388 Version/12.16"
74.160.225.248 - - [08/Oct/2013:10:45:54 -0400] "GET /components/com_virtuemart/fetchscript.php?gzip=1&subdir[0]=/themes/vmj_naru&file[0]=theme.js&subdir[1]=/js&file[1]=sleight.js&subdir[2]=/js/mootools&file[2]=mootools-release-1.11.js&subdir[3]=/js/mootools&file[3]=mooPrompt.js HTTP/1.1" 200 23678 "http://www.powerliquidators.com/" "Opera/9.80 (Windows NT 6.1; WOW64) Presto/2.12.388 Version/12.16"
74.160.225.248 - - [08/Oct/2013:10:45:55 -0400] "GET /components/com_virtuemart/shop_image/category/resized/Power_Management_4f5eb90eb14d3_90x90.jpg HTTP/1.1" 200 7088 "http://www.powerliquidators.com/" "Opera/9.80 (Windows NT 6.1; WOW64) Presto/2.12.388 Version/12.16"
74.160.225.248 - - [08/Oct/2013:10:45:55 -0400] "GET /components/com_virtuemart/shop_image/product/resized/3COM_3C16857_Swi_4f788e8fda745_90x90.jpg HTTP/1.1" 200 6673 "http://www.powerliquidators.com/" "Opera/9.80 (Windows NT 6.1; WOW64) Presto/2.12.388 Version/12.16"
74.160.225.248 - - [08/Oct/2013:10:45:55 -0400] "GET /components/com_virtuemart/themes/vmj_naru/images/noimage.gif HTTP/1.1" 200 4400 "http://www.powerliquidators.com/" "Opera/9.80 (Windows NT 6.1; WOW64) Presto/2.12.388 Version/12.16"
74.160.225.248 - - [08/Oct/2013:10:45:55 -0400] "GET /components/com_virtuemart/shop_image/product/resized/APC_AP7862_Meter_4f45c3aaef9b5_90x90.jpg HTTP/1.1" 200 2266 "http://www.powerliquidators.com/" "Opera/9.80 (Windows NT 6.1; WOW64) Presto/2.12.388 Version/12.16"
74.160.225.248 - - [08/Oct/2013:10:45:55 -0400] "GET /templates/hot_relief/images/logo.png HTTP/1.1" 200 21289 "http://www.powerliquidators.com/" "Opera/9.80 (Windows NT 6.1; WOW64) Presto/2.12.388 Version/12.16"
74.160.225.248 - - [08/Oct/2013:10:45:55 -0400] "GET /templates/hot_relief/css/layout.css HTTP/1.1" 200 2211 "http://www.powerliquidators.com/" "Opera/9.80 (Windows NT 6.1; WOW64) Presto/2.12.388 Version/12.16"
74.160.225.248 - - [08/Oct/2013:10:45:55 -0400] "GET /components/com_virtuemart/fetchscript.php?gzip=1&subdir[0]=/themes/vmj_naru&file[0]=theme.css&subdir[1]=/js/mootools&file[1]=mooPrompt.css HTTP/1.1" 200 4968 "http://www.powerliquidators.com/" "Opera/9.80 (Windows NT 6.1; WOW64) Presto/2.12.388 Version/12.16"
74.160.225.248 - - [08/Oct/2013:10:45:56 -0400] "GET /components/com_virtuemart/shop_image/product/resized/APC_AP7893_Meter_4f45c0fec9ece_90x90.jpg HTTP/1.1" 200 2462 "http://www.powerliquidators.com/" "Opera/9.80 (Windows NT 6.1; WOW64) Presto/2.12.388 Version/12.16"
74.160.225.248 - - [08/Oct/2013:10:45:56 -0400] "GET /components/com_virtuemart/shop_image/product/resized/APC_AP7998_Switc_4f45c5ad98ccc_90x90.jpg HTTP/1.1" 200 1919 "http://www.powerliquidators.com/" "Opera/9.80 (Windows NT 6.1; WOW64) Presto/2.12.388 Version/12.16"
74.160.225.248 - - [08/Oct/2013:10:45:56 -0400] "GET /components/com_virtuemart/shop_image/product/resized/HP_Compaq_3000_X_4f790edd7522f_90x90.jpg HTTP/1.1" 200 4123 "http://www.powerliquidators.com/" "Opera/9.80 (Windows NT 6.1; WOW64) Presto/2.12.388 Version/12.16"
74.160.225.248 - - [08/Oct/2013:10:45:54 -0400] "GET /templates/hot_relief/js/jquery.min.js HTTP/1.1" 200 84362 "http://www.powerliquidators.com/" "Opera/9.80 (Windows NT 6.1; WOW64) Presto/2.12.388 Version/12.16"
74.160.225.248 - - [08/Oct/2013:10:45:57 -0400] "GET /components/com_virtuemart/shop_image/product/resized/Smart_UPS_750_4f2dff422795b_90x90.jpg HTTP/1.1" 200 6123 "http://www.powerliquidators.com/" "Opera/9.80 (Windows NT 6.1; WOW64) Presto/2.12.388 Version/12.16"
74.160.225.248 - - [08/Oct/2013:10:45:57 -0400] "GET /components/com_virtuemart/shop_image/product/resized/Smart_UPS_750_4f2dff422795b_90x90.jpg HTTP/1.1" 200 6123 "http://www.powerliquidators.com/" "Opera/9.80 (Windows NT 6.1; WOW64) Presto/2.12.388 Version/12.16"
74.160.225.248 - - [08/Oct/2013:10:45:56 -0400] "GET /components/com_virtuemart/fetchscript.php?gzip=1&subdir[0]=/js&file[0]=wz_tooltip.js HTTP/1.1" 200 12510 "http://www.powerliquidators.com/" "Opera/9.80 (Windows NT 6.1; WOW64) Presto/2.12.388 Version/12.16"
74.160.225.248 - - [08/Oct/2013:10:45:57 -0400] "GET /templates/hot_relief/images/arrow.gif HTTP/1.1" 200 823 "http://www.powerliquidators.com/" "Opera/9.80 (Windows NT 6.1; WOW64) Presto/2.12.388 Version/12.16"
74.160.225.248 - - [08/Oct/2013:10:45:57 -0400] "GET /templates/hot_relief/images/bg_gradient.png HTTP/1.1" 200 258 "http://www.powerliquidators.com/" "Opera/9.80 (Windows NT 6.1; WOW64) Presto/2.12.388 Version/12.16"
74.160.225.248 - - [08/Oct/2013:10:45:57 -0400] "GET /templates/hot_relief/images/shadow.png HTTP/1.1" 200 125 "http://www.powerliquidators.com/" "Opera/9.80 (Windows NT 6.1; WOW64) Presto/2.12.388 Version/12.16"
74.160.225.248 - - [08/Oct/2013:10:45:57 -0400] "GET /components/com_virtuemart/themes/vmj_naru/images/top_bar_browse.png HTTP/1.1" 200 1680 "http://www.powerliquidators.com/" "Opera/9.80 (Windows NT 6.1; WOW64) Presto/2.12.388 Version/12.16"
74.160.225.248 - - [08/Oct/2013:10:45:57 -0400] "GET /components/com_virtuemart/themes/vmj_naru/images/top_bar_browse_l.png HTTP/1.1" 200 450 "http://www.powerliquidators.com/" "Opera/9.80 (Windows NT 6.1; WOW64) Presto/2.12.388 Version/12.16"
74.160.225.248 - - [08/Oct/2013:10:45:57 -0400] "GET /components/com_virtuemart/themes/vmj_naru/images/product_details_browse.png HTTP/1.1" 200 786 "http://www.powerliquidators.com/" "Opera/9.80 (Windows NT 6.1; WOW64) Presto/2.12.388 Version/12.16"
74.160.225.248 - - [08/Oct/2013:10:45:57 -0400] "GET /components/com_virtuemart/themes/vmj_naru/images/product_details_browse.png HTTP/1.1" 200 786 "http://www.powerliquidators.com/" "Opera/9.80 (Windows NT 6.1; WOW64) Presto/2.12.388 Version/12.16"
74.160.225.248 - - [08/Oct/2013:10:46:00 -0400] "GET /components/com_virtuemart/themes/vmj_naru/images/add_to_cart_browse.png HTTP/1.1" 200 721 "http://www.powerliquidators.com/" "Opera/9.80 (Windows NT 6.1; WOW64) Presto/2.12.388 Version/12.16"
123.125.71.112 - - [08/Oct/2013:11:00:47 -0400] "GET / HTTP/1.1" 200 40279 "-" "Mozilla/5.0 (compatible; Baiduspider/2.0; +http://www.baidu.com/search/spider.html)"
67.222.16.252 - - [08/Oct/2013:11:00:49 -0400] "POST /index.php HTTP/1.1" 404 - "-" "-"
202.46.55.34 - - [08/Oct/2013:11:16:03 -0400] "GET / HTTP/1.1" 301 - "-" "Mozilla/4.0 (compatible; MSIE 7.0; Windows NT 6.0)"
119.63.193.194 - - [08/Oct/2013:11:17:19 -0400] "GET / HTTP/1.1" 301 - "-" "Mozilla/4.0 (compatible; MSIE 7.0; Windows NT 6.0)"
67.222.16.252 - - [08/Oct/2013:11:52:59 -0400] "POST /index.php HTTP/1.1" 404 - "-" "-"
24.143.75.24 - - [08/Oct/2013:11:52:58 -0400] "\x80w\x01\x03\x01" 404 15677 "-" "-"
67.222.16.252 - - [08/Oct/2013:11:53:00 -0400] "POST /index.php HTTP/1.1" 404 - "-" "-"
24.143.75.24 - - [08/Oct/2013:11:52:59 -0400] "GET /HNAP1/ HTTP/1.1" 404 4691 "http://67.222.16.252/" "Mozilla/4.0 (compatible; MSIE 4.01; Mac_PowerPC)"
123.125.71.105 - - [08/Oct/2013:11:59:15 -0400] "GET / HTTP/1.1" 301 - "-" "Mozilla/5.0 (compatible; Baiduspider/2.0; +http://www.baidu.com/search/spider.html)"
220.181.108.168 - - [08/Oct/2013:12:01:21 -0400] "GET / HTTP/1.1" 301 - "-" "Mozilla/5.0 (compatible; Baiduspider/2.0; +http://www.baidu.com/search/spider.html)"
67.222.16.252 - - [08/Oct/2013:12:40:55 -0400] "POST /index.php HTTP/1.1" 404 - "-" "-"
184.18.218.5 - - [08/Oct/2013:12:40:54 -0400] "GET / HTTP/1.1" 200 6825 "https://www.google.com/url?sa=t&rct=j&q=&esrc=s&source=web&cd=4&ved=0CFUQFjAD&url=http%3A%2F%2Fwww.powerliquidators.com%2F&ei=kDVUUsrKGI61qQHMqoCQAQ&usg=AFQjCNFahbmYI4BWT_sbv7UO_SJMHb799Q&sig2=yWezqNYmFRkGDMpqrtkI6w&bvm=bv.53537100,d.aWM" "Mozilla/5.0 (Macintosh; Intel Mac OS X 10_6_8) AppleWebKit/537.36 (KHTML, like Gecko) Chrome/30.0.1599.69 Safari/537.36"
184.18.218.5 - - [08/Oct/2013:12:40:56 -0400] "GET /templates/hot_relief/css/template_css.css HTTP/1.1" 200 8556 "http://www.powerliquidators.com/" "Mozilla/5.0 (Macintosh; Intel Mac OS X 10_6_8) AppleWebKit/537.36 (KHTML, like Gecko) Chrome/30.0.1599.69 Safari/537.36"
184.18.218.5 - - [08/Oct/2013:12:40:56 -0400] "GET /templates/hot_relief/css/layout.css HTTP/1.1" 200 2211 "http://www.powerliquidators.com/" "Mozilla/5.0 (Macintosh; Intel Mac OS X 10_6_8) AppleWebKit/537.36 (KHTML, like Gecko) Chrome/30.0.1599.69 Safari/537.36"
184.18.218.5 - - [08/Oct/2013:12:40:56 -0400] "GET /modules/mod_redmysticcore/css/style.css HTTP/1.1" 200 1535 "http://www.powerliquidators.com/" "Mozilla/5.0 (Macintosh; Intel Mac OS X 10_6_8) AppleWebKit/537.36 (KHTML, like Gecko) Chrome/30.0.1599.69 Safari/537.36"
184.18.218.5 - - [08/Oct/2013:12:40:56 -0400] "GET /components/com_virtuemart/fetchscript.php?gzip=1&subdir[0]=/themes/vmj_naru&file[0]=theme.css&subdir[1]=/js/mootools&file[1]=mooPrompt.css HTTP/1.1" 200 4995 "http://www.powerliquidators.com/" "Mozilla/5.0 (Macintosh; Intel Mac OS X 10_6_8) AppleWebKit/537.36 (KHTML, like Gecko) Chrome/30.0.1599.69 Safari/537.36"
184.18.218.5 - - [08/Oct/2013:12:40:56 -0400] "GET /components/com_virtuemart/fetchscript.php?gzip=1&subdir[0]=/js&file[0]=wz_tooltip.js HTTP/1.1" 200 12554 "http://www.powerliquidators.com/" "Mozilla/5.0 (Macintosh; Intel Mac OS X 10_6_8) AppleWebKit/537.36 (KHTML, like Gecko) Chrome/30.0.1599.69 Safari/537.36"
184.18.218.5 - - [08/Oct/2013:12:40:56 -0400] "GET /components/com_virtuemart/fetchscript.php?gzip=1&subdir[0]=/themes/vmj_naru&file[0]=theme.js&subdir[1]=/js&file[1]=sleight.js&subdir[2]=/js/mootools&file[2]=mootools-release-1.11.js&subdir[3]=/js/mootools&file[3]=mooPrompt.js HTTP/1.1" 200 23711 "http://www.powerliquidators.com/" "Mozilla/5.0 (Macintosh; Intel Mac OS X 10_6_8) AppleWebKit/537.36 (KHTML, like Gecko) Chrome/30.0.1599.69 Safari/537.36"
184.18.218.5 - - [08/Oct/2013:12:40:56 -0400] "GET /templates/hot_relief/images/logo.png HTTP/1.1" 200 21289 "http://www.powerliquidators.com/" "Mozilla/5.0 (Macintosh; Intel Mac OS X 10_6_8) AppleWebKit/537.36 (KHTML, like Gecko) Chrome/30.0.1599.69 Safari/537.36"
184.18.218.5 - - [08/Oct/2013:12:40:56 -0400] "GET /templates/hot_relief/js/jquery.min.js HTTP/1.1" 200 84362 "http://www.powerliquidators.com/" "Mozilla/5.0 (Macintosh; Intel Mac OS X 10_6_8) AppleWebKit/537.36 (KHTML, like Gecko) Chrome/30.0.1599.69 Safari/537.36"
184.18.218.5 - - [08/Oct/2013:12:40:57 -0400] "GET /components/com_virtuemart/shop_image/category/resized/Power_Management_4f5eb90eb14d3_90x90.jpg HTTP/1.1" 200 7088 "http://www.powerliquidators.com/" "Mozilla/5.0 (Macintosh; Intel Mac OS X 10_6_8) AppleWebKit/537.36 (KHTML, like Gecko) Chrome/30.0.1599.69 Safari/537.36"
184.18.218.5 - - [08/Oct/2013:12:40:57 -0400] "GET /components/com_virtuemart/shop_image/product/resized/APC_AP7862_Meter_4f45c3aaef9b5_90x90.jpg HTTP/1.1" 200 2266 "http://www.powerliquidators.com/" "Mozilla/5.0 (Macintosh; Intel Mac OS X 10_6_8) AppleWebKit/537.36 (KHTML, like Gecko) Chrome/30.0.1599.69 Safari/537.36"
184.18.218.5 - - [08/Oct/2013:12:40:57 -0400] "GET /components/com_virtuemart/shop_image/product/resized/HP_Compaq_3000_X_4f790edd7522f_90x90.jpg HTTP/1.1" 200 4123 "http://www.powerliquidators.com/" "Mozilla/5.0 (Macintosh; Intel Mac OS X 10_6_8) AppleWebKit/537.36 (KHTML, like Gecko) Chrome/30.0.1599.69 Safari/537.36"
184.18.218.5 - - [08/Oct/2013:12:40:57 -0400] "GET /components/com_virtuemart/shop_image/product/resized/APC_AP7893_Meter_4f45c0fec9ece_90x90.jpg HTTP/1.1" 200 2462 "http://www.powerliquidators.com/" "Mozilla/5.0 (Macintosh; Intel Mac OS X 10_6_8) AppleWebKit/537.36 (KHTML, like Gecko) Chrome/30.0.1599.69 Safari/537.36"
184.18.218.5 - - [08/Oct/2013:12:40:57 -0400] "GET /components/com_virtuemart/shop_image/product/resized/3COM_3C16857_Swi_4f788e8fda745_90x90.jpg HTTP/1.1" 200 6673 "http://www.powerliquidators.com/" "Mozilla/5.0 (Macintosh; Intel Mac OS X 10_6_8) AppleWebKit/537.36 (KHTML, like Gecko) Chrome/30.0.1599.69 Safari/537.36"
184.18.218.5 - - [08/Oct/2013:12:40:57 -0400] "GET /components/com_virtuemart/shop_image/product/resized/Smart_UPS_750_4f2dff422795b_90x90.jpg HTTP/1.1" 200 6123 "http://www.powerliquidators.com/" "Mozilla/5.0 (Macintosh; Intel Mac OS X 10_6_8) AppleWebKit/537.36 (KHTML, like Gecko) Chrome/30.0.1599.69 Safari/537.36"
184.18.218.5 - - [08/Oct/2013:12:40:57 -0400] "GET /components/com_virtuemart/themes/vmj_naru/images/noimage.gif HTTP/1.1" 200 4400 "http://www.powerliquidators.com/" "Mozilla/5.0 (Macintosh; Intel Mac OS X 10_6_8) AppleWebKit/537.36 (KHTML, like Gecko) Chrome/30.0.1599.69 Safari/537.36"
184.18.218.5 - - [08/Oct/2013:12:40:57 -0400] "GET /templates/hot_relief/images/bg_gradient.png HTTP/1.1" 200 258 "http://www.powerliquidators.com/" "Mozilla/5.0 (Macintosh; Intel Mac OS X 10_6_8) AppleWebKit/537.36 (KHTML, like Gecko) Chrome/30.0.1599.69 Safari/537.36"
184.18.218.5 - - [08/Oct/2013:12:40:57 -0400] "GET /templates/hot_relief/images/shadow.png HTTP/1.1" 200 125 "http://www.powerliquidators.com/" "Mozilla/5.0 (Macintosh; Intel Mac OS X 10_6_8) AppleWebKit/537.36 (KHTML, like Gecko) Chrome/30.0.1599.69 Safari/537.36"
184.18.218.5 - - [08/Oct/2013:12:40:57 -0400] "GET /templates/hot_relief/images/arrow.gif HTTP/1.1" 200 823 "http://www.powerliquidators.com/" "Mozilla/5.0 (Macintosh; Intel Mac OS X 10_6_8) AppleWebKit/537.36 (KHTML, like Gecko) Chrome/30.0.1599.69 Safari/537.36"
184.18.218.5 - - [08/Oct/2013:12:40:57 -0400] "GET /components/com_virtuemart/themes/vmj_naru/images/top_bar_browse_l.png HTTP/1.1" 200 450 "http://www.powerliquidators.com/" "Mozilla/5.0 (Macintosh; Intel Mac OS X 10_6_8) AppleWebKit/537.36 (KHTML, like Gecko) Chrome/30.0.1599.69 Safari/537.36"
184.18.218.5 - - [08/Oct/2013:12:40:57 -0400] "GET /components/com_virtuemart/themes/vmj_naru/images/top_bar_browse.png HTTP/1.1" 200 1680 "http://www.powerliquidators.com/" "Mozilla/5.0 (Macintosh; Intel Mac OS X 10_6_8) AppleWebKit/537.36 (KHTML, like Gecko) Chrome/30.0.1599.69 Safari/537.36"
184.18.218.5 - - [08/Oct/2013:12:40:57 -0400] "GET /components/com_virtuemart/themes/vmj_naru/images/product_details_browse.png HTTP/1.1" 200 786 "http://www.powerliquidators.com/" "Mozilla/5.0 (Macintosh; Intel Mac OS X 10_6_8) AppleWebKit/537.36 (KHTML, like Gecko) Chrome/30.0.1599.69 Safari/537.36"
184.18.218.5 - - [08/Oct/2013:12:40:57 -0400] "GET /components/com_virtuemart/themes/vmj_naru/images/add_to_cart_browse.png HTTP/1.1" 200 721 "http://www.powerliquidators.com/" "Mozilla/5.0 (Macintosh; Intel Mac OS X 10_6_8) AppleWebKit/537.36 (KHTML, like Gecko) Chrome/30.0.1599.69 Safari/537.36"
184.18.218.5 - - [08/Oct/2013:12:40:57 -0400] "GET /components/com_virtuemart/shop_image/product/resized/APC_AP7998_Switc_4f45c5ad98ccc_90x90.jpg HTTP/1.1" 200 1919 "http://www.powerliquidators.com/" "Mozilla/5.0 (Macintosh; Intel Mac OS X 10_6_8) AppleWebKit/537.36 (KHTML, like Gecko) Chrome/30.0.1599.69 Safari/537.36"
184.18.218.5 - - [08/Oct/2013:12:40:57 -0400] "GET /templates/hot_relief/images/favicon.ico HTTP/1.1" 200 1150 "-" "Mozilla/5.0 (Macintosh; Intel Mac OS X 10_6_8) AppleWebKit/537.36 (KHTML, like Gecko) Chrome/30.0.1599.69 Safari/537.36"
67.222.16.252 - - [08/Oct/2013:13:17:41 -0400] "POST /index.php HTTP/1.1" 404 - "-" "-"
123.125.71.110 - - [08/Oct/2013:13:17:41 -0400] "GET / HTTP/1.1" 200 40278 "-" "Mozilla/5.0 (compatible; Baiduspider/2.0; +http://www.baidu.com/search/spider.html)"
67.222.16.252 - - [08/Oct/2013:13:18:37 -0400] "POST /index.php HTTP/1.1" 404 - "-" "-"
220.181.108.151 - - [08/Oct/2013:13:18:37 -0400] "GET / HTTP/1.1" 200 40278 "-" "Mozilla/5.0 (compatible; Baiduspider/2.0; +http://www.baidu.com/search/spider.html)"
202.46.62.93 - - [08/Oct/2013:13:20:29 -0400] "GET / HTTP/1.1" 301 - "-" "Mozilla/4.0 (compatible; MSIE 7.0; Windows NT 6.0)"
119.63.193.132 - - [08/Oct/2013:13:21:52 -0400] "GET / HTTP/1.1" 301 - "-" "Mozilla/4.0 (compatible; MSIE 7.0; Windows NT 6.0)"
123.125.71.79 - - [08/Oct/2013:14:03:17 -0400] "GET / HTTP/1.1" 301 - "-" "Mozilla/5.0 (compatible; Baiduspider/2.0; +http://www.baidu.com/search/spider.html)"
220.181.108.169 - - [08/Oct/2013:14:03:54 -0400] "GET / HTTP/1.1" 301 - "-" "Mozilla/5.0 (compatible; Baiduspider/2.0; +http://www.baidu.com/search/spider.html)"
65.36.241.79 - - [08/Oct/2013:14:10:29 -0400] "HEAD / HTTP/1.1" 301 - "-" "InternetSeer.com"
67.222.16.252 - - [08/Oct/2013:14:47:24 -0400] "POST /index.php HTTP/1.1" 404 - "-" "-"
202.46.63.121 - - [08/Oct/2013:14:47:24 -0400] "GET / HTTP/1.1" 200 40279 "-" "Mozilla/4.0 (compatible; MSIE 7.0; Windows NT 6.0)"
67.222.16.252 - - [08/Oct/2013:14:47:39 -0400] "POST /index.php HTTP/1.1" 404 - "-" "-"
119.63.193.194 - - [08/Oct/2013:14:47:39 -0400] "GET / HTTP/1.1" 200 40278 "-" "Mozilla/4.0 (compatible; MSIE 7.0; Windows NT 6.0)"
123.125.71.111 - - [08/Oct/2013:15:04:38 -0400] "GET / HTTP/1.1" 301 - "-" "Mozilla/5.0 (compatible; Baiduspider/2.0; +http://www.baidu.com/search/spider.html)"
220.181.108.183 - - [08/Oct/2013:15:06:38 -0400] "GET / HTTP/1.1" 301 - "-" "Mozilla/5.0 (compatible; Baiduspider/2.0; +http://www.baidu.com/search/spider.html)"
67.222.16.252 - - [08/Oct/2013:16:03:04 -0400] "POST /index.php HTTP/1.1" 404 - "-" "-"
220.181.108.173 - - [08/Oct/2013:16:03:03 -0400] "GET / HTTP/1.1" 200 40279 "-" "Mozilla/5.0 (compatible; Baiduspider/2.0; +http://www.baidu.com/search/spider.html)"
67.222.16.252 - - [08/Oct/2013:16:03:46 -0400] "POST /index.php HTTP/1.1" 404 - "-" "-"
123.125.71.92 - - [08/Oct/2013:16:03:45 -0400] "GET / HTTP/1.1" 200 40279 "-" "Mozilla/5.0 (compatible; Baiduspider/2.0; +http://www.baidu.com/search/spider.html)"
67.222.16.252 - - [08/Oct/2013:16:59:25 -0400] "POST /index.php HTTP/1.1" 404 - "-" "-"
123.125.71.105 - - [08/Oct/2013:16:59:24 -0400] "GET / HTTP/1.1" 200 40278 "-" "Mozilla/5.0 (compatible; Baiduspider/2.0; +http://www.baidu.com/search/spider.html)"
67.222.16.252 - - [08/Oct/2013:17:00:35 -0400] "POST /index.php HTTP/1.1" 404 - "-" "-"
220.181.108.179 - - [08/Oct/2013:17:00:35 -0400] "GET / HTTP/1.1" 200 40278 "-" "Mozilla/5.0 (compatible; Baiduspider/2.0; +http://www.baidu.com/search/spider.html)"
67.222.16.252 - - [08/Oct/2013:17:01:53 -0400] "POST /index.php HTTP/1.1" 404 - "-" "-"
180.76.5.10 - - [08/Oct/2013:17:01:52 -0400] "GET /power-management/apc-ap7893-metered-rack-5.7kva-pdu/vmj_naru.tpl.html?pop=0 HTTP/1.1" 200 12327 "-" "Mozilla/5.0 (compatible; Baiduspider/2.0; +http://www.baidu.com/search/spider.html)"
67.222.16.252 - - [08/Oct/2013:17:09:34 -0400] "POST /index.php HTTP/1.1" 404 - "-" "-"
