98.233.236.228 - - [01/Oct/2013:22:05:41 -0400] "GET /administrator/index.php?option=com_sh404sef&view=analytics&format=raw&tmpl=component&noMsg=1&forced=0&showFilters=no&report=dashboard&groupBy=&cpWidth=897&subrequest=topsocialfb HTTP/1.1" 200 108 "http://www.powerliquidators.com/administrator/index.php?option=com_sh404sef&c=default" "Mozilla/5.0 (Windows NT 6.1; WOW64; rv:24.0) Gecko/20100101 Firefox/24.0"
98.233.236.228 - - [01/Oct/2013:22:05:41 -0400] "GET /administrator/index.php?option=com_sh404sef&view=analytics&format=raw&tmpl=component&noMsg=1&forced=0&showFilters=no&report=dashboard&groupBy=&cpWidth=897&subrequest=topsocialtweeter HTTP/1.1" 200 108 "http://www.powerliquidators.com/administrator/index.php?option=com_sh404sef&c=default" "Mozilla/5.0 (Windows NT 6.1; WOW64; rv:24.0) Gecko/20100101 Firefox/24.0"
98.233.236.228 - - [01/Oct/2013:22:05:41 -0400] "GET /administrator/index.php?option=com_sh404sef&view=analytics&format=raw&tmpl=component&noMsg=1&forced=0&showFilters=no&report=dashboard&groupBy=&cpWidth=897&subrequest=topsocialplusone HTTP/1.1" 200 108 "http://www.powerliquidators.com/administrator/index.php?option=com_sh404sef&c=default" "Mozilla/5.0 (Windows NT 6.1; WOW64; rv:24.0) Gecko/20100101 Firefox/24.0"
98.233.236.228 - - [01/Oct/2013:22:05:42 -0400] "GET /administrator/index.php?option=com_sh404sef&view=analytics&format=raw&tmpl=component&noMsg=1&forced=0&showFilters=no&report=dashboard&groupBy=&cpWidth=897&subrequest=topsocialplusonepage HTTP/1.1" 200 108 "http://www.powerliquidators.com/administrator/index.php?option=com_sh404sef&c=default" "Mozilla/5.0 (Windows NT 6.1; WOW64; rv:24.0) Gecko/20100101 Firefox/24.0"
98.233.236.228 - - [01/Oct/2013:22:05:44 -0400] "GET /administrator/index.php?option=com_users&task=view HTTP/1.1" 200 4922 "http://www.powerliquidators.com/administrator/index.php?option=com_sh404sef&c=default" "Mozilla/5.0 (Windows NT 6.1; WOW64; rv:24.0) Gecko/20100101 Firefox/24.0"
98.233.236.228 - - [01/Oct/2013:22:05:45 -0400] "GET /administrator/images/sort_asc.png HTTP/1.1" 200 238 "http://www.powerliquidators.com/administrator/index.php?option=com_users&task=view" "Mozilla/5.0 (Windows NT 6.1; WOW64; rv:24.0) Gecko/20100101 Firefox/24.0"
98.233.236.228 - - [01/Oct/2013:22:05:45 -0400] "GET /administrator/images/tick.png HTTP/1.1" 200 511 "http://www.powerliquidators.com/administrator/index.php?option=com_users&task=view" "Mozilla/5.0 (Windows NT 6.1; WOW64; rv:24.0) Gecko/20100101 Firefox/24.0"
98.233.236.228 - - [01/Oct/2013:22:05:45 -0400] "GET /administrator/templates/khepri/images/toolbar/icon-32-cancel.png HTTP/1.1" 200 1445 "http://www.powerliquidators.com/administrator/templates/khepri/css/icon.css" "Mozilla/5.0 (Windows NT 6.1; WOW64; rv:24.0) Gecko/20100101 Firefox/24.0"
98.233.236.228 - - [01/Oct/2013:22:05:45 -0400] "GET /administrator/templates/khepri/images/toolbar/icon-32-delete.png HTTP/1.1" 200 2913 "http://www.powerliquidators.com/administrator/templates/khepri/css/icon.css" "Mozilla/5.0 (Windows NT 6.1; WOW64; rv:24.0) Gecko/20100101 Firefox/24.0"
98.233.236.228 - - [01/Oct/2013:22:05:45 -0400] "GET /administrator/templates/khepri/images/toolbar/icon-32-edit.png HTTP/1.1" 200 1206 "http://www.powerliquidators.com/administrator/templates/khepri/css/icon.css" "Mozilla/5.0 (Windows NT 6.1; WOW64; rv:24.0) Gecko/20100101 Firefox/24.0"
98.233.236.228 - - [01/Oct/2013:22:05:45 -0400] "GET /administrator/templates/khepri/images/toolbar/icon-32-new.png HTTP/1.1" 200 1664 "http://www.powerliquidators.com/administrator/templates/khepri/css/icon.css" "Mozilla/5.0 (Windows NT 6.1; WOW64; rv:24.0) Gecko/20100101 Firefox/24.0"
98.233.236.228 - - [01/Oct/2013:22:05:45 -0400] "GET /administrator/templates/khepri/images/toolbar/icon-32-help.png HTTP/1.1" 200 1400 "http://www.powerliquidators.com/administrator/templates/khepri/css/icon.css" "Mozilla/5.0 (Windows NT 6.1; WOW64; rv:24.0) Gecko/20100101 Firefox/24.0"
98.233.236.228 - - [01/Oct/2013:22:05:55 -0400] "GET /administrator/index.php?option=com_users&view=user&task=edit&cid[]=62 HTTP/1.1" 200 4969 "http://www.powerliquidators.com/administrator/index.php?option=com_users&task=view" "Mozilla/5.0 (Windows NT 6.1; WOW64; rv:24.0) Gecko/20100101 Firefox/24.0"
98.233.236.228 - - [01/Oct/2013:22:05:56 -0400] "GET /administrator/templates/khepri/images/toolbar/icon-32-apply.png HTTP/1.1" 200 1240 "http://www.powerliquidators.com/administrator/templates/khepri/css/icon.css" "Mozilla/5.0 (Windows NT 6.1; WOW64; rv:24.0) Gecko/20100101 Firefox/24.0"
98.233.236.228 - - [01/Oct/2013:22:05:56 -0400] "GET /administrator/templates/khepri/images/toolbar/icon-32-save.png HTTP/1.1" 200 977 "http://www.powerliquidators.com/administrator/templates/khepri/css/icon.css" "Mozilla/5.0 (Windows NT 6.1; WOW64; rv:24.0) Gecko/20100101 Firefox/24.0"
98.233.236.228 - - [01/Oct/2013:22:06:01 -0400] "GET /administrator/templates/khepri/images/selector-arrow.png HTTP/1.1" 200 299 "http://www.powerliquidators.com/administrator/templates/khepri/css/general.css" "Mozilla/5.0 (Windows NT 6.1; WOW64; rv:24.0) Gecko/20100101 Firefox/24.0"
98.233.236.228 - - [01/Oct/2013:22:06:02 -0400] "POST /administrator/index.php HTTP/1.1" 303 - "http://www.powerliquidators.com/administrator/index.php?option=com_users&view=user&task=edit&cid[]=62" "Mozilla/5.0 (Windows NT 6.1; WOW64; rv:24.0) Gecko/20100101 Firefox/24.0"
98.233.236.228 - - [01/Oct/2013:22:06:03 -0400] "GET /administrator/index.php?option=com_users HTTP/1.1" 200 5000 "http://www.powerliquidators.com/administrator/index.php?option=com_users&view=user&task=edit&cid[]=62" "Mozilla/5.0 (Windows NT 6.1; WOW64; rv:24.0) Gecko/20100101 Firefox/24.0"
98.233.236.228 - - [01/Oct/2013:22:06:04 -0400] "GET /administrator/templates/khepri/images/notice-info.png HTTP/1.1" 200 1010 "http://www.powerliquidators.com/administrator/templates/khepri/css/general.css" "Mozilla/5.0 (Windows NT 6.1; WOW64; rv:24.0) Gecko/20100101 Firefox/24.0"
98.233.236.228 - - [01/Oct/2013:22:06:18 -0400] "GET /administrator/index.php?option=com_login&task=logout HTTP/1.1" 303 - "http://www.powerliquidators.com/administrator/index.php?option=com_users" "Mozilla/5.0 (Windows NT 6.1; WOW64; rv:24.0) Gecko/20100101 Firefox/24.0"
98.233.236.228 - - [01/Oct/2013:22:06:19 -0400] "GET /administrator/index.php?option=com_login HTTP/1.1" 200 1603 "http://www.powerliquidators.com/administrator/index.php?option=com_users" "Mozilla/5.0 (Windows NT 6.1; WOW64; rv:24.0) Gecko/20100101 Firefox/24.0"
67.222.16.252 - - [01/Oct/2013:22:11:07 -0400] "POST /index.php HTTP/1.1" 404 - "-" "-"
98.233.236.228 - - [01/Oct/2013:22:11:07 -0400] "GET / HTTP/1.1" 200 6815 "-" "Mozilla/5.0 (Windows NT 6.1; WOW64; rv:24.0) Gecko/20100101 Firefox/24.0"
199.21.99.121 - - [01/Oct/2013:22:13:50 -0400] "GET /robots.txt HTTP/1.1" 200 304 "-" "Mozilla/5.0 (compatible; YandexBot/3.0; +http://yandex.com/bots)"
199.21.99.121 - - [01/Oct/2013:22:13:52 -0400] "GET / HTTP/1.1" 301 - "-" "Mozilla/5.0 (compatible; YandexBot/3.0; +http://yandex.com/bots)"
199.21.99.121 - - [01/Oct/2013:22:14:30 -0400] "GET /robots.txt HTTP/1.1" 200 304 "-" "Mozilla/5.0 (compatible; YandexBot/3.0; +http://yandex.com/bots)"
67.222.16.252 - - [01/Oct/2013:22:14:32 -0400] "POST /index.php HTTP/1.1" 404 - "-" "-"
199.21.99.121 - - [01/Oct/2013:22:14:32 -0400] "GET / HTTP/1.1" 200 6818 "-" "Mozilla/5.0 (compatible; YandexBot/3.0; +http://yandex.com/bots)"
67.222.16.252 - - [01/Oct/2013:22:14:36 -0400] "POST /index.php HTTP/1.1" 404 - "-" "-"
199.21.99.121 - - [01/Oct/2013:22:14:35 -0400] "GET / HTTP/1.1" 200 6814 "-" "Mozilla/5.0 (compatible; YandexBot/3.0; +http://yandex.com/bots)"
67.222.16.252 - - [01/Oct/2013:22:15:03 -0400] "POST /index.php HTTP/1.1" 404 - "-" "-"
199.21.99.121 - - [01/Oct/2013:22:15:03 -0400] "GET / HTTP/1.1" 200 6830 "-" "Mozilla/5.0 (compatible; YandexBot/3.0; +http://yandex.com/bots)"
67.222.16.252 - - [01/Oct/2013:22:17:38 -0400] "POST /index.php HTTP/1.1" 404 - "-" "-"
66.249.74.64 - - [01/Oct/2013:22:17:37 -0400] "GET /power-management/view-all-products.html HTTP/1.1" 200 9707 "-" "Mozilla/5.0 (compatible; Googlebot/2.1; +http://www.google.com/bot.html)"
67.222.16.252 - - [01/Oct/2013:23:06:17 -0400] "POST /index.php HTTP/1.1" 404 - "-" "-"
220.181.108.139 - - [01/Oct/2013:23:06:16 -0400] "GET / HTTP/1.1" 200 40279 "-" "Mozilla/5.0 (compatible; Baiduspider/2.0; +http://www.baidu.com/search/spider.html)"
67.222.16.252 - - [01/Oct/2013:23:07:27 -0400] "POST /index.php HTTP/1.1" 404 - "-" "-"
123.125.71.104 - - [01/Oct/2013:23:07:27 -0400] "GET / HTTP/1.1" 200 40278 "-" "Mozilla/5.0 (compatible; Baiduspider/2.0; +http://www.baidu.com/search/spider.html)"
202.46.51.44 - - [01/Oct/2013:23:13:39 -0400] "GET / HTTP/1.1" 301 - "-" "Mozilla/4.0 (compatible; MSIE 7.0; Windows NT 6.0)"
67.222.16.252 - - [01/Oct/2013:23:15:52 -0400] "POST /index.php HTTP/1.1" 404 - "-" "-"
66.249.74.64 - - [01/Oct/2013:23:15:52 -0400] "GET /printers/view-all-products.html HTTP/1.1" 200 3864 "-" "Mozilla/5.0 (compatible; Googlebot/2.1; +http://www.google.com/bot.html)"
157.55.36.45 - - [01/Oct/2013:23:21:23 -0400] "GET /robots.txt HTTP/1.1" 200 304 "-" "Mozilla/5.0 (compatible; bingbot/2.0; +http://www.bing.com/bingbot.htm)"
67.222.16.252 - - [01/Oct/2013:23:31:19 -0400] "POST /index.php HTTP/1.1" 404 - "-" "-"
157.55.36.45 - - [01/Oct/2013:23:31:18 -0400] "GET / HTTP/1.1" 200 6807 "-" "Mozilla/5.0 (compatible; bingbot/2.0; +http://www.bing.com/bingbot.htm)"
67.222.16.252 - - [01/Oct/2013:23:57:33 -0400] "POST /index.php HTTP/1.1" 404 - "-" "-"
123.125.71.100 - - [01/Oct/2013:23:57:32 -0400] "GET / HTTP/1.1" 200 40279 "-" "Mozilla/5.0 (compatible; Baiduspider/2.0; +http://www.baidu.com/search/spider.html)"
67.222.16.252 - - [01/Oct/2013:23:59:46 -0400] "POST /index.php HTTP/1.1" 404 - "-" "-"
220.181.108.185 - - [01/Oct/2013:23:59:45 -0400] "GET / HTTP/1.1" 200 40278 "-" "Mozilla/5.0 (compatible; Baiduspider/2.0; +http://www.baidu.com/search/spider.html)"
202.46.48.200 - - [02/Oct/2013:00:04:58 -0400] "GET / HTTP/1.1" 301 - "-" "Mozilla/5.0 (Windows NT 5.1; rv:6.0.2) Gecko/20100101 Firefox/6.0.2"
67.222.16.252 - - [02/Oct/2013:00:04:59 -0400] "POST /index.php HTTP/1.1" 404 - "-" "-"
202.46.62.169 - - [02/Oct/2013:00:04:59 -0400] "GET / HTTP/1.1" 200 6804 "-" "Mozilla/5.0 (Windows NT 5.1; rv:6.0.2) Gecko/20100101 Firefox/6.0.2"
202.46.48.152 - - [02/Oct/2013:00:07:26 -0400] "GET /Online_College_Courses.cfm?kt=112&ki=21227423&ktd=0&kp=1&fp=JbtKZcvNzuaS4%2BTE8BudG0rTBajGF596zUQJcZVUl21p%2Bu%2B5Rwri%2FaTo4m6DfKnYXde38sPlyAKzEqewkPE02hHvvPQYdKe01DrW2Me65N3cPKrvbOqFpX33sBupcm1WAm0YcpM2UHJnhi3R9DxclMulWQoro9wYXI6Y6IGUWkUp2WNdDdEd9rqwnZBcNfG6M06zDDflzQhPVShs5%2Bzw8w%3D%3D&maxads=0&prvtof=Rr5hRgNqzxoZl4Pz2jmODjun%2BB7YcSnCvzoo9CedNmI%3D&mode=delete_cookies HTTP/1.1" 404 - "-" "Mozilla/4.0 (compatible; MSIE 8.0; Windows NT 6.1)DAPPER-HOST-IP:174.36.29.29"
202.46.61.57 - - [02/Oct/2013:00:09:52 -0400] "GET /article.php?id=51086&t=gastara_municipio_2.5_mdp_al_mes_por_la_jubilacion_de_funcionarios HTTP/1.1" 404 1400 "-" "Mozilla/4.0 (compatible; MSIE 8.0; Windows NT 6.1)DAPPER-HOST-IP:66.171.238.45"
202.46.62.89 - - [02/Oct/2013:00:12:44 -0400] "GET /10_Best_Mutual_Funds.cfm?fp=TTVm5CSrLRwirMUpOMLI4GrmeWFhjkA8%2BBt%2FlqVMj09OycUXsVlzBr5cFFsllPQWwyfnt5Ug8n5ArwvkaR9wyTozSg8e9Njs6849IjUoNT6I4lGxF6b3zSJ6O63hId80HRW6o4CbbEhjV9sQ1%2FGc4BE3%2FfttKwwKHB%2BYIB%2B3ZhIucCxLeIgiqCQPgdlSnWWA&maxads=0&prvtof=L%2B1oTsv0HCHHAsiagnJlb8CR%2Fbbfcflki093Nj9%2F82w%3D&page=253&kt=112&ki=72996&ktd=0&kp=13 HTTP/1.1" 404 - "-" "Mozilla/4.0 (compatible; MSIE 8.0; Windows NT 6.1)DAPPER-HOST-IP:82.98.86.174"
202.46.63.66 - - [02/Oct/2013:00:15:11 -0400] "GET /A_Social_Utility_That_Connects.cfm?fp=s3hSGuE%2BhZF0gVO4zejhzATZZXHWD9TrH43xril1KTcgbK48I2imrBBM6qtluDnvU7hkrdzdbM1IyCd3ZssR4DSAt0JPgUx90NN5EeFNhyKChq8LdEOBhwp6vyWyEJP%2FL69uySizzuPyWISMkB9RAMRW0UhxLMZoN16Zb7MnrtVbcneRp1baV%2Bh3oZqzxoBK&maxads=0&prvtof=qwZl3WNa4lBHTUU%2F%2FeVIjkyRNf6%2FW0hmkM%2BoKuOHjQs%3D&gtnjs=1&kt=217&kbc=pinterest&ki=215994254&ktd=49152&kp=7 HTTP/1.1" 404 - "-" "Mozilla/4.0 (compatible; MSIE 8.0; Windows NT 6.1)DAPPER-HOST-IP:82.98.86.174"
202.46.50.180 - - [02/Oct/2013:00:20:08 -0400] "GET /upload/M16983/CSS/M16983.css?0,8703839 HTTP/1.1" 404 - "-" "Mozilla/4.0 (compatible; MSIE 8.0; Windows NT 6.1)DAPPER-HOST-IP:194.185.40.100"
67.222.16.252 - - [02/Oct/2013:00:59:08 -0400] "POST /index.php HTTP/1.1" 404 - "-" "-"
220.181.108.146 - - [02/Oct/2013:00:59:05 -0400] "GET / HTTP/1.1" 200 40279 "-" "Mozilla/5.0 (compatible; Baiduspider/2.0; +http://www.baidu.com/search/spider.html)"
123.125.71.106 - - [02/Oct/2013:01:01:51 -0400] "GET / HTTP/1.1" 200 40278 "-" "Mozilla/5.0 (compatible; Baiduspider/2.0; +http://www.baidu.com/search/spider.html)"
67.222.16.252 - - [02/Oct/2013:01:01:51 -0400] "POST /index.php HTTP/1.1" 404 - "-" "-"
67.222.16.252 - - [02/Oct/2013:01:12:40 -0400] "POST /index.php HTTP/1.1" 404 - "-" "-"
66.249.74.64 - - [02/Oct/2013:01:12:38 -0400] "GET /3com/view-all-products.html HTTP/1.1" 200 7922 "-" "Mozilla/5.0 (compatible; Googlebot/2.1; +http://www.google.com/bot.html)"
157.55.36.45 - - [02/Oct/2013:01:24:15 -0400] "GET /robots.txt HTTP/1.1" 200 304 "-" "Mozilla/5.0 (compatible; bingbot/2.0; +http://www.bing.com/bingbot.htm)"
202.46.56.46 - - [02/Oct/2013:01:25:48 -0400] "GET / HTTP/1.1" 301 - "-" "Mozilla/4.0 (compatible; MSIE 7.0; Windows NT 6.0)"
157.55.36.45 - - [02/Oct/2013:01:28:08 -0400] "GET / HTTP/1.1" 301 - "-" "Mozilla/5.0 (compatible; bingbot/2.0; +http://www.bing.com/bingbot.htm)"
67.222.16.252 - - [02/Oct/2013:01:47:13 -0400] "POST /index.php HTTP/1.1" 404 - "-" "-"
220.181.108.150 - - [02/Oct/2013:01:47:10 -0400] "GET /cisco/view-all-products.html HTTP/1.1" 200 3731 "-" "Mozilla/5.0 (compatible; Baiduspider/2.0; +http://www.baidu.com/search/spider.html)"
67.222.16.252 - - [02/Oct/2013:01:59:04 -0400] "POST /index.php HTTP/1.1" 404 - "-" "-"
123.125.71.100 - - [02/Oct/2013:01:59:03 -0400] "GET / HTTP/1.1" 200 40279 "-" "Mozilla/5.0 (compatible; Baiduspider/2.0; +http://www.baidu.com/search/spider.html)"
67.222.16.252 - - [02/Oct/2013:02:00:42 -0400] "POST /index.php HTTP/1.1" 404 - "-" "-"
220.181.108.181 - - [02/Oct/2013:02:00:41 -0400] "GET / HTTP/1.1" 200 40279 "-" "Mozilla/5.0 (compatible; Baiduspider/2.0; +http://www.baidu.com/search/spider.html)"
65.36.241.79 - - [02/Oct/2013:02:19:15 -0400] "HEAD / HTTP/1.1" 301 - "-" "InternetSeer.com"
67.222.16.252 - - [02/Oct/2013:03:00:43 -0400] "POST /index.php HTTP/1.1" 404 - "-" "-"
67.222.16.252 - - [02/Oct/2013:03:00:47 -0400] "POST /index.php HTTP/1.1" 404 - "-" "-"
123.125.71.98 - - [02/Oct/2013:03:00:46 -0400] "GET / HTTP/1.1" 200 40279 "-" "Mozilla/5.0 (compatible; Baiduspider/2.0; +http://www.baidu.com/search/spider.html)"
220.181.108.140 - - [02/Oct/2013:03:00:07 -0400] "GET / HTTP/1.1" 200 40279 "-" "Mozilla/5.0 (compatible; Baiduspider/2.0; +http://www.baidu.com/search/spider.html)"
66.249.74.64 - - [02/Oct/2013:03:10:26 -0400] "GET /about-power-liquidators.html HTTP/1.1" 200 5945 "-" "Mozilla/5.0 (compatible; Googlebot/2.1; +http://www.google.com/bot.html)"
67.222.16.252 - - [02/Oct/2013:03:10:32 -0400] "POST /index.php HTTP/1.1" 404 - "-" "-"
202.46.53.34 - - [02/Oct/2013:03:15:56 -0400] "GET / HTTP/1.1" 301 - "-" "Mozilla/4.0 (compatible; MSIE 7.0; Windows NT 6.0)"
67.222.16.252 - - [02/Oct/2013:03:47:21 -0400] "POST /index.php HTTP/1.1" 404 - "-" "-"
67.222.16.252 - - [02/Oct/2013:03:47:21 -0400] "POST /index.php HTTP/1.1" 404 - "-" "-"
61.231.81.206 - - [02/Oct/2013:03:47:14 -0400] "GET http://www.google.com/intl/zh-CN/ HTTP/1.1" 404 17231 "-" "Mozilla/5.0 (compatible; MSIE 9.0; Windows NT 6.1; Trident/5.0)"
61.231.81.206 - - [02/Oct/2013:03:47:21 -0400] "CONNECT mx2.mail2000.com.tw:25 HTTP/1.0" 404 17193 "-" "-"
67.222.16.252 - - [02/Oct/2013:04:09:30 -0400] "POST /index.php HTTP/1.1" 404 - "-" "-"
66.249.74.64 - - [02/Oct/2013:04:09:28 -0400] "GET /avocent/view-all-products.html HTTP/1.1" 200 7328 "-" "Mozilla/5.0 (compatible; Googlebot/2.1; +http://www.google.com/bot.html)"
67.222.16.252 - - [02/Oct/2013:04:59:12 -0400] "POST /index.php HTTP/1.1" 404 - "-" "-"
123.125.71.79 - - [02/Oct/2013:04:59:08 -0400] "GET / HTTP/1.1" 200 40279 "-" "Mozilla/5.0 (compatible; Baiduspider/2.0; +http://www.baidu.com/search/spider.html)"
67.222.16.252 - - [02/Oct/2013:05:03:57 -0400] "POST /index.php HTTP/1.1" 404 - "-" "-"
220.181.108.79 - - [02/Oct/2013:05:03:56 -0400] "GET / HTTP/1.1" 200 40278 "-" "Mozilla/5.0 (compatible; Baiduspider/2.0; +http://www.baidu.com/search/spider.html)"
202.46.60.63 - - [02/Oct/2013:05:15:42 -0400] "GET / HTTP/1.1" 301 - "-" "Mozilla/4.0 (compatible; MSIE 7.0; Windows NT 6.0)"
67.222.16.252 - - [02/Oct/2013:05:59:45 -0400] "POST /index.php HTTP/1.1" 404 - "-" "-"
123.125.71.85 - - [02/Oct/2013:05:59:42 -0400] "GET / HTTP/1.1" 200 40279 "-" "Mozilla/5.0 (compatible; Baiduspider/2.0; +http://www.baidu.com/search/spider.html)"
67.222.16.252 - - [02/Oct/2013:06:02:56 -0400] "POST /index.php HTTP/1.1" 404 - "-" "-"
220.181.108.151 - - [02/Oct/2013:06:02:56 -0400] "GET / HTTP/1.1" 200 40278 "-" "Mozilla/5.0 (compatible; Baiduspider/2.0; +http://www.baidu.com/search/spider.html)"
66.249.74.64 - - [02/Oct/2013:06:08:41 -0400] "GET /cisco/view-all-products.html HTTP/1.1" 200 3731 "-" "Mozilla/5.0 (compatible; Googlebot/2.1; +http://www.google.com/bot.html)"
67.222.16.252 - - [02/Oct/2013:06:08:42 -0400] "POST /index.php HTTP/1.1" 404 - "-" "-"
67.222.16.252 - - [02/Oct/2013:06:46:35 -0400] "POST /index.php HTTP/1.1" 404 - "-" "-"
202.46.54.59 - - [02/Oct/2013:06:46:33 -0400] "GET / HTTP/1.1" 200 40279 "-" "Mozilla/4.0 (compatible; MSIE 7.0; Windows NT 6.0)"
67.222.16.252 - - [02/Oct/2013:07:07:15 -0400] "POST /index.php HTTP/1.1" 404 - "-" "-"
220.181.108.161 - - [02/Oct/2013:07:07:13 -0400] "GET / HTTP/1.1" 200 40279 "-" "Mozilla/5.0 (compatible; Baiduspider/2.0; +http://www.baidu.com/search/spider.html)"
67.222.16.252 - - [02/Oct/2013:07:09:41 -0400] "POST /index.php HTTP/1.1" 404 - "-" "-"
123.125.71.116 - - [02/Oct/2013:07:09:41 -0400] "GET / HTTP/1.1" 200 40278 "-" "Mozilla/5.0 (compatible; Baiduspider/2.0; +http://www.baidu.com/search/spider.html)"
67.222.16.252 - - [02/Oct/2013:07:59:47 -0400] "POST /index.php HTTP/1.1" 404 - "-" "-"
220.181.108.176 - - [02/Oct/2013:07:59:45 -0400] "GET / HTTP/1.1" 200 40279 "-" "Mozilla/5.0 (compatible; Baiduspider/2.0; +http://www.baidu.com/search/spider.html)"
67.222.16.252 - - [02/Oct/2013:08:01:04 -0400] "POST /index.php HTTP/1.1" 404 - "-" "-"
123.125.71.77 - - [02/Oct/2013:08:01:04 -0400] "GET / HTTP/1.1" 200 40278 "-" "Mozilla/5.0 (compatible; Baiduspider/2.0; +http://www.baidu.com/search/spider.html)"
67.222.16.252 - - [02/Oct/2013:08:32:06 -0400] "POST /index.php HTTP/1.1" 404 - "-" "-"
152.11.168.83 - - [02/Oct/2013:08:31:55 -0400] "GET /cooling/liebert-challenger-bu102c-aae1-5-ton-computer-room-air-condition/vmj_naru.tpl.html HTTP/1.1" 200 6701 "http://www.google.com/url?sa=t&rct=j&q=&esrc=s&frm=1&source=web&cd=4&ved=0CFEQFjAD&url=http%3A%2F%2Fwww.powerliquidators.com%2Fcooling%2Fliebert-challenger-bu102c-aae1-5-ton-computer-room-air-condition%2Fvmj_naru.tpl.html&ei=kxFMUrmADovc8wS-k4HQCw&usg=AFQjCNGYIPKnLP9wrIyaCU87ur92w96MBQ" "Mozilla/4.0 (compatible; MSIE 8.0; Windows NT 5.1; Trident/4.0; .NET CLR 1.1.4322; .NET CLR 2.0.50727; InfoPath.1; .NET CLR 3.0.4506.2152; .NET CLR 3.5.30729; .NET4.0C; .NET4.0E)"
152.11.168.83 - - [02/Oct/2013:08:32:08 -0400] "GET /components/com_virtuemart/themes/vmj_naru/vmj_tabcontent.js HTTP/1.1" 200 8866 "http://www.powerliquidators.com/cooling/liebert-challenger-bu102c-aae1-5-ton-computer-room-air-condition/vmj_naru.tpl.html" "Mozilla/4.0 (compatible; MSIE 8.0; Windows NT 5.1; Trident/4.0; .NET CLR 1.1.4322; .NET CLR 2.0.50727; InfoPath.1; .NET CLR 3.0.4506.2152; .NET CLR 3.5.30729; .NET4.0C; .NET4.0E)"
152.11.168.83 - - [02/Oct/2013:08:32:08 -0400] "GET /templates/hot_relief/css/template_css.css HTTP/1.1" 200 8556 "http://www.powerliquidators.com/cooling/liebert-challenger-bu102c-aae1-5-ton-computer-room-air-condition/vmj_naru.tpl.html" "Mozilla/4.0 (compatible; MSIE 8.0; Windows NT 5.1; Trident/4.0; .NET CLR 1.1.4322; .NET CLR 2.0.50727; InfoPath.1; .NET CLR 3.0.4506.2152; .NET CLR 3.5.30729; .NET4.0C; .NET4.0E)"
152.11.168.83 - - [02/Oct/2013:08:32:08 -0400] "GET /modules/mod_redmysticcore/css/style.css HTTP/1.1" 200 1535 "http://www.powerliquidators.com/cooling/liebert-challenger-bu102c-aae1-5-ton-computer-room-air-condition/vmj_naru.tpl.html" "Mozilla/4.0 (compatible; MSIE 8.0; Windows NT 5.1; Trident/4.0; .NET CLR 1.1.4322; .NET CLR 2.0.50727; InfoPath.1; .NET CLR 3.0.4506.2152; .NET CLR 3.5.30729; .NET4.0C; .NET4.0E)"
152.11.168.83 - - [02/Oct/2013:08:32:08 -0400] "GET /templates/hot_relief/css/layout.css HTTP/1.1" 200 2211 "http://www.powerliquidators.com/cooling/liebert-challenger-bu102c-aae1-5-ton-computer-room-air-condition/vmj_naru.tpl.html" "Mozilla/4.0 (compatible; MSIE 8.0; Windows NT 5.1; Trident/4.0; .NET CLR 1.1.4322; .NET CLR 2.0.50727; InfoPath.1; .NET CLR 3.0.4506.2152; .NET CLR 3.5.30729; .NET4.0C; .NET4.0E)"
152.11.168.83 - - [02/Oct/2013:08:32:08 -0400] "GET /components/com_virtuemart/fetchscript.php?gzip=1&subdir[0]=/themes/vmj_naru&file[0]=theme.css&subdir[1]=/js/mootools&file[1]=mooPrompt.css&subdir[2]=/js/slimbox/css&file[2]=slimbox.css HTTP/1.1" 200 5339 "http://www.powerliquidators.com/cooling/liebert-challenger-bu102c-aae1-5-ton-computer-room-air-condition/vmj_naru.tpl.html" "Mozilla/4.0 (compatible; MSIE 8.0; Windows NT 5.1; Trident/4.0; .NET CLR 1.1.4322; .NET CLR 2.0.50727; InfoPath.1; .NET CLR 3.0.4506.2152; .NET CLR 3.5.30729; .NET4.0C; .NET4.0E)"
152.11.168.83 - - [02/Oct/2013:08:32:08 -0400] "GET /templates/hot_relief/js/jquery.min.js HTTP/1.1" 200 84362 "http://www.powerliquidators.com/cooling/liebert-challenger-bu102c-aae1-5-ton-computer-room-air-condition/vmj_naru.tpl.html" "Mozilla/4.0 (compatible; MSIE 8.0; Windows NT 5.1; Trident/4.0; .NET CLR 1.1.4322; .NET CLR 2.0.50727; InfoPath.1; .NET CLR 3.0.4506.2152; .NET CLR 3.5.30729; .NET4.0C; .NET4.0E)"
152.11.168.83 - - [02/Oct/2013:08:32:08 -0400] "GET /components/com_virtuemart/fetchscript.php?gzip=1&subdir[0]=/themes/vmj_naru&file[0]=theme.js&subdir[1]=/js&file[1]=sleight.js&subdir[2]=/js/mootools&file[2]=mootools-release-1.11.js&subdir[3]=/js/mootools&file[3]=mooPrompt.js&subdir[4]=/js/slimbox/js&file[4]=slimbox.js HTTP/1.1" 200 25595 "http://www.powerliquidators.com/cooling/liebert-challenger-bu102c-aae1-5-ton-computer-room-air-condition/vmj_naru.tpl.html" "Mozilla/4.0 (compatible; MSIE 8.0; Windows NT 5.1; Trident/4.0; .NET CLR 1.1.4322; .NET CLR 2.0.50727; InfoPath.1; .NET CLR 3.0.4506.2152; .NET CLR 3.5.30729; .NET4.0C; .NET4.0E)"
152.11.168.83 - - [02/Oct/2013:08:32:09 -0400] "GET /templates/hot_relief/images/bg_gradient.png HTTP/1.1" 200 258 "http://www.powerliquidators.com/cooling/liebert-challenger-bu102c-aae1-5-ton-computer-room-air-condition/vmj_naru.tpl.html" "Mozilla/4.0 (compatible; MSIE 8.0; Windows NT 5.1; Trident/4.0; .NET CLR 1.1.4322; .NET CLR 2.0.50727; InfoPath.1; .NET CLR 3.0.4506.2152; .NET CLR 3.5.30729; .NET4.0C; .NET4.0E)"
152.11.168.83 - - [02/Oct/2013:08:32:09 -0400] "GET /templates/hot_relief/images/emailButton.png HTTP/1.1" 200 405 "http://www.powerliquidators.com/cooling/liebert-challenger-bu102c-aae1-5-ton-computer-room-air-condition/vmj_naru.tpl.html" "Mozilla/4.0 (compatible; MSIE 8.0; Windows NT 5.1; Trident/4.0; .NET CLR 1.1.4322; .NET CLR 2.0.50727; InfoPath.1; .NET CLR 3.0.4506.2152; .NET CLR 3.5.30729; .NET4.0C; .NET4.0E)"
152.11.168.83 - - [02/Oct/2013:08:32:09 -0400] "GET /components/com_virtuemart/shop_image/product/resized/Liebert_Challeng_4f790aeb02c3b_90x90.jpg HTTP/1.1" 200 6240 "http://www.powerliquidators.com/cooling/liebert-challenger-bu102c-aae1-5-ton-computer-room-air-condition/vmj_naru.tpl.html" "Mozilla/4.0 (compatible; MSIE 8.0; Windows NT 5.1; Trident/4.0; .NET CLR 1.1.4322; .NET CLR 2.0.50727; InfoPath.1; .NET CLR 3.0.4506.2152; .NET CLR 3.5.30729; .NET4.0C; .NET4.0E)"
152.11.168.83 - - [02/Oct/2013:08:32:09 -0400] "GET /templates/hot_relief/images/shadow.png HTTP/1.1" 200 125 "http://www.powerliquidators.com/cooling/liebert-challenger-bu102c-aae1-5-ton-computer-room-air-condition/vmj_naru.tpl.html" "Mozilla/4.0 (compatible; MSIE 8.0; Windows NT 5.1; Trident/4.0; .NET CLR 1.1.4322; .NET CLR 2.0.50727; InfoPath.1; .NET CLR 3.0.4506.2152; .NET CLR 3.5.30729; .NET4.0C; .NET4.0E)"
152.11.168.83 - - [02/Oct/2013:08:32:09 -0400] "GET /components/com_virtuemart/themes/vmj_naru/images/zoom_icon.png HTTP/1.1" 200 259 "http://www.powerliquidators.com/cooling/liebert-challenger-bu102c-aae1-5-ton-computer-room-air-condition/vmj_naru.tpl.html" "Mozilla/4.0 (compatible; MSIE 8.0; Windows NT 5.1; Trident/4.0; .NET CLR 1.1.4322; .NET CLR 2.0.50727; InfoPath.1; .NET CLR 3.0.4506.2152; .NET CLR 3.5.30729; .NET4.0C; .NET4.0E)"
152.11.168.83 - - [02/Oct/2013:08:32:09 -0400] "GET /components/com_virtuemart/themes/vmj_naru/images/add_to_cart_product_page.png HTTP/1.1" 200 3482 "http://www.powerliquidators.com/cooling/liebert-challenger-bu102c-aae1-5-ton-computer-room-air-condition/vmj_naru.tpl.html" "Mozilla/4.0 (compatible; MSIE 8.0; Windows NT 5.1; Trident/4.0; .NET CLR 1.1.4322; .NET CLR 2.0.50727; InfoPath.1; .NET CLR 3.0.4506.2152; .NET CLR 3.5.30729; .NET4.0C; .NET4.0E)"
152.11.168.83 - - [02/Oct/2013:08:32:09 -0400] "GET /components/com_virtuemart/themes/vmj_naru/images/stars/0.png HTTP/1.1" 200 1621 "http://www.powerliquidators.com/cooling/liebert-challenger-bu102c-aae1-5-ton-computer-room-air-condition/vmj_naru.tpl.html" "Mozilla/4.0 (compatible; MSIE 8.0; Windows NT 5.1; Trident/4.0; .NET CLR 1.1.4322; .NET CLR 2.0.50727; InfoPath.1; .NET CLR 3.0.4506.2152; .NET CLR 3.5.30729; .NET4.0C; .NET4.0E)"
152.11.168.83 - - [02/Oct/2013:08:32:09 -0400] "GET /components/com_virtuemart/themes/vmj_naru/images/previous_16x16.png HTTP/1.1" 200 455 "http://www.powerliquidators.com/cooling/liebert-challenger-bu102c-aae1-5-ton-computer-room-air-condition/vmj_naru.tpl.html" "Mozilla/4.0 (compatible; MSIE 8.0; Windows NT 5.1; Trident/4.0; .NET CLR 1.1.4322; .NET CLR 2.0.50727; InfoPath.1; .NET CLR 3.0.4506.2152; .NET CLR 3.5.30729; .NET4.0C; .NET4.0E)"
152.11.168.83 - - [02/Oct/2013:08:32:09 -0400] "GET /templates/hot_relief/images/arrow.gif HTTP/1.1" 200 823 "http://www.powerliquidators.com/cooling/liebert-challenger-bu102c-aae1-5-ton-computer-room-air-condition/vmj_naru.tpl.html" "Mozilla/4.0 (compatible; MSIE 8.0; Windows NT 5.1; Trident/4.0; .NET CLR 1.1.4322; .NET CLR 2.0.50727; InfoPath.1; .NET CLR 3.0.4506.2152; .NET CLR 3.5.30729; .NET4.0C; .NET4.0E)"
152.11.168.83 - - [02/Oct/2013:08:32:09 -0400] "GET /templates/hot_relief/images/logo.png HTTP/1.1" 200 21289 "http://www.powerliquidators.com/cooling/liebert-challenger-bu102c-aae1-5-ton-computer-room-air-condition/vmj_naru.tpl.html" "Mozilla/4.0 (compatible; MSIE 8.0; Windows NT 5.1; Trident/4.0; .NET CLR 1.1.4322; .NET CLR 2.0.50727; InfoPath.1; .NET CLR 3.0.4506.2152; .NET CLR 3.5.30729; .NET4.0C; .NET4.0E)"
152.11.168.83 - - [02/Oct/2013:08:32:09 -0400] "GET /components/com_virtuemart/themes/vmj_naru/images/next_16x16.png HTTP/1.1" 200 447 "http://www.powerliquidators.com/cooling/liebert-challenger-bu102c-aae1-5-ton-computer-room-air-condition/vmj_naru.tpl.html" "Mozilla/4.0 (compatible; MSIE 8.0; Windows NT 5.1; Trident/4.0; .NET CLR 1.1.4322; .NET CLR 2.0.50727; InfoPath.1; .NET CLR 3.0.4506.2152; .NET CLR 3.5.30729; .NET4.0C; .NET4.0E)"
152.11.168.83 - - [02/Oct/2013:08:32:09 -0400] "GET /components/com_virtuemart/themes/vmj_naru/images/top_bar_browse_l.png HTTP/1.1" 200 450 "http://www.powerliquidators.com/cooling/liebert-challenger-bu102c-aae1-5-ton-computer-room-air-condition/vmj_naru.tpl.html" "Mozilla/4.0 (compatible; MSIE 8.0; Windows NT 5.1; Trident/4.0; .NET CLR 1.1.4322; .NET CLR 2.0.50727; InfoPath.1; .NET CLR 3.0.4506.2152; .NET CLR 3.5.30729; .NET4.0C; .NET4.0E)"
152.11.168.83 - - [02/Oct/2013:08:32:09 -0400] "GET /components/com_virtuemart/themes/vmj_naru/images/top_bar_browse.png HTTP/1.1" 200 1680 "http://www.powerliquidators.com/cooling/liebert-challenger-bu102c-aae1-5-ton-computer-room-air-condition/vmj_naru.tpl.html" "Mozilla/4.0 (compatible; MSIE 8.0; Windows NT 5.1; Trident/4.0; .NET CLR 1.1.4322; .NET CLR 2.0.50727; InfoPath.1; .NET CLR 3.0.4506.2152; .NET CLR 3.5.30729; .NET4.0C; .NET4.0E)"
152.11.168.83 - - [02/Oct/2013:08:32:09 -0400] "GET /components/com_virtuemart/themes/vmj_naru/images/up_small.gif HTTP/1.1" 200 46 "http://www.powerliquidators.com/cooling/liebert-challenger-bu102c-aae1-5-ton-computer-room-air-condition/vmj_naru.tpl.html" "Mozilla/4.0 (compatible; MSIE 8.0; Windows NT 5.1; Trident/4.0; .NET CLR 1.1.4322; .NET CLR 2.0.50727; InfoPath.1; .NET CLR 3.0.4506.2152; .NET CLR 3.5.30729; .NET4.0C; .NET4.0E)"
152.11.168.83 - - [02/Oct/2013:08:32:09 -0400] "GET /components/com_virtuemart/themes/vmj_naru/images/vmjtab-left.png HTTP/1.1" 200 1277 "http://www.powerliquidators.com/cooling/liebert-challenger-bu102c-aae1-5-ton-computer-room-air-condition/vmj_naru.tpl.html" "Mozilla/4.0 (compatible; MSIE 8.0; Windows NT 5.1; Trident/4.0; .NET CLR 1.1.4322; .NET CLR 2.0.50727; InfoPath.1; .NET CLR 3.0.4506.2152; .NET CLR 3.5.30729; .NET4.0C; .NET4.0E)"
152.11.168.83 - - [02/Oct/2013:08:32:09 -0400] "GET /components/com_virtuemart/themes/vmj_naru/images/down_small.gif HTTP/1.1" 200 46 "http://www.powerliquidators.com/cooling/liebert-challenger-bu102c-aae1-5-ton-computer-room-air-condition/vmj_naru.tpl.html" "Mozilla/4.0 (compatible; MSIE 8.0; Windows NT 5.1; Trident/4.0; .NET CLR 1.1.4322; .NET CLR 2.0.50727; InfoPath.1; .NET CLR 3.0.4506.2152; .NET CLR 3.5.30729; .NET4.0C; .NET4.0E)"
152.11.168.83 - - [02/Oct/2013:08:32:09 -0400] "GET /components/com_virtuemart/themes/vmj_naru/images/vmjtab.png HTTP/1.1" 200 3066 "http://www.powerliquidators.com/cooling/liebert-challenger-bu102c-aae1-5-ton-computer-room-air-condition/vmj_naru.tpl.html" "Mozilla/4.0 (compatible; MSIE 8.0; Windows NT 5.1; Trident/4.0; .NET CLR 1.1.4322; .NET CLR 2.0.50727; InfoPath.1; .NET CLR 3.0.4506.2152; .NET CLR 3.5.30729; .NET4.0C; .NET4.0E)"
152.11.168.83 - - [02/Oct/2013:08:32:10 -0400] "GET /favicon.ico HTTP/1.1" 404 - "-" "Mozilla/4.0 (compatible; MSIE 8.0; Windows NT 5.1; Trident/4.0; .NET CLR 1.1.4322; .NET CLR 2.0.50727; InfoPath.1; .NET CLR 3.0.4506.2152; .NET CLR 3.5.30729; .NET4.0C; .NET4.0E)"
152.11.168.83 - - [02/Oct/2013:08:32:10 -0400] "GET /components/com_virtuemart/js/slimbox/css/closelabel.gif HTTP/1.1" 200 971 "http://www.powerliquidators.com/cooling/liebert-challenger-bu102c-aae1-5-ton-computer-room-air-condition/vmj_naru.tpl.html" "Mozilla/4.0 (compatible; MSIE 8.0; Windows NT 5.1; Trident/4.0; .NET CLR 1.1.4322; .NET CLR 2.0.50727; InfoPath.1; .NET CLR 3.0.4506.2152; .NET CLR 3.5.30729; .NET4.0C; .NET4.0E)"
67.222.16.252 - - [02/Oct/2013:09:01:53 -0400] "POST /index.php HTTP/1.1" 404 - "-" "-"
67.222.16.252 - - [02/Oct/2013:09:01:55 -0400] "POST /index.php HTTP/1.1" 404 - "-" "-"
123.125.71.71 - - [02/Oct/2013:09:01:46 -0400] "GET / HTTP/1.1" 200 40279 "-" "Mozilla/5.0 (compatible; Baiduspider/2.0; +http://www.baidu.com/search/spider.html)"
220.181.108.157 - - [02/Oct/2013:09:01:54 -0400] "GET / HTTP/1.1" 200 40279 "-" "Mozilla/5.0 (compatible; Baiduspider/2.0; +http://www.baidu.com/search/spider.html)"
66.249.75.143 - - [02/Oct/2013:09:05:22 -0400] "GET /robots.txt HTTP/1.1" 200 304 "-" "Mozilla/5.0 (compatible; Googlebot/2.1; +http://www.google.com/bot.html)"
66.249.75.143 - - [02/Oct/2013:09:05:22 -0400] "GET /perform-detailed-search.html HTTP/1.1" 200 4813 "-" "Mozilla/5.0 (compatible; Googlebot/2.1; +http://www.google.com/bot.html)"
67.222.16.252 - - [02/Oct/2013:09:05:22 -0400] "POST /index.php HTTP/1.1" 404 - "-" "-"
65.36.241.79 - - [02/Oct/2013:09:09:58 -0400] "HEAD / HTTP/1.1" 301 - "-" "InternetSeer.com"
202.46.52.26 - - [02/Oct/2013:09:17:39 -0400] "GET / HTTP/1.1" 301 - "-" "Mozilla/4.0 (compatible; MSIE 7.0; Windows NT 6.0)"
66.249.75.13 - - [02/Oct/2013:09:50:12 -0400] "GET /robots.txt HTTP/1.1" 200 304 "-" "Mozilla/5.0 (compatible; Googlebot/2.1; +http://www.google.com/bot.html)"
67.222.16.252 - - [02/Oct/2013:09:50:23 -0400] "POST /index.php HTTP/1.1" 404 - "-" "-"
66.249.75.13 - - [02/Oct/2013:09:50:12 -0400] "GET /cooling/liebert-challenger-bu102c-aae1-5-ton-computer-room-air-condition/vmj_naru.tpl.html HTTP/1.1" 200 6678 "-" "Mozilla/5.0 (compatible; Googlebot/2.1; +http://www.google.com/bot.html)"
66.249.75.13 - - [02/Oct/2013:09:56:16 -0400] "GET /power-management/apc-smart-ups-750va-usb-serial-ups-ac-120-v-500-watt-7/vmj_naru.tpl.html?pop=0 HTTP/1.1" 200 8535 "-" "Mozilla/5.0 (compatible; Googlebot/2.1; +http://www.google.com/bot.html)"
67.222.16.252 - - [02/Oct/2013:09:56:16 -0400] "POST /index.php HTTP/1.1" 404 - "-" "-"
66.249.75.13 - - [02/Oct/2013:10:01:16 -0400] "GET /index2.php?page=shop.recommend&product_id=10&pop=1&tmpl=component&option=com_virtuemart&Itemid=1 HTTP/1.1" 200 1964 "-" "Mozilla/5.0 (compatible; Googlebot/2.1; +http://www.google.com/bot.html)"
67.222.16.252 - - [02/Oct/2013:10:01:51 -0400] "POST /index.php HTTP/1.1" 404 - "-" "-"
66.249.75.13 - - [02/Oct/2013:10:01:48 -0400] "GET /about-power-liquidators.html HTTP/1.1" 200 5945 "-" "Mozilla/5.0 (iPhone; U; CPU iPhone OS 4_1 like Mac OS X; en-us) AppleWebKit/532.9 (KHTML, like Gecko) Version/4.0.5 Mobile/8B117 Safari/6531.22.7 (compatible; Googlebot-Mobile/2.1; +http://www.google.com/bot.html)"
220.181.108.139 - - [02/Oct/2013:10:02:22 -0400] "GET / HTTP/1.1" 301 - "-" "Mozilla/5.0 (compatible; Baiduspider/2.0; +http://www.baidu.com/search/spider.html)"
123.125.71.79 - - [02/Oct/2013:10:02:51 -0400] "GET / HTTP/1.1" 301 - "-" "Mozilla/5.0 (compatible; Baiduspider/2.0; +http://www.baidu.com/search/spider.html)"
66.249.75.13 - - [02/Oct/2013:10:02:58 -0400] "GET /index.php?page=shop.ask&flypage=vmj_naru.tpl&product_id=1&category_id=1&option=com_virtuemart&Itemid=1 HTTP/1.1" 200 4546 "-" "Mozilla/5.0 (compatible; Googlebot/2.1; +http://www.google.com/bot.html)"
67.222.16.252 - - [02/Oct/2013:10:02:59 -0400] "POST /index.php HTTP/1.1" 404 - "-" "-"
67.222.16.252 - - [02/Oct/2013:10:04:58 -0400] "POST /index.php HTTP/1.1" 404 - "-" "-"
66.249.75.13 - - [02/Oct/2013:10:04:57 -0400] "GET / HTTP/1.1" 200 6819 "-" "Mozilla/5.0 (iPhone; U; CPU iPhone OS 4_1 like Mac OS X; en-us) AppleWebKit/532.9 (KHTML, like Gecko) Version/4.0.5 Mobile/8B117 Safari/6531.22.7 (compatible; Googlebot-Mobile/2.1; +http://www.google.com/bot.html)"
66.249.75.13 - - [02/Oct/2013:10:05:41 -0400] "GET /index2.php?page=shop.recommend&product_id=1&pop=1&tmpl=component&option=com_virtuemart&Itemid=1 HTTP/1.1" 200 1960 "-" "Mozilla/5.0 (compatible; Googlebot/2.1; +http://www.google.com/bot.html)"
67.222.16.252 - - [02/Oct/2013:10:24:08 -0400] "POST /index.php HTTP/1.1" 404 - "-" "-"
66.249.75.13 - - [02/Oct/2013:10:24:08 -0400] "GET /home.html HTTP/1.1" 200 6834 "-" "Mozilla/5.0 (compatible; Googlebot/2.1; +http://www.google.com/bot.html)"
67.222.16.252 - - [02/Oct/2013:10:48:23 -0400] "POST /index.php HTTP/1.1" 404 - "-" "-"
66.249.75.13 - - [02/Oct/2013:10:48:19 -0400] "GET /other/view-all-products.html HTTP/1.1" 200 3882 "-" "Mozilla/5.0 (compatible; Googlebot/2.1; +http://www.google.com/bot.html)"
66.249.75.13 - - [02/Oct/2013:10:50:25 -0400] "GET /networking/3com-3c16857-switch-7700-64gbps-fabric-modulethe-switch-fabric/vmj_naru.tpl.html HTTP/1.1" 200 7752 "-" "Mozilla/5.0 (compatible; Googlebot/2.1; +http://www.google.com/bot.html)"
67.222.16.252 - - [02/Oct/2013:10:50:27 -0400] "POST /index.php HTTP/1.1" 404 - "-" "-"
66.249.75.13 - - [02/Oct/2013:10:56:16 -0400] "GET /color-printers/view-all-products.html HTTP/1.1" 200 3892 "-" "Mozilla/5.0 (compatible; Googlebot/2.1; +http://www.google.com/bot.html)"
67.222.16.252 - - [02/Oct/2013:10:56:17 -0400] "POST /index.php HTTP/1.1" 404 - "-" "-"
66.249.75.13 - - [02/Oct/2013:10:56:45 -0400] "GET /laser-printers/view-all-products.html HTTP/1.1" 200 3939 "-" "Mozilla/5.0 (compatible; Googlebot/2.1; +http://www.google.com/bot.html)"
67.222.16.252 - - [02/Oct/2013:10:56:45 -0400] "POST /index.php HTTP/1.1" 404 - "-" "-"
66.249.75.13 - - [02/Oct/2013:10:57:13 -0400] "GET /ink-jet-printers/view-all-products.html HTTP/1.1" 200 3893 "-" "Mozilla/5.0 (compatible; Googlebot/2.1; +http://www.google.com/bot.html)"
67.222.16.252 - - [02/Oct/2013:10:57:13 -0400] "POST /index.php HTTP/1.1" 404 - "-" "-"
66.249.75.13 - - [02/Oct/2013:10:57:46 -0400] "GET /multifunction-devices/view-all-products.html HTTP/1.1" 200 3885 "-" "Mozilla/5.0 (compatible; Googlebot/2.1; +http://www.google.com/bot.html)"
67.222.16.252 - - [02/Oct/2013:10:57:47 -0400] "POST /index.php HTTP/1.1" 404 - "-" "-"
67.222.16.252 - - [02/Oct/2013:11:03:40 -0400] "POST /index.php HTTP/1.1" 404 - "-" "-"
220.181.108.187 - - [02/Oct/2013:11:03:38 -0400] "GET / HTTP/1.1" 200 40279 "-" "Mozilla/5.0 (compatible; Baiduspider/2.0; +http://www.baidu.com/search/spider.html)"
66.249.75.13 - - [02/Oct/2013:11:06:32 -0400] "GET /color-laser-printers/view-all-products.html HTTP/1.1" 200 3860 "-" "Mozilla/5.0 (compatible; Googlebot/2.1; +http://www.google.com/bot.html)"
67.222.16.252 - - [02/Oct/2013:11:06:32 -0400] "POST /index.php HTTP/1.1" 404 - "-" "-"
66.249.75.13 - - [02/Oct/2013:11:07:54 -0400] "GET /black-and-white-laser-printers/view-all-products.html HTTP/1.1" 200 3860 "-" "Mozilla/5.0 (compatible; Googlebot/2.1; +http://www.google.com/bot.html)"
67.222.16.252 - - [02/Oct/2013:11:07:54 -0400] "POST /index.php HTTP/1.1" 404 - "-" "-"
67.222.16.252 - - [02/Oct/2013:11:08:10 -0400] "POST /index.php HTTP/1.1" 404 - "-" "-"
123.125.71.117 - - [02/Oct/2013:11:08:09 -0400] "GET / HTTP/1.1" 200 40279 "-" "Mozilla/5.0 (compatible; Baiduspider/2.0; +http://www.baidu.com/search/spider.html)"
202.46.53.61 - - [02/Oct/2013:11:14:02 -0400] "GET / HTTP/1.1" 301 - "-" "Mozilla/4.0 (compatible; MSIE 7.0; Windows NT 6.0)"
220.181.108.153 - - [02/Oct/2013:12:00:33 -0400] "GET / HTTP/1.1" 301 - "-" "Mozilla/5.0 (compatible; Baiduspider/2.0; +http://www.baidu.com/search/spider.html)"
123.125.71.80 - - [02/Oct/2013:12:00:51 -0400] "GET / HTTP/1.1" 301 - "-" "Mozilla/5.0 (compatible; Baiduspider/2.0; +http://www.baidu.com/search/spider.html)"
67.222.16.252 - - [02/Oct/2013:12:48:03 -0400] "POST /index.php HTTP/1.1" 404 - "-" "-"
66.249.75.13 - - [02/Oct/2013:12:48:02 -0400] "GET /perform-detailed-search.html HTTP/1.1" 200 4809 "-" "Mozilla/5.0 (compatible; Googlebot/2.1; +http://www.google.com/bot.html)"
67.222.16.252 - - [02/Oct/2013:12:57:38 -0400] "POST /index.php HTTP/1.1" 404 - "-" "-"
5.164.110.41 - - [02/Oct/2013:12:57:38 -0400] "GET / HTTP/1.1" 200 6826 "http://yandex.ru/yandsearch?text=www.powerliquidators.com&lr=213" "Mozilla/4.0 (compatible; MSIE 6.0; Windows NT 5.1; SV1)"
5.164.110.41 - - [02/Oct/2013:12:57:39 -0400] "GET /modules/mod_redmysticcore/css/style.css HTTP/1.1" 200 1535 "http://www.powerliquidators.com/" "Mozilla/4.0 (compatible; MSIE 6.0; Windows NT 5.1; SV1)"
5.164.110.41 - - [02/Oct/2013:12:57:39 -0400] "GET /templates/hot_relief/css/template_css.css HTTP/1.1" 200 8556 "http://www.powerliquidators.com/" "Mozilla/4.0 (compatible; MSIE 6.0; Windows NT 5.1; SV1)"
5.164.110.41 - - [02/Oct/2013:12:57:39 -0400] "GET /components/com_virtuemart/fetchscript.php?gzip=1&subdir[0]=/themes/vmj_naru&file[0]=theme.css&subdir[1]=/js/mootools&file[1]=mooPrompt.css HTTP/1.1" 200 4995 "http://www.powerliquidators.com/" "Mozilla/4.0 (compatible; MSIE 6.0; Windows NT 5.1; SV1)"
5.164.110.41 - - [02/Oct/2013:12:57:40 -0400] "GET /templates/hot_relief/css/layout.css HTTP/1.1" 200 2211 "http://www.powerliquidators.com/" "Mozilla/4.0 (compatible; MSIE 6.0; Windows NT 5.1; SV1)"
5.164.110.41 - - [02/Oct/2013:12:57:39 -0400] "GET /components/com_virtuemart/fetchscript.php?gzip=1&subdir[0]=/themes/vmj_naru&file[0]=theme.js&subdir[1]=/js&file[1]=sleight.js&subdir[2]=/js/mootools&file[2]=mootools-release-1.11.js&subdir[3]=/js/mootools&file[3]=mooPrompt.js HTTP/1.1" 200 23711 "http://www.powerliquidators.com/" "Mozilla/4.0 (compatible; MSIE 6.0; Windows NT 5.1; SV1)"
5.164.110.41 - - [02/Oct/2013:12:57:40 -0400] "GET /components/com_virtuemart/shop_image/category/resized/Power_Management_4f5eb90eb14d3_90x90.jpg HTTP/1.1" 200 7088 "http://www.powerliquidators.com/" "Mozilla/4.0 (compatible; MSIE 6.0; Windows NT 5.1; SV1)"
5.164.110.41 - - [02/Oct/2013:12:57:41 -0400] "GET /components/com_virtuemart/themes/vmj_naru/images/noimage.gif HTTP/1.1" 200 4400 "http://www.powerliquidators.com/" "Mozilla/4.0 (compatible; MSIE 6.0; Windows NT 5.1; SV1)"
5.164.110.41 - - [02/Oct/2013:12:57:40 -0400] "GET /templates/hot_relief/images/logo.png HTTP/1.1" 200 21289 "http://www.powerliquidators.com/" "Mozilla/4.0 (compatible; MSIE 6.0; Windows NT 5.1; SV1)"
5.164.110.41 - - [02/Oct/2013:12:57:41 -0400] "GET /components/com_virtuemart/shop_image/product/resized/3COM_3C16857_Swi_4f788e8fda745_90x90.jpg HTTP/1.1" 200 6673 "http://www.powerliquidators.com/" "Mozilla/4.0 (compatible; MSIE 6.0; Windows NT 5.1; SV1)"
5.164.110.41 - - [02/Oct/2013:12:57:41 -0400] "GET /components/com_virtuemart/shop_image/product/resized/APC_AP7998_Switc_4f45c5ad98ccc_90x90.jpg HTTP/1.1" 200 1919 "http://www.powerliquidators.com/" "Mozilla/4.0 (compatible; MSIE 6.0; Windows NT 5.1; SV1)"
5.164.110.41 - - [02/Oct/2013:12:57:40 -0400] "GET /templates/hot_relief/js/jquery.min.js HTTP/1.1" 200 84362 "http://www.powerliquidators.com/" "Mozilla/4.0 (compatible; MSIE 6.0; Windows NT 5.1; SV1)"
5.164.110.41 - - [02/Oct/2013:12:57:43 -0400] "GET /components/com_virtuemart/shop_image/product/resized/HP_Compaq_3000_X_4f790edd7522f_90x90.jpg HTTP/1.1" 200 4123 "http://www.powerliquidators.com/" "Mozilla/4.0 (compatible; MSIE 6.0; Windows NT 5.1; SV1)"
5.164.110.41 - - [02/Oct/2013:12:57:43 -0400] "GET /components/com_virtuemart/shop_image/product/resized/Smart_UPS_750_4f2dff422795b_90x90.jpg HTTP/1.1" 200 6123 "http://www.powerliquidators.com/" "Mozilla/4.0 (compatible; MSIE 6.0; Windows NT 5.1; SV1)"
5.164.110.41 - - [02/Oct/2013:12:57:43 -0400] "GET /components/com_virtuemart/shop_image/product/resized/APC_AP7893_Meter_4f45c0fec9ece_90x90.jpg HTTP/1.1" 200 2462 "http://www.powerliquidators.com/" "Mozilla/4.0 (compatible; MSIE 6.0; Windows NT 5.1; SV1)"
5.164.110.41 - - [02/Oct/2013:12:57:43 -0400] "GET /components/com_virtuemart/shop_image/product/resized/APC_AP7862_Meter_4f45c3aaef9b5_90x90.jpg HTTP/1.1" 200 2266 "http://www.powerliquidators.com/" "Mozilla/4.0 (compatible; MSIE 6.0; Windows NT 5.1; SV1)"
5.164.110.41 - - [02/Oct/2013:12:57:43 -0400] "GET /templates/hot_relief/images/bg_gradient.png HTTP/1.1" 200 258 "http://www.powerliquidators.com/" "Mozilla/4.0 (compatible; MSIE 6.0; Windows NT 5.1; SV1)"
5.164.110.41 - - [02/Oct/2013:12:57:43 -0400] "GET /components/com_virtuemart/fetchscript.php?gzip=1&subdir[0]=/js&file[0]=wz_tooltip.js HTTP/1.1" 200 12554 "http://www.powerliquidators.com/" "Mozilla/4.0 (compatible; MSIE 6.0; Windows NT 5.1; SV1)"
5.164.110.41 - - [02/Oct/2013:12:57:43 -0400] "GET /templates/hot_relief/images/arrow.gif HTTP/1.1" 200 823 "http://www.powerliquidators.com/" "Mozilla/4.0 (compatible; MSIE 6.0; Windows NT 5.1; SV1)"
5.164.110.41 - - [02/Oct/2013:12:57:43 -0400] "GET /components/com_virtuemart/themes/vmj_naru/images/add_to_cart_browse.png HTTP/1.1" 200 721 "http://www.powerliquidators.com/" "Mozilla/4.0 (compatible; MSIE 6.0; Windows NT 5.1; SV1)"
5.164.110.41 - - [02/Oct/2013:12:57:43 -0400] "GET /templates/hot_relief/images/shadow.png HTTP/1.1" 200 125 "http://www.powerliquidators.com/" "Mozilla/4.0 (compatible; MSIE 6.0; Windows NT 5.1; SV1)"
5.164.110.41 - - [02/Oct/2013:12:57:44 -0400] "GET /components/com_virtuemart/themes/vmj_naru/images/top_bar_browse_l.png HTTP/1.1" 200 450 "http://www.powerliquidators.com/" "Mozilla/4.0 (compatible; MSIE 6.0; Windows NT 5.1; SV1)"
5.164.110.41 - - [02/Oct/2013:12:57:44 -0400] "GET /components/com_virtuemart/themes/vmj_naru/images/top_bar_browse.png HTTP/1.1" 200 1680 "http://www.powerliquidators.com/" "Mozilla/4.0 (compatible; MSIE 6.0; Windows NT 5.1; SV1)"
5.164.110.41 - - [02/Oct/2013:12:57:44 -0400] "GET /components/com_virtuemart/themes/vmj_naru/images/product_details_browse.png HTTP/1.1" 200 786 "http://www.powerliquidators.com/" "Mozilla/4.0 (compatible; MSIE 6.0; Windows NT 5.1; SV1)"
5.164.110.41 - - [02/Oct/2013:12:57:44 -0400] "GET /components/com_virtuemart/themes/vmj_naru/images/down_small.gif HTTP/1.1" 200 46 "http://www.powerliquidators.com/" "Mozilla/4.0 (compatible; MSIE 6.0; Windows NT 5.1; SV1)"
5.164.110.41 - - [02/Oct/2013:12:57:44 -0400] "GET /components/com_virtuemart/themes/vmj_naru/images/up_small.gif HTTP/1.1" 200 46 "http://www.powerliquidators.com/" "Mozilla/4.0 (compatible; MSIE 6.0; Windows NT 5.1; SV1)"
67.222.16.252 - - [02/Oct/2013:13:12:56 -0400] "POST /index.php HTTP/1.1" 404 - "-" "-"
123.125.71.71 - - [02/Oct/2013:13:12:56 -0400] "GET / HTTP/1.1" 200 40279 "-" "Mozilla/5.0 (compatible; Baiduspider/2.0; +http://www.baidu.com/search/spider.html)"
67.222.16.252 - - [02/Oct/2013:13:14:28 -0400] "POST /index.php HTTP/1.1" 404 - "-" "-"
220.181.108.184 - - [02/Oct/2013:13:14:28 -0400] "GET / HTTP/1.1" 200 40278 "-" "Mozilla/5.0 (compatible; Baiduspider/2.0; +http://www.baidu.com/search/spider.html)"
202.46.55.30 - - [02/Oct/2013:13:18:24 -0400] "GET / HTTP/1.1" 301 - "-" "Mozilla/4.0 (compatible; MSIE 7.0; Windows NT 6.0)"
67.222.16.252 - - [02/Oct/2013:13:46:09 -0400] "POST /index.php HTTP/1.1" 404 - "-" "-"
66.249.75.13 - - [02/Oct/2013:13:46:07 -0400] "GET /power-management/apc-ap7862-metered-rack-pdu-208v-ac-42-x-nema-l5-20r-5.7kw/vmj_naru.tpl.html HTTP/1.1" 200 12681 "-" "Mozilla/5.0 (compatible; Googlebot/2.1; +http://www.google.com/bot.html)"
67.222.16.252 - - [02/Oct/2013:13:57:59 -0400] "POST /index.php HTTP/1.1" 404 - "-" "-"
180.76.6.28 - - [02/Oct/2013:13:57:58 -0400] "GET /power-management/apc-ap7862-metered-rack-pdu-208v-ac-42-x-nema-l5-20r-5.7kw/vmj_naru.tpl.html?pop=0 HTTP/1.1" 200 12702 "-" "Mozilla/5.0 (compatible; Baiduspider/2.0; +http://www.baidu.com/search/spider.html)"
157.55.33.25 - - [02/Oct/2013:14:02:03 -0400] "GET /robots.txt HTTP/1.1" 200 304 "-" "Mozilla/5.0 (compatible; bingbot/2.0; +http://www.bing.com/bingbot.htm)"
67.222.16.252 - - [02/Oct/2013:14:03:11 -0400] "POST /index.php HTTP/1.1" 404 - "-" "-"
157.55.33.25 - - [02/Oct/2013:14:03:09 -0400] "GET / HTTP/1.1" 200 6807 "-" "Mozilla/5.0 (compatible; bingbot/2.0; +http://www.bing.com/bingbot.htm)"
67.222.16.252 - - [02/Oct/2013:14:12:59 -0400] "POST /index.php HTTP/1.1" 404 - "-" "-"
180.76.5.170 - - [02/Oct/2013:14:12:58 -0400] "GET /view-all-products-in-shop.html HTTP/1.1" 200 10410 "-" "Mozilla/5.0 (compatible; Baiduspider/2.0; +http://www.baidu.com/search/spider.html)"
123.125.71.72 - - [02/Oct/2013:14:14:46 -0400] "GET / HTTP/1.1" 301 - "-" "Mozilla/5.0 (compatible; Baiduspider/2.0; +http://www.baidu.com/search/spider.html)"
65.36.241.79 - - [02/Oct/2013:14:17:02 -0400] "HEAD / HTTP/1.1" 301 - "-" "InternetSeer.com"
220.181.108.158 - - [02/Oct/2013:14:20:46 -0400] "GET / HTTP/1.1" 301 - "-" "Mozilla/5.0 (compatible; Baiduspider/2.0; +http://www.baidu.com/search/spider.html)"
67.222.16.252 - - [02/Oct/2013:14:37:10 -0400] "POST /index.php HTTP/1.1" 404 - "-" "-"
66.249.75.13 - - [02/Oct/2013:14:37:09 -0400] "GET /power-management/hp/compaq-3000-xr-3000va-rack-mountable-ups/vmj_naru.tpl.html?pop=0 HTTP/1.1" 200 7694 "-" "Mozilla/5.0 (compatible; Googlebot/2.1; +http://www.google.com/bot.html)"
199.21.99.121 - - [02/Oct/2013:15:02:07 -0400] "GET /robots.txt HTTP/1.1" 200 304 "-" "Mozilla/5.0 (compatible; YandexBot/3.0; +http://yandex.com/bots)"
123.125.71.73 - - [02/Oct/2013:15:10:03 -0400] "GET / HTTP/1.1" 301 - "-" "Mozilla/5.0 (compatible; Baiduspider/2.0; +http://www.baidu.com/search/spider.html)"
220.181.108.146 - - [02/Oct/2013:15:11:44 -0400] "GET / HTTP/1.1" 301 - "-" "Mozilla/5.0 (compatible; Baiduspider/2.0; +http://www.baidu.com/search/spider.html)"
157.55.33.25 - - [02/Oct/2013:15:25:34 -0400] "GET /robots.txt HTTP/1.1" 200 304 "-" "Mozilla/5.0 (compatible; bingbot/2.0; +http://www.bing.com/bingbot.htm)"
67.222.16.252 - - [02/Oct/2013:15:26:02 -0400] "POST /index.php HTTP/1.1" 404 - "-" "-"
67.222.16.252 - - [02/Oct/2013:15:26:02 -0400] "POST /index.php HTTP/1.1" 404 - "-" "-"
67.222.16.252 - - [02/Oct/2013:15:26:02 -0400] "POST /index.php HTTP/1.1" 404 - "-" "-"
67.222.16.252 - - [02/Oct/2013:15:26:02 -0400] "POST /index.php HTTP/1.1" 404 - "-" "-"
67.222.16.252 - - [02/Oct/2013:15:26:02 -0400] "POST /index.php HTTP/1.1" 404 - "-" "-"
69.175.54.2 - - [02/Oct/2013:15:25:55 -0400] "GET /tripp-lite/view-all-products.html//administrator/components/com_redmystic/chart/ofc-library/ofc_upload_image.php HTTP/1.1" 404 16449 "-" "Mozilla/4.0 (compatible; MSIE 7.0; America Online Browser 1.1; Windows NT 5.1; (R1 1.5); .NET CLR 2.0.50727; InfoPath.1)"
69.175.54.2 - - [02/Oct/2013:15:25:55 -0400] "GET /contact-us/sales-manager.html//administrator/components/com_redmystic/chart/ofc-library/ofc_upload_image.php HTTP/1.1" 404 16859 "-" "Mozilla/4.0 (compatible; MSIE 7.0; America Online Browser 1.1; Windows NT 5.1; (R1 1.5); .NET CLR 2.0.50727; InfoPath.1)"
69.175.54.2 - - [02/Oct/2013:15:25:55 -0400] "GET /tripp-lite//administrator/components/com_redmystic/chart/ofc-library/ofc_upload_image.php HTTP/1.1" 404 16891 "-" "Mozilla/4.0 (compatible; MSIE 7.0; America Online Browser 1.1; Windows NT 5.1; (R1 1.5); .NET CLR 2.0.50727; InfoPath.1)"
69.175.54.2 - - [02/Oct/2013:15:25:55 -0400] "GET //administrator/components/com_redmystic/chart/ofc-library/ofc_upload_image.php HTTP/1.1" 404 16942 "-" "Mozilla/4.0 (compatible; MSIE 7.0; America Online Browser 1.1; Windows NT 5.1; (R1 1.5); .NET CLR 2.0.50727; InfoPath.1)"
